
================================================================
         Multi-QPU Mapping by Ajou University QCSS Lab          
================================================================
Gate(    0)	cx q[4], q[0]
Gate(    1)	 h q[0]
Gate(    2)	 t q[1]
Gate(    3)	 t q[4]
Gate(    4)	 t q[0]
Gate(    5)	cx q[4], q[1]
Gate(    6)	cx q[0], q[4]
Gate(    7)	cx q[1], q[0]
Gate(    8)	tdg q[4]
Gate(    9)	cx q[1], q[4]
Gate(   10)	tdg q[1]
Gate(   11)	tdg q[4]
Gate(   12)	 t q[0]
Gate(   13)	cx q[0], q[4]
Gate(   14)	cx q[1], q[0]
Gate(   15)	cx q[4], q[1]
Gate(   16)	 h q[0]
Gate(   17)	 h q[4]
Gate(   18)	 t q[3]
Gate(   19)	 t q[2]
Gate(   20)	 t q[4]
Gate(   21)	cx q[2], q[3]
Gate(   22)	cx q[4], q[2]
Gate(   23)	cx q[3], q[4]
Gate(   24)	tdg q[2]
Gate(   25)	cx q[3], q[2]
Gate(   26)	tdg q[3]
Gate(   27)	tdg q[2]
Gate(   28)	 t q[4]
Gate(   29)	cx q[4], q[2]
Gate(   30)	cx q[3], q[4]
Gate(   31)	cx q[2], q[3]
Gate(   32)	 h q[4]
Gate(   33)	 h q[0]
Gate(   34)	 t q[1]
Gate(   35)	 t q[4]
Gate(   36)	 t q[0]
Gate(   37)	cx q[4], q[1]
Gate(   38)	cx q[0], q[4]
Gate(   39)	cx q[1], q[0]
Gate(   40)	tdg q[4]
Gate(   41)	cx q[1], q[4]
Gate(   42)	tdg q[1]
Gate(   43)	tdg q[4]
Gate(   44)	 t q[0]
Gate(   45)	cx q[0], q[4]
Gate(   46)	cx q[1], q[0]
Gate(   47)	cx q[4], q[1]
Gate(   48)	 h q[0]
Gate(   49)	 h q[4]
Gate(   50)	 t q[3]
Gate(   51)	 t q[2]
Gate(   52)	 t q[4]
Gate(   53)	cx q[2], q[3]
Gate(   54)	cx q[4], q[2]
Gate(   55)	cx q[3], q[4]
Gate(   56)	tdg q[2]
Gate(   57)	cx q[3], q[2]
Gate(   58)	tdg q[3]
Gate(   59)	tdg q[2]
Gate(   60)	 t q[4]
Gate(   61)	cx q[4], q[2]
Gate(   62)	cx q[3], q[4]
Gate(   63)	cx q[2], q[3]
Gate(   64)	 h q[4]
Gate(   65)	cx q[0], q[4]

*** Option ***
Input file  : ../example/4gt13_92.qasm
Output file : ../output/4gt13_92.qasm

Generating Multi-QPU Architecture: 4 QPUs, each with 16 qubits

Skipping complex QPU Degree Graph (Using simple Star Topology meta-info)

=== Multi-QPU Interconnect Edges ===
initial_mapping

================ Interaction Graph ================
[Nodes]
  Node 0 (weight=1): edges -> 0 2 
  Node 1 (weight=1): edges -> 1 2 
  Node 2 (weight=1): edges -> 3 4 
  Node 3 (weight=1): edges -> 3 5 
  Node 4 (weight=1): edges -> 0 1 4 5 

[Edges]
  Edge 0 : q0 -- q4  weight=51
  Edge 1 : q1 -- q4  weight=51
  Edge 2 : q0 -- q1  weight=31
  Edge 3 : q3 -- q2  weight=51
  Edge 4 : q2 -- q4  weight=31
  Edge 5 : q4 -- q3  weight=31
===================================================


[ADAPTIVE-METIS] start: nvtxs=5 edges=6 ufactor=1000 max_trials=1
Input Error: Incorrect numflag.
  [trial   0] Q=0.07405 cut=62000 perturb=0.000 sizes=[1,1,1,2]  *** BEST ***
[ADAPTIVE-METIS] DONE: best_Q=0.07405 trials=2/1 success=1
  partition sizes: [1,1,1,2] imbalance=1.60

===== InteractionGraph Subsets Complete =====

===== Building inter_Sub_edge (Cross-Sub Edges) =====

========== Cross-Subgraph Weighted Sums ==========
  Total cross-QPU weight: 215.000
  QPU0<->QPU3: 102.000
  QPU1<->QPU2: 51.000
  QPU0<->QPU1: 31.000
  QPU0<->QPU2: 31.000

===== MATCHING START =====
[MATCH] Sub0 -> QPU0
[MATCH] Sub1 -> QPU1
[MATCH] Sub2 -> QPU2
[MATCH] Sub3 -> QPU3

===== MATCHING DONE =====

===================== initial_mapping END =====================
[START] main_mapping v5
[FIDELITY] swaps=0 inter_epr=26 => F=0.015 (1%)
[END] main_mapping v5.1 SWAPs=0 inter_exec=26 fidelity=1.000%
*** Final Circuit ***
# add_2q_num: 0
# fidelity: 1.000

*** Time & Memory Measure ***
tasks                          Wtime      Ctime
PARSING                        0.001      0.001
GENERATE MULTI-QPU             0.041      0.041
INITIAL MAPPING                0.042      0.042
MAIN MAPPING                   0.042      0.042
END PROGRAM                    0.042      0.042

----------------------------------------
### VmPeak         FDSize:	64
### Memory Usage           : 7.441 MB
