
================================================================
         Multi-QPU Mapping by Ajou University QCSS Lab          
================================================================
Gate(    0)	 x q[4]
Gate(    1)	cx q[0], q[2]
Gate(    2)	cx q[1], q[3]
Gate(    3)	 h q[4]
Gate(    4)	 t q[2]
Gate(    5)	 t q[3]
Gate(    6)	 t q[4]
Gate(    7)	cx q[3], q[2]
Gate(    8)	cx q[4], q[3]
Gate(    9)	cx q[2], q[4]
Gate(   10)	tdg q[3]
Gate(   11)	cx q[2], q[3]
Gate(   12)	tdg q[2]
Gate(   13)	tdg q[3]
Gate(   14)	 t q[4]
Gate(   15)	cx q[4], q[3]
Gate(   16)	cx q[2], q[4]
Gate(   17)	cx q[3], q[2]
Gate(   18)	 h q[4]
Gate(   19)	cx q[2], q[3]
Gate(   20)	cx q[3], q[4]

*** Option ***
Input file  : ../example/4mod5-v1_22.qasm
Output file : ../output/4mod5-v1_22.qasm

Generating Multi-QPU Architecture: 4 QPUs, each with 16 qubits

Skipping complex QPU Degree Graph (Using simple Star Topology meta-info)

=== Multi-QPU Interconnect Edges ===
initial_mapping

================ Interaction Graph ================
[Nodes]
  Node 0 (weight=1): edges -> 0 
  Node 1 (weight=1): edges -> 1 
  Node 2 (weight=1): edges -> 0 2 4 
  Node 3 (weight=1): edges -> 1 2 3 
  Node 4 (weight=1): edges -> 3 4 

[Edges]
  Edge 0 : q2 -- q0  weight=1
  Edge 1 : q3 -- q1  weight=1
  Edge 2 : q2 -- q3  weight=31
  Edge 3 : q3 -- q4  weight=21
  Edge 4 : q4 -- q2  weight=11
===================================================


[ADAPTIVE-METIS] start: nvtxs=5 edges=5 ufactor=1000 max_trials=1
Input Error: Incorrect numflag.
  [trial   0] Q=-0.05196 cut=0 perturb=0.000 sizes=[1,1,1,2]  *** BEST ***
[ADAPTIVE-METIS] DONE: best_Q=-0.05196 trials=2/1 success=1
  partition sizes: [1,1,1,2] imbalance=1.60

===== InteractionGraph Subsets Complete =====

===== Building inter_Sub_edge (Cross-Sub Edges) =====

========== Cross-Subgraph Weighted Sums ==========
  Total cross-QPU weight: 65.000
  QPU1<->QPU2: 31.000
  QPU0<->QPU1: 21.000
  QPU0<->QPU2: 11.000
  QPU1<->QPU3: 1.000
  QPU2<->QPU3: 1.000

===== MATCHING START =====
[MATCH] Sub0 -> QPU0
[MATCH] Sub1 -> QPU1
[MATCH] Sub2 -> QPU2
[MATCH] Sub3 -> QPU3

===== MATCHING DONE =====

===================== initial_mapping END =====================
[START] main_mapping v5
[FIDELITY] swaps=0 inter_epr=11 => F=0.167343
[END] main_mapping v5.1 SWAPs=0 inter_exec=11 fidelity=0.167343
*** Final Circuit ***
# add_2q_num: 0
# fidelity: 0.167343

*** Time & Memory Measure ***
tasks                          Wtime      Ctime
PARSING                        0.001      0.001
GENERATE MULTI-QPU             0.041      0.041
INITIAL MAPPING                0.042      0.042
MAIN MAPPING                   0.042      0.042
END PROGRAM                    0.042      0.042

----------------------------------------
### VmPeak         FDSize:	64
### Memory Usage           : 7.429688 MB
