
================================================================
         Multi-QPU Mapping by Ajou University QCSS Lab          
================================================================
Gate(    0)	 x q[4]
Gate(    1)	cx q[0], q[2]
Gate(    2)	cx q[1], q[3]
Gate(    3)	 h q[4]
Gate(    4)	 t q[2]
Gate(    5)	 t q[3]
Gate(    6)	 t q[4]
Gate(    7)	cx q[3], q[2]
Gate(    8)	cx q[4], q[3]
Gate(    9)	cx q[2], q[4]
Gate(   10)	tdg q[3]
Gate(   11)	cx q[2], q[3]
Gate(   12)	tdg q[2]
Gate(   13)	tdg q[3]
Gate(   14)	 t q[4]
Gate(   15)	cx q[4], q[3]
Gate(   16)	cx q[2], q[4]
Gate(   17)	cx q[3], q[2]
Gate(   18)	 h q[4]
Gate(   19)	cx q[2], q[3]
Gate(   20)	cx q[3], q[4]

*** Option ***
Input file  : ../example/4mod5-v1_22.qasm
Output file : ../output/4mod5-v1_22.qasm

Generating Multi-QPU Architecture: 3 QPUs, each with 9 qubits

Building QPU Degree Graph

=== Original degree_info (stored in Graph) ===
QPU 0  Degree = 1
QPU 1  Degree = 2
QPU 2  Degree = 1

=== degree_queue (FIFO, stored in Graph) ===
QPU 1  Degree = 2
QPU 0  Degree = 1
QPU 2  Degree = 1
initial_mapping

================ Interaction Graph ================
[Nodes]
  Node 0 (weight=1): edges -> 0 
  Node 1 (weight=1): edges -> 1 
  Node 2 (weight=1): edges -> 0 2 4 
  Node 3 (weight=1): edges -> 1 2 3 
  Node 4 (weight=1): edges -> 3 4 

[Edges]
  Edge 0 : q2 -- q0  weight=1
  Edge 1 : q3 -- q1  weight=1
  Edge 2 : q2 -- q3  weight=31
  Edge 3 : q3 -- q4  weight=21
  Edge 4 : q4 -- q2  weight=11
===================================================


[METIS] Partitioning complete
Total Sum of Weight: 0
Node  0 → Part 1
Node  1 → Part 1
Node  2 → Part 1
Node  3 → Part 1
Node  4 → Part 1

===== InteractionGraph Subsets Complete =====
[Subset 0]
Nodes: 0  Edges: 0

[Subset 1]
Nodes: 5  Edges: 5

[Subset 2]
Nodes: 0  Edges: 0


===== Building inter_Sub_edge (Cross-Sub Edges) =====
Total inter-Subgraph edges: 0

===== inter_Subgraph Content =====
===================================

========== Cross-QPU Weighted Edge Matrix ==========
        Sub0   Sub1   Sub2 
Sub0        0        0        0 
Sub1        0        0        0 
Sub2        0        0        0 

========== Cross-Subgraph Weighted Sums (Sorted) ==========
Sub0 - Sub1 : 0 Total weight
Sub0 - Sub2 : 0 Total weight
Sub1 - Sub2 : 0 Total weight

===== MATCHING START =====
[MATCH] Sub0 (sumWeight=0) -> QPU1
[MATCH] Sub1 (sumWeight=0) -> QPU0
[MATCH] Sub2 (sumWeight=0) -> QPU2

===== MATCHING DONE =====
Sub0 → QPU1
Sub1 → QPU0
Sub2 → QPU2

-------------------------------------------------------------
[Subgraph 0 → QPU 1]
(empty subgraph)

-------------------------------------------------------------
[Subgraph 1 → QPU 0]
Global logical node IDs: 0 1 2 3 4 
Logical center: 2
Physical center (QPU 0): 4
[MAP]
 logical 2  →  physical 4
 logical 3  →  physical 5
 logical 4  →  physical 1
 logical 0  →  physical 3
 logical 1  →  physical 7

-------------------------------------------------------------
[Subgraph 2 → QPU 2]
(empty subgraph)

===================== initial_mapping END =====================
main_mapping
*** Final Circuit ***
# add_2q_num: 0
# fidelity: 0

*** Time & Memory Measure ***
tasks                          Wtime      Ctime
PARSING                        0.001      0.001
GENERATE MULTI-QPU             0.001      0.001
INITIAL MAPPING                0.001      0.001
MAIN MAPPING                   0.001      0.001
END PROGRAM                    0.001      0.001

----------------------------------------
### VmPeak         FDSize:	64
### Memory Usage           : 7.16016 MB
