
================================================================
         Multi-QPU Mapping by Ajou University QCSS Lab          
================================================================
Gate(    0)	cx q[1], q[3]
Gate(    1)	 x q[3]
Gate(    2)	 h q[4]
Gate(    3)	 t q[3]
Gate(    4)	 t q[0]
Gate(    5)	 t q[4]
Gate(    6)	cx q[0], q[3]
Gate(    7)	cx q[4], q[0]
Gate(    8)	cx q[3], q[4]
Gate(    9)	tdg q[0]
Gate(   10)	cx q[3], q[0]
Gate(   11)	tdg q[3]
Gate(   12)	tdg q[0]
Gate(   13)	 t q[4]
Gate(   14)	cx q[4], q[0]
Gate(   15)	cx q[3], q[4]
Gate(   16)	cx q[0], q[3]
Gate(   17)	 h q[4]
Gate(   18)	 h q[4]
Gate(   19)	 t q[3]
Gate(   20)	 t q[2]
Gate(   21)	 t q[4]
Gate(   22)	cx q[2], q[3]
Gate(   23)	cx q[4], q[2]
Gate(   24)	cx q[3], q[4]
Gate(   25)	tdg q[2]
Gate(   26)	cx q[3], q[2]
Gate(   27)	tdg q[3]
Gate(   28)	tdg q[2]
Gate(   29)	 t q[4]
Gate(   30)	cx q[4], q[2]
Gate(   31)	cx q[3], q[4]
Gate(   32)	cx q[2], q[3]
Gate(   33)	 h q[4]
Gate(   34)	cx q[3], q[4]

*** Option ***
Input file  : ../example/mod5mils_65.qasm
Output file : ../output/mod5mils_65.qasm

Generating Multi-QPU Architecture: 3 QPUs, each with 9 qubits

Skipping complex QPU Degree Graph (Using simple Star Topology meta-info)

=== Multi-QPU Interconnect Edges ===
initial_mapping

================ Interaction Graph ================
[Nodes]
  Node 0 (weight=1): edges -> 1 2 
  Node 1 (weight=1): edges -> 0 
  Node 2 (weight=1): edges -> 4 5 
  Node 3 (weight=1): edges -> 0 1 3 4 
  Node 4 (weight=1): edges -> 2 3 5 

[Edges]
  Edge 0 : q3 -- q1  weight=1
  Edge 1 : q3 -- q0  weight=21
  Edge 2 : q0 -- q4  weight=11
  Edge 3 : q4 -- q3  weight=41
  Edge 4 : q3 -- q2  weight=21
  Edge 5 : q2 -- q4  weight=11
===================================================


[METIS] Partitioning complete
Total Sum of Weight: 0

===== InteractionGraph Subsets Complete =====

===== Building inter_Sub_edge (Cross-Sub Edges) =====

========== Cross-Subgraph Weighted Sums (Sorted) ==========

===== MATCHING START =====
[MATCH] Sub0 -> QPU0
[MATCH] Sub1 -> QPU1
[MATCH] Sub2 -> QPU2

===== MATCHING DONE =====

===================== initial_mapping END =====================
[START] main_mapping - 빈 칸 활용 및 고립 방지 통합 버전
[END] main_mapping 완료. 추가된 SWAP 개수: 0
*** Final Circuit ***
# add_2q_num: 0
# fidelity: 0

*** Time & Memory Measure ***
tasks                          Wtime      Ctime
PARSING                        0.001      0.001
GENERATE MULTI-QPU             0.004      0.004
INITIAL MAPPING                0.004      0.004
MAIN MAPPING                   0.004      0.004
END PROGRAM                    0.004      0.004

----------------------------------------
### VmPeak         FDSize:	64
### Memory Usage           : 7.20703 MB
