
================================================================
         Multi-QPU Mapping by Ajou University QCSS Lab          
================================================================
Gate(    0)	 h q[2]
Gate(    1)	 t q[8]
Gate(    2)	 t q[10]
Gate(    3)	 t q[2]
Gate(    4)	cx q[10], q[8]
Gate(    5)	cx q[2], q[10]
Gate(    6)	cx q[8], q[2]
Gate(    7)	tdg q[10]
Gate(    8)	cx q[8], q[10]
Gate(    9)	tdg q[8]
Gate(   10)	tdg q[10]
Gate(   11)	 t q[2]
Gate(   12)	cx q[2], q[10]
Gate(   13)	cx q[8], q[2]
Gate(   14)	cx q[10], q[8]
Gate(   15)	 h q[2]
Gate(   16)	 h q[10]
Gate(   17)	 t q[12]
Gate(   18)	 t q[11]
Gate(   19)	 t q[10]
Gate(   20)	cx q[11], q[12]
Gate(   21)	cx q[10], q[11]
Gate(   22)	cx q[12], q[10]
Gate(   23)	tdg q[11]
Gate(   24)	cx q[12], q[11]
Gate(   25)	tdg q[12]
Gate(   26)	tdg q[11]
Gate(   27)	 t q[10]
Gate(   28)	cx q[10], q[11]
Gate(   29)	cx q[12], q[10]
Gate(   30)	cx q[11], q[12]
Gate(   31)	 h q[10]
Gate(   32)	 h q[2]
Gate(   33)	 t q[8]
Gate(   34)	 t q[10]
Gate(   35)	 t q[2]
Gate(   36)	cx q[10], q[8]
Gate(   37)	cx q[2], q[10]
Gate(   38)	cx q[8], q[2]
Gate(   39)	tdg q[10]
Gate(   40)	cx q[8], q[10]
Gate(   41)	tdg q[8]
Gate(   42)	tdg q[10]
Gate(   43)	 t q[2]
Gate(   44)	cx q[2], q[10]
Gate(   45)	cx q[8], q[2]
Gate(   46)	cx q[10], q[8]
Gate(   47)	 h q[2]
Gate(   48)	 h q[10]
Gate(   49)	 t q[12]
Gate(   50)	 t q[11]
Gate(   51)	 t q[10]
Gate(   52)	cx q[11], q[12]
Gate(   53)	cx q[10], q[11]
Gate(   54)	cx q[12], q[10]
Gate(   55)	tdg q[11]
Gate(   56)	cx q[12], q[11]
Gate(   57)	tdg q[12]
Gate(   58)	tdg q[11]
Gate(   59)	 t q[10]
Gate(   60)	cx q[10], q[11]
Gate(   61)	cx q[12], q[10]
Gate(   62)	cx q[11], q[12]
Gate(   63)	 h q[10]
Gate(   64)	 h q[1]
Gate(   65)	 t q[7]
Gate(   66)	 t q[12]
Gate(   67)	 t q[1]
Gate(   68)	cx q[12], q[7]
Gate(   69)	cx q[1], q[12]
Gate(   70)	cx q[7], q[1]
Gate(   71)	tdg q[12]
Gate(   72)	cx q[7], q[12]
Gate(   73)	tdg q[7]
Gate(   74)	tdg q[12]
Gate(   75)	 t q[1]
Gate(   76)	cx q[1], q[12]
Gate(   77)	cx q[7], q[1]
Gate(   78)	cx q[12], q[7]
Gate(   79)	 h q[1]
Gate(   80)	 h q[12]
Gate(   81)	 t q[11]
Gate(   82)	 t q[10]
Gate(   83)	 t q[12]
Gate(   84)	cx q[10], q[11]
Gate(   85)	cx q[12], q[10]
Gate(   86)	cx q[11], q[12]
Gate(   87)	tdg q[10]
Gate(   88)	cx q[11], q[10]
Gate(   89)	tdg q[11]
Gate(   90)	tdg q[10]
Gate(   91)	 t q[12]
Gate(   92)	cx q[12], q[10]
Gate(   93)	cx q[11], q[12]
Gate(   94)	cx q[10], q[11]
Gate(   95)	 h q[12]
Gate(   96)	 h q[1]
Gate(   97)	 t q[7]
Gate(   98)	 t q[12]
Gate(   99)	 t q[1]
Gate(  100)	cx q[12], q[7]
Gate(  101)	cx q[1], q[12]
Gate(  102)	cx q[7], q[1]
Gate(  103)	tdg q[12]
Gate(  104)	cx q[7], q[12]
Gate(  105)	tdg q[7]
Gate(  106)	tdg q[12]
Gate(  107)	 t q[1]
Gate(  108)	cx q[1], q[12]
Gate(  109)	cx q[7], q[1]
Gate(  110)	cx q[12], q[7]
Gate(  111)	 h q[1]
Gate(  112)	 h q[12]
Gate(  113)	 t q[11]
Gate(  114)	 t q[10]
Gate(  115)	 t q[12]
Gate(  116)	cx q[10], q[11]
Gate(  117)	cx q[12], q[10]
Gate(  118)	cx q[11], q[12]
Gate(  119)	tdg q[10]
Gate(  120)	cx q[11], q[10]
Gate(  121)	tdg q[11]
Gate(  122)	tdg q[10]
Gate(  123)	 t q[12]
Gate(  124)	cx q[12], q[10]
Gate(  125)	cx q[11], q[12]
Gate(  126)	cx q[10], q[11]
Gate(  127)	 h q[12]
Gate(  128)	 h q[3]
Gate(  129)	 t q[11]
Gate(  130)	 t q[7]
Gate(  131)	 t q[3]
Gate(  132)	cx q[7], q[11]
Gate(  133)	cx q[3], q[7]
Gate(  134)	cx q[11], q[3]
Gate(  135)	tdg q[7]
Gate(  136)	cx q[11], q[7]
Gate(  137)	tdg q[11]
Gate(  138)	tdg q[7]
Gate(  139)	 t q[3]
Gate(  140)	cx q[3], q[7]
Gate(  141)	cx q[11], q[3]
Gate(  142)	cx q[7], q[11]
Gate(  143)	 h q[3]
Gate(  144)	 h q[2]
Gate(  145)	 t q[11]
Gate(  146)	 t q[7]
Gate(  147)	 t q[2]
Gate(  148)	cx q[7], q[11]
Gate(  149)	cx q[2], q[7]
Gate(  150)	cx q[11], q[2]
Gate(  151)	tdg q[7]
Gate(  152)	cx q[11], q[7]
Gate(  153)	tdg q[11]
Gate(  154)	tdg q[7]
Gate(  155)	 t q[2]
Gate(  156)	cx q[2], q[7]
Gate(  157)	cx q[11], q[2]
Gate(  158)	cx q[7], q[11]
Gate(  159)	 h q[2]
Gate(  160)	 h q[2]
Gate(  161)	 t q[10]
Gate(  162)	 t q[6]
Gate(  163)	 t q[2]
Gate(  164)	cx q[6], q[10]
Gate(  165)	cx q[2], q[6]
Gate(  166)	cx q[10], q[2]
Gate(  167)	tdg q[6]
Gate(  168)	cx q[10], q[6]
Gate(  169)	tdg q[10]
Gate(  170)	tdg q[6]
Gate(  171)	 t q[2]
Gate(  172)	cx q[2], q[6]
Gate(  173)	cx q[10], q[2]
Gate(  174)	cx q[6], q[10]
Gate(  175)	 h q[2]
Gate(  176)	 h q[1]
Gate(  177)	 t q[10]
Gate(  178)	 t q[6]
Gate(  179)	 t q[1]
Gate(  180)	cx q[6], q[10]
Gate(  181)	cx q[1], q[6]
Gate(  182)	cx q[10], q[1]
Gate(  183)	tdg q[6]
Gate(  184)	cx q[10], q[6]
Gate(  185)	tdg q[10]
Gate(  186)	tdg q[6]
Gate(  187)	 t q[1]
Gate(  188)	cx q[1], q[6]
Gate(  189)	cx q[10], q[1]
Gate(  190)	cx q[6], q[10]
Gate(  191)	 h q[1]
Gate(  192)	 h q[0]
Gate(  193)	 t q[6]
Gate(  194)	 t q[12]
Gate(  195)	 t q[0]
Gate(  196)	cx q[12], q[6]
Gate(  197)	cx q[0], q[12]
Gate(  198)	cx q[6], q[0]
Gate(  199)	tdg q[12]
Gate(  200)	cx q[6], q[12]
Gate(  201)	tdg q[6]
Gate(  202)	tdg q[12]
Gate(  203)	 t q[0]
Gate(  204)	cx q[0], q[12]
Gate(  205)	cx q[6], q[0]
Gate(  206)	cx q[12], q[6]
Gate(  207)	 h q[0]
Gate(  208)	 h q[12]
Gate(  209)	 t q[10]
Gate(  210)	 t q[9]
Gate(  211)	 t q[12]
Gate(  212)	cx q[9], q[10]
Gate(  213)	cx q[12], q[9]
Gate(  214)	cx q[10], q[12]
Gate(  215)	tdg q[9]
Gate(  216)	cx q[10], q[9]
Gate(  217)	tdg q[10]
Gate(  218)	tdg q[9]
Gate(  219)	 t q[12]
Gate(  220)	cx q[12], q[9]
Gate(  221)	cx q[10], q[12]
Gate(  222)	cx q[9], q[10]
Gate(  223)	 h q[12]
Gate(  224)	 h q[0]
Gate(  225)	 t q[6]
Gate(  226)	 t q[12]
Gate(  227)	 t q[0]
Gate(  228)	cx q[12], q[6]
Gate(  229)	cx q[0], q[12]
Gate(  230)	cx q[6], q[0]
Gate(  231)	tdg q[12]
Gate(  232)	cx q[6], q[12]
Gate(  233)	tdg q[6]
Gate(  234)	tdg q[12]
Gate(  235)	 t q[0]
Gate(  236)	cx q[0], q[12]
Gate(  237)	cx q[6], q[0]
Gate(  238)	cx q[12], q[6]
Gate(  239)	 h q[0]
Gate(  240)	 h q[12]
Gate(  241)	 t q[10]
Gate(  242)	 t q[9]
Gate(  243)	 t q[12]
Gate(  244)	cx q[9], q[10]
Gate(  245)	cx q[12], q[9]
Gate(  246)	cx q[10], q[12]
Gate(  247)	tdg q[9]
Gate(  248)	cx q[10], q[9]
Gate(  249)	tdg q[10]
Gate(  250)	tdg q[9]
Gate(  251)	 t q[12]
Gate(  252)	cx q[12], q[9]
Gate(  253)	cx q[10], q[12]
Gate(  254)	cx q[9], q[10]
Gate(  255)	 h q[12]
Gate(  256)	 h q[1]
Gate(  257)	 t q[9]
Gate(  258)	 t q[5]
Gate(  259)	 t q[1]
Gate(  260)	cx q[5], q[9]
Gate(  261)	cx q[1], q[5]
Gate(  262)	cx q[9], q[1]
Gate(  263)	tdg q[5]
Gate(  264)	cx q[9], q[5]
Gate(  265)	tdg q[9]
Gate(  266)	tdg q[5]
Gate(  267)	 t q[1]
Gate(  268)	cx q[1], q[5]
Gate(  269)	cx q[9], q[1]
Gate(  270)	cx q[5], q[9]
Gate(  271)	 h q[1]
Gate(  272)	 h q[0]
Gate(  273)	 t q[9]
Gate(  274)	 t q[5]
Gate(  275)	 t q[0]
Gate(  276)	cx q[5], q[9]
Gate(  277)	cx q[0], q[5]
Gate(  278)	cx q[9], q[0]
Gate(  279)	tdg q[5]
Gate(  280)	cx q[9], q[5]
Gate(  281)	tdg q[9]
Gate(  282)	tdg q[5]
Gate(  283)	 t q[0]
Gate(  284)	cx q[0], q[5]
Gate(  285)	cx q[9], q[0]
Gate(  286)	cx q[5], q[9]
Gate(  287)	 h q[0]
Gate(  288)	 h q[0]
Gate(  289)	 t q[5]
Gate(  290)	 t q[12]
Gate(  291)	 t q[0]
Gate(  292)	cx q[12], q[5]
Gate(  293)	cx q[0], q[12]
Gate(  294)	cx q[5], q[0]
Gate(  295)	tdg q[12]
Gate(  296)	cx q[5], q[12]
Gate(  297)	tdg q[5]
Gate(  298)	tdg q[12]
Gate(  299)	 t q[0]
Gate(  300)	cx q[0], q[12]
Gate(  301)	cx q[5], q[0]
Gate(  302)	cx q[12], q[5]
Gate(  303)	 h q[0]
Gate(  304)	 h q[12]
Gate(  305)	 t q[10]
Gate(  306)	 t q[6]
Gate(  307)	 t q[12]
Gate(  308)	cx q[6], q[10]
Gate(  309)	cx q[12], q[6]
Gate(  310)	cx q[10], q[12]
Gate(  311)	tdg q[6]
Gate(  312)	cx q[10], q[6]
Gate(  313)	tdg q[10]
Gate(  314)	tdg q[6]
Gate(  315)	 t q[12]
Gate(  316)	cx q[12], q[6]
Gate(  317)	cx q[10], q[12]
Gate(  318)	cx q[6], q[10]
Gate(  319)	 h q[12]
Gate(  320)	 h q[0]
Gate(  321)	 t q[5]
Gate(  322)	 t q[12]
Gate(  323)	 t q[0]
Gate(  324)	cx q[12], q[5]
Gate(  325)	cx q[0], q[12]
Gate(  326)	cx q[5], q[0]
Gate(  327)	tdg q[12]
Gate(  328)	cx q[5], q[12]
Gate(  329)	tdg q[5]
Gate(  330)	tdg q[12]
Gate(  331)	 t q[0]
Gate(  332)	cx q[0], q[12]
Gate(  333)	cx q[5], q[0]
Gate(  334)	cx q[12], q[5]
Gate(  335)	 h q[0]
Gate(  336)	 h q[12]
Gate(  337)	 t q[10]
Gate(  338)	 t q[6]
Gate(  339)	 t q[12]
Gate(  340)	cx q[6], q[10]
Gate(  341)	cx q[12], q[6]
Gate(  342)	cx q[10], q[12]
Gate(  343)	tdg q[6]
Gate(  344)	cx q[10], q[6]
Gate(  345)	tdg q[10]
Gate(  346)	tdg q[6]
Gate(  347)	 t q[12]
Gate(  348)	cx q[12], q[6]
Gate(  349)	cx q[10], q[12]
Gate(  350)	cx q[6], q[10]
Gate(  351)	 h q[12]
Gate(  352)	 x q[5]
Gate(  353)	 h q[0]
Gate(  354)	 t q[5]
Gate(  355)	 t q[12]
Gate(  356)	 t q[0]
Gate(  357)	cx q[12], q[5]
Gate(  358)	cx q[0], q[12]
Gate(  359)	cx q[5], q[0]
Gate(  360)	tdg q[12]
Gate(  361)	cx q[5], q[12]
Gate(  362)	tdg q[5]
Gate(  363)	tdg q[12]
Gate(  364)	 t q[0]
Gate(  365)	cx q[0], q[12]
Gate(  366)	cx q[5], q[0]
Gate(  367)	cx q[12], q[5]
Gate(  368)	 h q[0]
Gate(  369)	 h q[12]
Gate(  370)	 t q[7]
Gate(  371)	 t q[9]
Gate(  372)	 t q[12]
Gate(  373)	cx q[9], q[7]
Gate(  374)	cx q[12], q[9]
Gate(  375)	cx q[7], q[12]
Gate(  376)	tdg q[9]
Gate(  377)	cx q[7], q[9]
Gate(  378)	tdg q[7]
Gate(  379)	tdg q[9]
Gate(  380)	 t q[12]
Gate(  381)	cx q[12], q[9]
Gate(  382)	cx q[7], q[12]
Gate(  383)	cx q[9], q[7]
Gate(  384)	 h q[12]
Gate(  385)	 h q[9]
Gate(  386)	 t q[11]
Gate(  387)	 t q[10]
Gate(  388)	 t q[9]
Gate(  389)	cx q[10], q[11]
Gate(  390)	cx q[9], q[10]
Gate(  391)	cx q[11], q[9]
Gate(  392)	tdg q[10]
Gate(  393)	cx q[11], q[10]
Gate(  394)	tdg q[11]
Gate(  395)	tdg q[10]
Gate(  396)	 t q[9]
Gate(  397)	cx q[9], q[10]
Gate(  398)	cx q[11], q[9]
Gate(  399)	cx q[10], q[11]
Gate(  400)	 h q[9]
Gate(  401)	 h q[12]
Gate(  402)	 t q[7]
Gate(  403)	 t q[9]
Gate(  404)	 t q[12]
Gate(  405)	cx q[9], q[7]
Gate(  406)	cx q[12], q[9]
Gate(  407)	cx q[7], q[12]
Gate(  408)	tdg q[9]
Gate(  409)	cx q[7], q[9]
Gate(  410)	tdg q[7]
Gate(  411)	tdg q[9]
Gate(  412)	 t q[12]
Gate(  413)	cx q[12], q[9]
Gate(  414)	cx q[7], q[12]
Gate(  415)	cx q[9], q[7]
Gate(  416)	 h q[12]
Gate(  417)	 h q[0]
Gate(  418)	 t q[5]
Gate(  419)	 t q[12]
Gate(  420)	 t q[0]
Gate(  421)	cx q[12], q[5]
Gate(  422)	cx q[0], q[12]
Gate(  423)	cx q[5], q[0]
Gate(  424)	tdg q[12]
Gate(  425)	cx q[5], q[12]
Gate(  426)	tdg q[5]
Gate(  427)	tdg q[12]
Gate(  428)	 t q[0]
Gate(  429)	cx q[0], q[12]
Gate(  430)	cx q[5], q[0]
Gate(  431)	cx q[12], q[5]
Gate(  432)	 h q[0]
Gate(  433)	 h q[12]
Gate(  434)	 t q[7]
Gate(  435)	 t q[9]
Gate(  436)	 t q[12]
Gate(  437)	cx q[9], q[7]
Gate(  438)	cx q[12], q[9]
Gate(  439)	cx q[7], q[12]
Gate(  440)	tdg q[9]
Gate(  441)	cx q[7], q[9]
Gate(  442)	tdg q[7]
Gate(  443)	tdg q[9]
Gate(  444)	 t q[12]
Gate(  445)	cx q[12], q[9]
Gate(  446)	cx q[7], q[12]
Gate(  447)	cx q[9], q[7]
Gate(  448)	 h q[12]
Gate(  449)	 h q[9]
Gate(  450)	 t q[11]
Gate(  451)	 t q[10]
Gate(  452)	 t q[9]
Gate(  453)	cx q[10], q[11]
Gate(  454)	cx q[9], q[10]
Gate(  455)	cx q[11], q[9]
Gate(  456)	tdg q[10]
Gate(  457)	cx q[11], q[10]
Gate(  458)	tdg q[11]
Gate(  459)	tdg q[10]
Gate(  460)	 t q[9]
Gate(  461)	cx q[9], q[10]
Gate(  462)	cx q[11], q[9]
Gate(  463)	cx q[10], q[11]
Gate(  464)	 h q[9]
Gate(  465)	 h q[12]
Gate(  466)	 t q[7]
Gate(  467)	 t q[9]
Gate(  468)	 t q[12]
Gate(  469)	cx q[9], q[7]
Gate(  470)	cx q[12], q[9]
Gate(  471)	cx q[7], q[12]
Gate(  472)	tdg q[9]
Gate(  473)	cx q[7], q[9]
Gate(  474)	tdg q[7]
Gate(  475)	tdg q[9]
Gate(  476)	 t q[12]
Gate(  477)	cx q[12], q[9]
Gate(  478)	cx q[7], q[12]
Gate(  479)	cx q[9], q[7]
Gate(  480)	 h q[12]
Gate(  481)	 h q[0]
Gate(  482)	 t q[5]
Gate(  483)	 t q[12]
Gate(  484)	 t q[0]
Gate(  485)	cx q[12], q[5]
Gate(  486)	cx q[0], q[12]
Gate(  487)	cx q[5], q[0]
Gate(  488)	tdg q[12]
Gate(  489)	cx q[5], q[12]
Gate(  490)	tdg q[5]
Gate(  491)	tdg q[12]
Gate(  492)	 t q[0]
Gate(  493)	cx q[0], q[12]
Gate(  494)	cx q[5], q[0]
Gate(  495)	cx q[12], q[5]
Gate(  496)	 h q[0]
Gate(  497)	 h q[12]
Gate(  498)	 t q[6]
Gate(  499)	 t q[10]
Gate(  500)	 t q[12]
Gate(  501)	cx q[10], q[6]
Gate(  502)	cx q[12], q[10]
Gate(  503)	cx q[6], q[12]
Gate(  504)	tdg q[10]
Gate(  505)	cx q[6], q[10]
Gate(  506)	tdg q[6]
Gate(  507)	tdg q[10]
Gate(  508)	 t q[12]
Gate(  509)	cx q[12], q[10]
Gate(  510)	cx q[6], q[12]
Gate(  511)	cx q[10], q[6]
Gate(  512)	 h q[12]
Gate(  513)	 h q[10]
Gate(  514)	 t q[11]
Gate(  515)	 t q[7]
Gate(  516)	 t q[10]
Gate(  517)	cx q[7], q[11]
Gate(  518)	cx q[10], q[7]
Gate(  519)	cx q[11], q[10]
Gate(  520)	tdg q[7]
Gate(  521)	cx q[11], q[7]
Gate(  522)	tdg q[11]
Gate(  523)	tdg q[7]
Gate(  524)	 t q[10]
Gate(  525)	cx q[10], q[7]
Gate(  526)	cx q[11], q[10]
Gate(  527)	cx q[7], q[11]
Gate(  528)	 h q[10]
Gate(  529)	 h q[12]
Gate(  530)	 t q[6]
Gate(  531)	 t q[10]
Gate(  532)	 t q[12]
Gate(  533)	cx q[10], q[6]
Gate(  534)	cx q[12], q[10]
Gate(  535)	cx q[6], q[12]
Gate(  536)	tdg q[10]
Gate(  537)	cx q[6], q[10]
Gate(  538)	tdg q[6]
Gate(  539)	tdg q[10]
Gate(  540)	 t q[12]
Gate(  541)	cx q[12], q[10]
Gate(  542)	cx q[6], q[12]
Gate(  543)	cx q[10], q[6]
Gate(  544)	 h q[12]
Gate(  545)	 h q[0]
Gate(  546)	 t q[5]
Gate(  547)	 t q[12]
Gate(  548)	 t q[0]
Gate(  549)	cx q[12], q[5]
Gate(  550)	cx q[0], q[12]
Gate(  551)	cx q[5], q[0]
Gate(  552)	tdg q[12]
Gate(  553)	cx q[5], q[12]
Gate(  554)	tdg q[5]
Gate(  555)	tdg q[12]
Gate(  556)	 t q[0]
Gate(  557)	cx q[0], q[12]
Gate(  558)	cx q[5], q[0]
Gate(  559)	cx q[12], q[5]
Gate(  560)	 h q[0]
Gate(  561)	 h q[12]
Gate(  562)	 t q[6]
Gate(  563)	 t q[10]
Gate(  564)	 t q[12]
Gate(  565)	cx q[10], q[6]
Gate(  566)	cx q[12], q[10]
Gate(  567)	cx q[6], q[12]
Gate(  568)	tdg q[10]
Gate(  569)	cx q[6], q[10]
Gate(  570)	tdg q[6]
Gate(  571)	tdg q[10]
Gate(  572)	 t q[12]
Gate(  573)	cx q[12], q[10]
Gate(  574)	cx q[6], q[12]
Gate(  575)	cx q[10], q[6]
Gate(  576)	 h q[12]
Gate(  577)	 h q[10]
Gate(  578)	 t q[11]
Gate(  579)	 t q[7]
Gate(  580)	 t q[10]
Gate(  581)	cx q[7], q[11]
Gate(  582)	cx q[10], q[7]
Gate(  583)	cx q[11], q[10]
Gate(  584)	tdg q[7]
Gate(  585)	cx q[11], q[7]
Gate(  586)	tdg q[11]
Gate(  587)	tdg q[7]
Gate(  588)	 t q[10]
Gate(  589)	cx q[10], q[7]
Gate(  590)	cx q[11], q[10]
Gate(  591)	cx q[7], q[11]
Gate(  592)	 h q[10]
Gate(  593)	 h q[12]
Gate(  594)	 t q[6]
Gate(  595)	 t q[10]
Gate(  596)	 t q[12]
Gate(  597)	cx q[10], q[6]
Gate(  598)	cx q[12], q[10]
Gate(  599)	cx q[6], q[12]
Gate(  600)	tdg q[10]
Gate(  601)	cx q[6], q[10]
Gate(  602)	tdg q[6]
Gate(  603)	tdg q[10]
Gate(  604)	 t q[12]
Gate(  605)	cx q[12], q[10]
Gate(  606)	cx q[6], q[12]
Gate(  607)	cx q[10], q[6]
Gate(  608)	 h q[12]
Gate(  609)	 x q[9]
Gate(  610)	 h q[0]
Gate(  611)	 t q[6]
Gate(  612)	 t q[12]
Gate(  613)	 t q[0]
Gate(  614)	cx q[12], q[6]
Gate(  615)	cx q[0], q[12]
Gate(  616)	cx q[6], q[0]
Gate(  617)	tdg q[12]
Gate(  618)	cx q[6], q[12]
Gate(  619)	tdg q[6]
Gate(  620)	tdg q[12]
Gate(  621)	 t q[0]
Gate(  622)	cx q[0], q[12]
Gate(  623)	cx q[6], q[0]
Gate(  624)	cx q[12], q[6]
Gate(  625)	 h q[0]
Gate(  626)	 h q[12]
Gate(  627)	 t q[7]
Gate(  628)	 t q[10]
Gate(  629)	 t q[12]
Gate(  630)	cx q[10], q[7]
Gate(  631)	cx q[12], q[10]
Gate(  632)	cx q[7], q[12]
Gate(  633)	tdg q[10]
Gate(  634)	cx q[7], q[10]
Gate(  635)	tdg q[7]
Gate(  636)	tdg q[10]
Gate(  637)	 t q[12]
Gate(  638)	cx q[12], q[10]
Gate(  639)	cx q[7], q[12]
Gate(  640)	cx q[10], q[7]
Gate(  641)	 h q[12]
Gate(  642)	 h q[10]
Gate(  643)	 t q[11]
Gate(  644)	 t q[9]
Gate(  645)	 t q[10]
Gate(  646)	cx q[9], q[11]
Gate(  647)	cx q[10], q[9]
Gate(  648)	cx q[11], q[10]
Gate(  649)	tdg q[9]
Gate(  650)	cx q[11], q[9]
Gate(  651)	tdg q[11]
Gate(  652)	tdg q[9]
Gate(  653)	 t q[10]
Gate(  654)	cx q[10], q[9]
Gate(  655)	cx q[11], q[10]
Gate(  656)	cx q[9], q[11]
Gate(  657)	 h q[10]
Gate(  658)	 h q[12]
Gate(  659)	 t q[7]
Gate(  660)	 t q[10]
Gate(  661)	 t q[12]
Gate(  662)	cx q[10], q[7]
Gate(  663)	cx q[12], q[10]
Gate(  664)	cx q[7], q[12]
Gate(  665)	tdg q[10]
Gate(  666)	cx q[7], q[10]
Gate(  667)	tdg q[7]
Gate(  668)	tdg q[10]
Gate(  669)	 t q[12]
Gate(  670)	cx q[12], q[10]
Gate(  671)	cx q[7], q[12]
Gate(  672)	cx q[10], q[7]
Gate(  673)	 h q[12]
Gate(  674)	 h q[0]
Gate(  675)	 t q[6]
Gate(  676)	 t q[12]
Gate(  677)	 t q[0]
Gate(  678)	cx q[12], q[6]
Gate(  679)	cx q[0], q[12]
Gate(  680)	cx q[6], q[0]
Gate(  681)	tdg q[12]
Gate(  682)	cx q[6], q[12]
Gate(  683)	tdg q[6]
Gate(  684)	tdg q[12]
Gate(  685)	 t q[0]
Gate(  686)	cx q[0], q[12]
Gate(  687)	cx q[6], q[0]
Gate(  688)	cx q[12], q[6]
Gate(  689)	 h q[0]
Gate(  690)	 h q[12]
Gate(  691)	 t q[7]
Gate(  692)	 t q[10]
Gate(  693)	 t q[12]
Gate(  694)	cx q[10], q[7]
Gate(  695)	cx q[12], q[10]
Gate(  696)	cx q[7], q[12]
Gate(  697)	tdg q[10]
Gate(  698)	cx q[7], q[10]
Gate(  699)	tdg q[7]
Gate(  700)	tdg q[10]
Gate(  701)	 t q[12]
Gate(  702)	cx q[12], q[10]
Gate(  703)	cx q[7], q[12]
Gate(  704)	cx q[10], q[7]
Gate(  705)	 h q[12]
Gate(  706)	 h q[10]
Gate(  707)	 t q[11]
Gate(  708)	 t q[9]
Gate(  709)	 t q[10]
Gate(  710)	cx q[9], q[11]
Gate(  711)	cx q[10], q[9]
Gate(  712)	cx q[11], q[10]
Gate(  713)	tdg q[9]
Gate(  714)	cx q[11], q[9]
Gate(  715)	tdg q[11]
Gate(  716)	tdg q[9]
Gate(  717)	 t q[10]
Gate(  718)	cx q[10], q[9]
Gate(  719)	cx q[11], q[10]
Gate(  720)	cx q[9], q[11]
Gate(  721)	 h q[10]
Gate(  722)	 h q[12]
Gate(  723)	 t q[7]
Gate(  724)	 t q[10]
Gate(  725)	 t q[12]
Gate(  726)	cx q[10], q[7]
Gate(  727)	cx q[12], q[10]
Gate(  728)	cx q[7], q[12]
Gate(  729)	tdg q[10]
Gate(  730)	cx q[7], q[10]
Gate(  731)	tdg q[7]
Gate(  732)	tdg q[10]
Gate(  733)	 t q[12]
Gate(  734)	cx q[12], q[10]
Gate(  735)	cx q[7], q[12]
Gate(  736)	cx q[10], q[7]
Gate(  737)	 h q[12]
Gate(  738)	 h q[0]
Gate(  739)	 t q[7]
Gate(  740)	 t q[12]
Gate(  741)	 t q[0]
Gate(  742)	cx q[12], q[7]
Gate(  743)	cx q[0], q[12]
Gate(  744)	cx q[7], q[0]
Gate(  745)	tdg q[12]
Gate(  746)	cx q[7], q[12]
Gate(  747)	tdg q[7]
Gate(  748)	tdg q[12]
Gate(  749)	 t q[0]
Gate(  750)	cx q[0], q[12]
Gate(  751)	cx q[7], q[0]
Gate(  752)	cx q[12], q[7]
Gate(  753)	 h q[0]
Gate(  754)	 h q[12]
Gate(  755)	 t q[9]
Gate(  756)	 t q[8]
Gate(  757)	 t q[12]
Gate(  758)	cx q[8], q[9]
Gate(  759)	cx q[12], q[8]
Gate(  760)	cx q[9], q[12]
Gate(  761)	tdg q[8]
Gate(  762)	cx q[9], q[8]
Gate(  763)	tdg q[9]
Gate(  764)	tdg q[8]
Gate(  765)	 t q[12]
Gate(  766)	cx q[12], q[8]
Gate(  767)	cx q[9], q[12]
Gate(  768)	cx q[8], q[9]
Gate(  769)	 h q[12]
Gate(  770)	 h q[8]
Gate(  771)	 t q[11]
Gate(  772)	 t q[10]
Gate(  773)	 t q[8]
Gate(  774)	cx q[10], q[11]
Gate(  775)	cx q[8], q[10]
Gate(  776)	cx q[11], q[8]
Gate(  777)	tdg q[10]
Gate(  778)	cx q[11], q[10]
Gate(  779)	tdg q[11]
Gate(  780)	tdg q[10]
Gate(  781)	 t q[8]
Gate(  782)	cx q[8], q[10]
Gate(  783)	cx q[11], q[8]
Gate(  784)	cx q[10], q[11]
Gate(  785)	 h q[8]
Gate(  786)	 h q[12]
Gate(  787)	 t q[9]
Gate(  788)	 t q[8]
Gate(  789)	 t q[12]
Gate(  790)	cx q[8], q[9]
Gate(  791)	cx q[12], q[8]
Gate(  792)	cx q[9], q[12]
Gate(  793)	tdg q[8]
Gate(  794)	cx q[9], q[8]
Gate(  795)	tdg q[9]
Gate(  796)	tdg q[8]
Gate(  797)	 t q[12]
Gate(  798)	cx q[12], q[8]
Gate(  799)	cx q[9], q[12]
Gate(  800)	cx q[8], q[9]
Gate(  801)	 h q[12]
Gate(  802)	 h q[0]
Gate(  803)	 t q[7]
Gate(  804)	 t q[12]
Gate(  805)	 t q[0]
Gate(  806)	cx q[12], q[7]
Gate(  807)	cx q[0], q[12]
Gate(  808)	cx q[7], q[0]
Gate(  809)	tdg q[12]
Gate(  810)	cx q[7], q[12]
Gate(  811)	tdg q[7]
Gate(  812)	tdg q[12]
Gate(  813)	 t q[0]
Gate(  814)	cx q[0], q[12]
Gate(  815)	cx q[7], q[0]
Gate(  816)	cx q[12], q[7]
Gate(  817)	 h q[0]
Gate(  818)	 h q[12]
Gate(  819)	 t q[9]
Gate(  820)	 t q[8]
Gate(  821)	 t q[12]
Gate(  822)	cx q[8], q[9]
Gate(  823)	cx q[12], q[8]
Gate(  824)	cx q[9], q[12]
Gate(  825)	tdg q[8]
Gate(  826)	cx q[9], q[8]
Gate(  827)	tdg q[9]
Gate(  828)	tdg q[8]
Gate(  829)	 t q[12]
Gate(  830)	cx q[12], q[8]
Gate(  831)	cx q[9], q[12]
Gate(  832)	cx q[8], q[9]
Gate(  833)	 h q[12]
Gate(  834)	 h q[8]
Gate(  835)	 t q[11]
Gate(  836)	 t q[10]
Gate(  837)	 t q[8]
Gate(  838)	cx q[10], q[11]
Gate(  839)	cx q[8], q[10]
Gate(  840)	cx q[11], q[8]
Gate(  841)	tdg q[10]
Gate(  842)	cx q[11], q[10]
Gate(  843)	tdg q[11]
Gate(  844)	tdg q[10]
Gate(  845)	 t q[8]
Gate(  846)	cx q[8], q[10]
Gate(  847)	cx q[11], q[8]
Gate(  848)	cx q[10], q[11]
Gate(  849)	 h q[8]
Gate(  850)	 h q[12]
Gate(  851)	 t q[9]
Gate(  852)	 t q[8]
Gate(  853)	 t q[12]
Gate(  854)	cx q[8], q[9]
Gate(  855)	cx q[12], q[8]
Gate(  856)	cx q[9], q[12]
Gate(  857)	tdg q[8]
Gate(  858)	cx q[9], q[8]
Gate(  859)	tdg q[9]
Gate(  860)	tdg q[8]
Gate(  861)	 t q[12]
Gate(  862)	cx q[12], q[8]
Gate(  863)	cx q[9], q[12]
Gate(  864)	cx q[8], q[9]
Gate(  865)	 h q[12]
Gate(  866)	 h q[1]
Gate(  867)	 t q[9]
Gate(  868)	 t q[5]
Gate(  869)	 t q[1]
Gate(  870)	cx q[5], q[9]
Gate(  871)	cx q[1], q[5]
Gate(  872)	cx q[9], q[1]
Gate(  873)	tdg q[5]
Gate(  874)	cx q[9], q[5]
Gate(  875)	tdg q[9]
Gate(  876)	tdg q[5]
Gate(  877)	 t q[1]
Gate(  878)	cx q[1], q[5]
Gate(  879)	cx q[9], q[1]
Gate(  880)	cx q[5], q[9]
Gate(  881)	 h q[1]
Gate(  882)	 h q[1]
Gate(  883)	 t q[6]
Gate(  884)	 t q[10]
Gate(  885)	 t q[1]
Gate(  886)	cx q[10], q[6]
Gate(  887)	cx q[1], q[10]
Gate(  888)	cx q[6], q[1]
Gate(  889)	tdg q[10]
Gate(  890)	cx q[6], q[10]
Gate(  891)	tdg q[6]
Gate(  892)	tdg q[10]
Gate(  893)	 t q[1]
Gate(  894)	cx q[1], q[10]
Gate(  895)	cx q[6], q[1]
Gate(  896)	cx q[10], q[6]
Gate(  897)	 h q[1]
Gate(  898)	 h q[10]
Gate(  899)	 t q[8]
Gate(  900)	 t q[9]
Gate(  901)	 t q[10]
Gate(  902)	cx q[9], q[8]
Gate(  903)	cx q[10], q[9]
Gate(  904)	cx q[8], q[10]
Gate(  905)	tdg q[9]
Gate(  906)	cx q[8], q[9]
Gate(  907)	tdg q[8]
Gate(  908)	tdg q[9]
Gate(  909)	 t q[10]
Gate(  910)	cx q[10], q[9]
Gate(  911)	cx q[8], q[10]
Gate(  912)	cx q[9], q[8]
Gate(  913)	 h q[10]
Gate(  914)	 h q[9]
Gate(  915)	 t q[12]
Gate(  916)	 t q[11]
Gate(  917)	 t q[9]
Gate(  918)	cx q[11], q[12]
Gate(  919)	cx q[9], q[11]
Gate(  920)	cx q[12], q[9]
Gate(  921)	tdg q[11]
Gate(  922)	cx q[12], q[11]
Gate(  923)	tdg q[12]
Gate(  924)	tdg q[11]
Gate(  925)	 t q[9]
Gate(  926)	cx q[9], q[11]
Gate(  927)	cx q[12], q[9]
Gate(  928)	cx q[11], q[12]
Gate(  929)	 h q[9]
Gate(  930)	 h q[10]
Gate(  931)	 t q[8]
Gate(  932)	 t q[9]
Gate(  933)	 t q[10]
Gate(  934)	cx q[9], q[8]
Gate(  935)	cx q[10], q[9]
Gate(  936)	cx q[8], q[10]
Gate(  937)	tdg q[9]
Gate(  938)	cx q[8], q[9]
Gate(  939)	tdg q[8]
Gate(  940)	tdg q[9]
Gate(  941)	 t q[10]
Gate(  942)	cx q[10], q[9]
Gate(  943)	cx q[8], q[10]
Gate(  944)	cx q[9], q[8]
Gate(  945)	 h q[10]
Gate(  946)	 h q[1]
Gate(  947)	 t q[6]
Gate(  948)	 t q[10]
Gate(  949)	 t q[1]
Gate(  950)	cx q[10], q[6]
Gate(  951)	cx q[1], q[10]
Gate(  952)	cx q[6], q[1]
Gate(  953)	tdg q[10]
Gate(  954)	cx q[6], q[10]
Gate(  955)	tdg q[6]
Gate(  956)	tdg q[10]
Gate(  957)	 t q[1]
Gate(  958)	cx q[1], q[10]
Gate(  959)	cx q[6], q[1]
Gate(  960)	cx q[10], q[6]
Gate(  961)	 h q[1]
Gate(  962)	 h q[10]
Gate(  963)	 t q[8]
Gate(  964)	 t q[9]
Gate(  965)	 t q[10]
Gate(  966)	cx q[9], q[8]
Gate(  967)	cx q[10], q[9]
Gate(  968)	cx q[8], q[10]
Gate(  969)	tdg q[9]
Gate(  970)	cx q[8], q[9]
Gate(  971)	tdg q[8]
Gate(  972)	tdg q[9]
Gate(  973)	 t q[10]
Gate(  974)	cx q[10], q[9]
Gate(  975)	cx q[8], q[10]
Gate(  976)	cx q[9], q[8]
Gate(  977)	 h q[10]
Gate(  978)	 h q[9]
Gate(  979)	 t q[12]
Gate(  980)	 t q[11]
Gate(  981)	 t q[9]
Gate(  982)	cx q[11], q[12]
Gate(  983)	cx q[9], q[11]
Gate(  984)	cx q[12], q[9]
Gate(  985)	tdg q[11]
Gate(  986)	cx q[12], q[11]
Gate(  987)	tdg q[12]
Gate(  988)	tdg q[11]
Gate(  989)	 t q[9]
Gate(  990)	cx q[9], q[11]
Gate(  991)	cx q[12], q[9]
Gate(  992)	cx q[11], q[12]
Gate(  993)	 h q[9]
Gate(  994)	 h q[10]
Gate(  995)	 t q[8]
Gate(  996)	 t q[9]
Gate(  997)	 t q[10]
Gate(  998)	cx q[9], q[8]
Gate(  999)	cx q[10], q[9]
Gate( 1000)	cx q[8], q[10]
Gate( 1001)	tdg q[9]
Gate( 1002)	cx q[8], q[9]
Gate( 1003)	tdg q[8]
Gate( 1004)	tdg q[9]
Gate( 1005)	 t q[10]
Gate( 1006)	cx q[10], q[9]
Gate( 1007)	cx q[8], q[10]
Gate( 1008)	cx q[9], q[8]
Gate( 1009)	 h q[10]
Gate( 1010)	 h q[1]
Gate( 1011)	 t q[6]
Gate( 1012)	 t q[12]
Gate( 1013)	 t q[1]
Gate( 1014)	cx q[12], q[6]
Gate( 1015)	cx q[1], q[12]
Gate( 1016)	cx q[6], q[1]
Gate( 1017)	tdg q[12]
Gate( 1018)	cx q[6], q[12]
Gate( 1019)	tdg q[6]
Gate( 1020)	tdg q[12]
Gate( 1021)	 t q[1]
Gate( 1022)	cx q[1], q[12]
Gate( 1023)	cx q[6], q[1]
Gate( 1024)	cx q[12], q[6]
Gate( 1025)	 h q[1]
Gate( 1026)	 h q[12]
Gate( 1027)	 t q[11]
Gate( 1028)	 t q[7]
Gate( 1029)	 t q[12]
Gate( 1030)	cx q[7], q[11]
Gate( 1031)	cx q[12], q[7]
Gate( 1032)	cx q[11], q[12]
Gate( 1033)	tdg q[7]
Gate( 1034)	cx q[11], q[7]
Gate( 1035)	tdg q[11]
Gate( 1036)	tdg q[7]
Gate( 1037)	 t q[12]
Gate( 1038)	cx q[12], q[7]
Gate( 1039)	cx q[11], q[12]
Gate( 1040)	cx q[7], q[11]
Gate( 1041)	 h q[12]
Gate( 1042)	 h q[1]
Gate( 1043)	 t q[6]
Gate( 1044)	 t q[12]
Gate( 1045)	 t q[1]
Gate( 1046)	cx q[12], q[6]
Gate( 1047)	cx q[1], q[12]
Gate( 1048)	cx q[6], q[1]
Gate( 1049)	tdg q[12]
Gate( 1050)	cx q[6], q[12]
Gate( 1051)	tdg q[6]
Gate( 1052)	tdg q[12]
Gate( 1053)	 t q[1]
Gate( 1054)	cx q[1], q[12]
Gate( 1055)	cx q[6], q[1]
Gate( 1056)	cx q[12], q[6]
Gate( 1057)	 h q[1]
Gate( 1058)	 h q[12]
Gate( 1059)	 t q[11]
Gate( 1060)	 t q[7]
Gate( 1061)	 t q[12]
Gate( 1062)	cx q[7], q[11]
Gate( 1063)	cx q[12], q[7]
Gate( 1064)	cx q[11], q[12]
Gate( 1065)	tdg q[7]
Gate( 1066)	cx q[11], q[7]
Gate( 1067)	tdg q[11]
Gate( 1068)	tdg q[7]
Gate( 1069)	 t q[12]
Gate( 1070)	cx q[12], q[7]
Gate( 1071)	cx q[11], q[12]
Gate( 1072)	cx q[7], q[11]
Gate( 1073)	 h q[12]
Gate( 1074)	 x q[6]
Gate( 1075)	 h q[1]
Gate( 1076)	 t q[6]
Gate( 1077)	 t q[11]
Gate( 1078)	 t q[1]
Gate( 1079)	cx q[11], q[6]
Gate( 1080)	cx q[1], q[11]
Gate( 1081)	cx q[6], q[1]
Gate( 1082)	tdg q[11]
Gate( 1083)	cx q[6], q[11]
Gate( 1084)	tdg q[6]
Gate( 1085)	tdg q[11]
Gate( 1086)	 t q[1]
Gate( 1087)	cx q[1], q[11]
Gate( 1088)	cx q[6], q[1]
Gate( 1089)	cx q[11], q[6]
Gate( 1090)	 h q[1]
Gate( 1091)	 h q[11]
Gate( 1092)	 t q[7]
Gate( 1093)	 t q[10]
Gate( 1094)	 t q[11]
Gate( 1095)	cx q[10], q[7]
Gate( 1096)	cx q[11], q[10]
Gate( 1097)	cx q[7], q[11]
Gate( 1098)	tdg q[10]
Gate( 1099)	cx q[7], q[10]
Gate( 1100)	tdg q[7]
Gate( 1101)	tdg q[10]
Gate( 1102)	 t q[11]
Gate( 1103)	cx q[11], q[10]
Gate( 1104)	cx q[7], q[11]
Gate( 1105)	cx q[10], q[7]
Gate( 1106)	 h q[11]
Gate( 1107)	 h q[10]
Gate( 1108)	 t q[12]
Gate( 1109)	 t q[8]
Gate( 1110)	 t q[10]
Gate( 1111)	cx q[8], q[12]
Gate( 1112)	cx q[10], q[8]
Gate( 1113)	cx q[12], q[10]
Gate( 1114)	tdg q[8]
Gate( 1115)	cx q[12], q[8]
Gate( 1116)	tdg q[12]
Gate( 1117)	tdg q[8]
Gate( 1118)	 t q[10]
Gate( 1119)	cx q[10], q[8]
Gate( 1120)	cx q[12], q[10]
Gate( 1121)	cx q[8], q[12]
Gate( 1122)	 h q[10]
Gate( 1123)	 h q[11]
Gate( 1124)	 t q[7]
Gate( 1125)	 t q[10]
Gate( 1126)	 t q[11]
Gate( 1127)	cx q[10], q[7]
Gate( 1128)	cx q[11], q[10]
Gate( 1129)	cx q[7], q[11]
Gate( 1130)	tdg q[10]
Gate( 1131)	cx q[7], q[10]
Gate( 1132)	tdg q[7]
Gate( 1133)	tdg q[10]
Gate( 1134)	 t q[11]
Gate( 1135)	cx q[11], q[10]
Gate( 1136)	cx q[7], q[11]
Gate( 1137)	cx q[10], q[7]
Gate( 1138)	 h q[11]
Gate( 1139)	 h q[1]
Gate( 1140)	 t q[6]
Gate( 1141)	 t q[11]
Gate( 1142)	 t q[1]
Gate( 1143)	cx q[11], q[6]
Gate( 1144)	cx q[1], q[11]
Gate( 1145)	cx q[6], q[1]
Gate( 1146)	tdg q[11]
Gate( 1147)	cx q[6], q[11]
Gate( 1148)	tdg q[6]
Gate( 1149)	tdg q[11]
Gate( 1150)	 t q[1]
Gate( 1151)	cx q[1], q[11]
Gate( 1152)	cx q[6], q[1]
Gate( 1153)	cx q[11], q[6]
Gate( 1154)	 h q[1]
Gate( 1155)	 h q[11]
Gate( 1156)	 t q[7]
Gate( 1157)	 t q[10]
Gate( 1158)	 t q[11]
Gate( 1159)	cx q[10], q[7]
Gate( 1160)	cx q[11], q[10]
Gate( 1161)	cx q[7], q[11]
Gate( 1162)	tdg q[10]
Gate( 1163)	cx q[7], q[10]
Gate( 1164)	tdg q[7]
Gate( 1165)	tdg q[10]
Gate( 1166)	 t q[11]
Gate( 1167)	cx q[11], q[10]
Gate( 1168)	cx q[7], q[11]
Gate( 1169)	cx q[10], q[7]
Gate( 1170)	 h q[11]
Gate( 1171)	 h q[10]
Gate( 1172)	 t q[12]
Gate( 1173)	 t q[8]
Gate( 1174)	 t q[10]
Gate( 1175)	cx q[8], q[12]
Gate( 1176)	cx q[10], q[8]
Gate( 1177)	cx q[12], q[10]
Gate( 1178)	tdg q[8]
Gate( 1179)	cx q[12], q[8]
Gate( 1180)	tdg q[12]
Gate( 1181)	tdg q[8]
Gate( 1182)	 t q[10]
Gate( 1183)	cx q[10], q[8]
Gate( 1184)	cx q[12], q[10]
Gate( 1185)	cx q[8], q[12]
Gate( 1186)	 h q[10]
Gate( 1187)	 h q[11]
Gate( 1188)	 t q[7]
Gate( 1189)	 t q[10]
Gate( 1190)	 t q[11]
Gate( 1191)	cx q[10], q[7]
Gate( 1192)	cx q[11], q[10]
Gate( 1193)	cx q[7], q[11]
Gate( 1194)	tdg q[10]
Gate( 1195)	cx q[7], q[10]
Gate( 1196)	tdg q[7]
Gate( 1197)	tdg q[10]
Gate( 1198)	 t q[11]
Gate( 1199)	cx q[11], q[10]
Gate( 1200)	cx q[7], q[11]
Gate( 1201)	cx q[10], q[7]
Gate( 1202)	 h q[11]
Gate( 1203)	 h q[0]
Gate( 1204)	 t q[6]
Gate( 1205)	 t q[10]
Gate( 1206)	 t q[0]
Gate( 1207)	cx q[10], q[6]
Gate( 1208)	cx q[0], q[10]
Gate( 1209)	cx q[6], q[0]
Gate( 1210)	tdg q[10]
Gate( 1211)	cx q[6], q[10]
Gate( 1212)	tdg q[6]
Gate( 1213)	tdg q[10]
Gate( 1214)	 t q[0]
Gate( 1215)	cx q[0], q[10]
Gate( 1216)	cx q[6], q[0]
Gate( 1217)	cx q[10], q[6]
Gate( 1218)	 h q[0]
Gate( 1219)	 h q[10]
Gate( 1220)	 t q[8]
Gate( 1221)	 t q[7]
Gate( 1222)	 t q[10]
Gate( 1223)	cx q[7], q[8]
Gate( 1224)	cx q[10], q[7]
Gate( 1225)	cx q[8], q[10]
Gate( 1226)	tdg q[7]
Gate( 1227)	cx q[8], q[7]
Gate( 1228)	tdg q[8]
Gate( 1229)	tdg q[7]
Gate( 1230)	 t q[10]
Gate( 1231)	cx q[10], q[7]
Gate( 1232)	cx q[8], q[10]
Gate( 1233)	cx q[7], q[8]
Gate( 1234)	 h q[10]
Gate( 1235)	 h q[7]
Gate( 1236)	 t q[9]
Gate( 1237)	 t q[5]
Gate( 1238)	 t q[7]
Gate( 1239)	cx q[5], q[9]
Gate( 1240)	cx q[7], q[5]
Gate( 1241)	cx q[9], q[7]
Gate( 1242)	tdg q[5]
Gate( 1243)	cx q[9], q[5]
Gate( 1244)	tdg q[9]
Gate( 1245)	tdg q[5]
Gate( 1246)	 t q[7]
Gate( 1247)	cx q[7], q[5]
Gate( 1248)	cx q[9], q[7]
Gate( 1249)	cx q[5], q[9]
Gate( 1250)	 h q[7]
Gate( 1251)	 h q[5]
Gate( 1252)	 t q[12]
Gate( 1253)	 t q[11]
Gate( 1254)	 t q[5]
Gate( 1255)	cx q[11], q[12]
Gate( 1256)	cx q[5], q[11]
Gate( 1257)	cx q[12], q[5]
Gate( 1258)	tdg q[11]
Gate( 1259)	cx q[12], q[11]
Gate( 1260)	tdg q[12]
Gate( 1261)	tdg q[11]
Gate( 1262)	 t q[5]
Gate( 1263)	cx q[5], q[11]
Gate( 1264)	cx q[12], q[5]
Gate( 1265)	cx q[11], q[12]
Gate( 1266)	 h q[5]
Gate( 1267)	 h q[7]
Gate( 1268)	 t q[9]
Gate( 1269)	 t q[5]
Gate( 1270)	 t q[7]
Gate( 1271)	cx q[5], q[9]
Gate( 1272)	cx q[7], q[5]
Gate( 1273)	cx q[9], q[7]
Gate( 1274)	tdg q[5]
Gate( 1275)	cx q[9], q[5]
Gate( 1276)	tdg q[9]
Gate( 1277)	tdg q[5]
Gate( 1278)	 t q[7]
Gate( 1279)	cx q[7], q[5]
Gate( 1280)	cx q[9], q[7]
Gate( 1281)	cx q[5], q[9]
Gate( 1282)	 h q[7]
Gate( 1283)	 h q[10]
Gate( 1284)	 t q[8]
Gate( 1285)	 t q[7]
Gate( 1286)	 t q[10]
Gate( 1287)	cx q[7], q[8]
Gate( 1288)	cx q[10], q[7]
Gate( 1289)	cx q[8], q[10]
Gate( 1290)	tdg q[7]
Gate( 1291)	cx q[8], q[7]
Gate( 1292)	tdg q[8]
Gate( 1293)	tdg q[7]
Gate( 1294)	 t q[10]
Gate( 1295)	cx q[10], q[7]
Gate( 1296)	cx q[8], q[10]
Gate( 1297)	cx q[7], q[8]
Gate( 1298)	 h q[10]
Gate( 1299)	 h q[0]
Gate( 1300)	 t q[6]
Gate( 1301)	 t q[10]
Gate( 1302)	 t q[0]
Gate( 1303)	cx q[10], q[6]
Gate( 1304)	cx q[0], q[10]
Gate( 1305)	cx q[6], q[0]
Gate( 1306)	tdg q[10]
Gate( 1307)	cx q[6], q[10]
Gate( 1308)	tdg q[6]
Gate( 1309)	tdg q[10]
Gate( 1310)	 t q[0]
Gate( 1311)	cx q[0], q[10]
Gate( 1312)	cx q[6], q[0]
Gate( 1313)	cx q[10], q[6]
Gate( 1314)	 h q[0]
Gate( 1315)	 h q[10]
Gate( 1316)	 t q[8]
Gate( 1317)	 t q[7]
Gate( 1318)	 t q[10]
Gate( 1319)	cx q[7], q[8]
Gate( 1320)	cx q[10], q[7]
Gate( 1321)	cx q[8], q[10]
Gate( 1322)	tdg q[7]
Gate( 1323)	cx q[8], q[7]
Gate( 1324)	tdg q[8]
Gate( 1325)	tdg q[7]
Gate( 1326)	 t q[10]
Gate( 1327)	cx q[10], q[7]
Gate( 1328)	cx q[8], q[10]
Gate( 1329)	cx q[7], q[8]
Gate( 1330)	 h q[10]
Gate( 1331)	 h q[7]
Gate( 1332)	 t q[9]
Gate( 1333)	 t q[5]
Gate( 1334)	 t q[7]
Gate( 1335)	cx q[5], q[9]
Gate( 1336)	cx q[7], q[5]
Gate( 1337)	cx q[9], q[7]
Gate( 1338)	tdg q[5]
Gate( 1339)	cx q[9], q[5]
Gate( 1340)	tdg q[9]
Gate( 1341)	tdg q[5]
Gate( 1342)	 t q[7]
Gate( 1343)	cx q[7], q[5]
Gate( 1344)	cx q[9], q[7]
Gate( 1345)	cx q[5], q[9]
Gate( 1346)	 h q[7]
Gate( 1347)	 h q[5]
Gate( 1348)	 t q[12]
Gate( 1349)	 t q[11]
Gate( 1350)	 t q[5]
Gate( 1351)	cx q[11], q[12]
Gate( 1352)	cx q[5], q[11]
Gate( 1353)	cx q[12], q[5]
Gate( 1354)	tdg q[11]
Gate( 1355)	cx q[12], q[11]
Gate( 1356)	tdg q[12]
Gate( 1357)	tdg q[11]
Gate( 1358)	 t q[5]
Gate( 1359)	cx q[5], q[11]
Gate( 1360)	cx q[12], q[5]
Gate( 1361)	cx q[11], q[12]
Gate( 1362)	 h q[5]
Gate( 1363)	 h q[7]
Gate( 1364)	 t q[9]
Gate( 1365)	 t q[5]
Gate( 1366)	 t q[7]
Gate( 1367)	cx q[5], q[9]
Gate( 1368)	cx q[7], q[5]
Gate( 1369)	cx q[9], q[7]
Gate( 1370)	tdg q[5]
Gate( 1371)	cx q[9], q[5]
Gate( 1372)	tdg q[9]
Gate( 1373)	tdg q[5]
Gate( 1374)	 t q[7]
Gate( 1375)	cx q[7], q[5]
Gate( 1376)	cx q[9], q[7]
Gate( 1377)	cx q[5], q[9]
Gate( 1378)	 h q[7]
Gate( 1379)	 h q[10]
Gate( 1380)	 t q[8]
Gate( 1381)	 t q[7]
Gate( 1382)	 t q[10]
Gate( 1383)	cx q[7], q[8]
Gate( 1384)	cx q[10], q[7]
Gate( 1385)	cx q[8], q[10]
Gate( 1386)	tdg q[7]
Gate( 1387)	cx q[8], q[7]
Gate( 1388)	tdg q[8]
Gate( 1389)	tdg q[7]
Gate( 1390)	 t q[10]
Gate( 1391)	cx q[10], q[7]
Gate( 1392)	cx q[8], q[10]
Gate( 1393)	cx q[7], q[8]
Gate( 1394)	 h q[10]
Gate( 1395)	 h q[0]
Gate( 1396)	 t q[6]
Gate( 1397)	 t q[11]
Gate( 1398)	 t q[0]
Gate( 1399)	cx q[11], q[6]
Gate( 1400)	cx q[0], q[11]
Gate( 1401)	cx q[6], q[0]
Gate( 1402)	tdg q[11]
Gate( 1403)	cx q[6], q[11]
Gate( 1404)	tdg q[6]
Gate( 1405)	tdg q[11]
Gate( 1406)	 t q[0]
Gate( 1407)	cx q[0], q[11]
Gate( 1408)	cx q[6], q[0]
Gate( 1409)	cx q[11], q[6]
Gate( 1410)	 h q[0]
Gate( 1411)	 h q[11]
Gate( 1412)	 t q[7]
Gate( 1413)	 t q[10]
Gate( 1414)	 t q[11]
Gate( 1415)	cx q[10], q[7]
Gate( 1416)	cx q[11], q[10]
Gate( 1417)	cx q[7], q[11]
Gate( 1418)	tdg q[10]
Gate( 1419)	cx q[7], q[10]
Gate( 1420)	tdg q[7]
Gate( 1421)	tdg q[10]
Gate( 1422)	 t q[11]
Gate( 1423)	cx q[11], q[10]
Gate( 1424)	cx q[7], q[11]
Gate( 1425)	cx q[10], q[7]
Gate( 1426)	 h q[11]
Gate( 1427)	 h q[10]
Gate( 1428)	 t q[8]
Gate( 1429)	 t q[5]
Gate( 1430)	 t q[10]
Gate( 1431)	cx q[5], q[8]
Gate( 1432)	cx q[10], q[5]
Gate( 1433)	cx q[8], q[10]
Gate( 1434)	tdg q[5]
Gate( 1435)	cx q[8], q[5]
Gate( 1436)	tdg q[8]
Gate( 1437)	tdg q[5]
Gate( 1438)	 t q[10]
Gate( 1439)	cx q[10], q[5]
Gate( 1440)	cx q[8], q[10]
Gate( 1441)	cx q[5], q[8]
Gate( 1442)	 h q[10]
Gate( 1443)	 h q[5]
Gate( 1444)	 t q[12]
Gate( 1445)	 t q[9]
Gate( 1446)	 t q[5]
Gate( 1447)	cx q[9], q[12]
Gate( 1448)	cx q[5], q[9]
Gate( 1449)	cx q[12], q[5]
Gate( 1450)	tdg q[9]
Gate( 1451)	cx q[12], q[9]
Gate( 1452)	tdg q[12]
Gate( 1453)	tdg q[9]
Gate( 1454)	 t q[5]
Gate( 1455)	cx q[5], q[9]
Gate( 1456)	cx q[12], q[5]
Gate( 1457)	cx q[9], q[12]
Gate( 1458)	 h q[5]
Gate( 1459)	 h q[10]
Gate( 1460)	 t q[8]
Gate( 1461)	 t q[5]
Gate( 1462)	 t q[10]
Gate( 1463)	cx q[5], q[8]
Gate( 1464)	cx q[10], q[5]
Gate( 1465)	cx q[8], q[10]
Gate( 1466)	tdg q[5]
Gate( 1467)	cx q[8], q[5]
Gate( 1468)	tdg q[8]
Gate( 1469)	tdg q[5]
Gate( 1470)	 t q[10]
Gate( 1471)	cx q[10], q[5]
Gate( 1472)	cx q[8], q[10]
Gate( 1473)	cx q[5], q[8]
Gate( 1474)	 h q[10]
Gate( 1475)	 h q[11]
Gate( 1476)	 t q[7]
Gate( 1477)	 t q[10]
Gate( 1478)	 t q[11]
Gate( 1479)	cx q[10], q[7]
Gate( 1480)	cx q[11], q[10]
Gate( 1481)	cx q[7], q[11]
Gate( 1482)	tdg q[10]
Gate( 1483)	cx q[7], q[10]
Gate( 1484)	tdg q[7]
Gate( 1485)	tdg q[10]
Gate( 1486)	 t q[11]
Gate( 1487)	cx q[11], q[10]
Gate( 1488)	cx q[7], q[11]
Gate( 1489)	cx q[10], q[7]
Gate( 1490)	 h q[11]
Gate( 1491)	 h q[0]
Gate( 1492)	 t q[6]
Gate( 1493)	 t q[11]
Gate( 1494)	 t q[0]
Gate( 1495)	cx q[11], q[6]
Gate( 1496)	cx q[0], q[11]
Gate( 1497)	cx q[6], q[0]
Gate( 1498)	tdg q[11]
Gate( 1499)	cx q[6], q[11]
Gate( 1500)	tdg q[6]
Gate( 1501)	tdg q[11]
Gate( 1502)	 t q[0]
Gate( 1503)	cx q[0], q[11]
Gate( 1504)	cx q[6], q[0]
Gate( 1505)	cx q[11], q[6]
Gate( 1506)	 h q[0]
Gate( 1507)	 h q[11]
Gate( 1508)	 t q[7]
Gate( 1509)	 t q[10]
Gate( 1510)	 t q[11]
Gate( 1511)	cx q[10], q[7]
Gate( 1512)	cx q[11], q[10]
Gate( 1513)	cx q[7], q[11]
Gate( 1514)	tdg q[10]
Gate( 1515)	cx q[7], q[10]
Gate( 1516)	tdg q[7]
Gate( 1517)	tdg q[10]
Gate( 1518)	 t q[11]
Gate( 1519)	cx q[11], q[10]
Gate( 1520)	cx q[7], q[11]
Gate( 1521)	cx q[10], q[7]
Gate( 1522)	 h q[11]
Gate( 1523)	 h q[10]
Gate( 1524)	 t q[8]
Gate( 1525)	 t q[5]
Gate( 1526)	 t q[10]
Gate( 1527)	cx q[5], q[8]
Gate( 1528)	cx q[10], q[5]
Gate( 1529)	cx q[8], q[10]
Gate( 1530)	tdg q[5]
Gate( 1531)	cx q[8], q[5]
Gate( 1532)	tdg q[8]
Gate( 1533)	tdg q[5]
Gate( 1534)	 t q[10]
Gate( 1535)	cx q[10], q[5]
Gate( 1536)	cx q[8], q[10]
Gate( 1537)	cx q[5], q[8]
Gate( 1538)	 h q[10]
Gate( 1539)	 h q[5]
Gate( 1540)	 t q[12]
Gate( 1541)	 t q[9]
Gate( 1542)	 t q[5]
Gate( 1543)	cx q[9], q[12]
Gate( 1544)	cx q[5], q[9]
Gate( 1545)	cx q[12], q[5]
Gate( 1546)	tdg q[9]
Gate( 1547)	cx q[12], q[9]
Gate( 1548)	tdg q[12]
Gate( 1549)	tdg q[9]
Gate( 1550)	 t q[5]
Gate( 1551)	cx q[5], q[9]
Gate( 1552)	cx q[12], q[5]
Gate( 1553)	cx q[9], q[12]
Gate( 1554)	 h q[5]
Gate( 1555)	 h q[10]
Gate( 1556)	 t q[8]
Gate( 1557)	 t q[5]
Gate( 1558)	 t q[10]
Gate( 1559)	cx q[5], q[8]
Gate( 1560)	cx q[10], q[5]
Gate( 1561)	cx q[8], q[10]
Gate( 1562)	tdg q[5]
Gate( 1563)	cx q[8], q[5]
Gate( 1564)	tdg q[8]
Gate( 1565)	tdg q[5]
Gate( 1566)	 t q[10]
Gate( 1567)	cx q[10], q[5]
Gate( 1568)	cx q[8], q[10]
Gate( 1569)	cx q[5], q[8]
Gate( 1570)	 h q[10]
Gate( 1571)	 h q[11]
Gate( 1572)	 t q[7]
Gate( 1573)	 t q[10]
Gate( 1574)	 t q[11]
Gate( 1575)	cx q[10], q[7]
Gate( 1576)	cx q[11], q[10]
Gate( 1577)	cx q[7], q[11]
Gate( 1578)	tdg q[10]
Gate( 1579)	cx q[7], q[10]
Gate( 1580)	tdg q[7]
Gate( 1581)	tdg q[10]
Gate( 1582)	 t q[11]
Gate( 1583)	cx q[11], q[10]
Gate( 1584)	cx q[7], q[11]
Gate( 1585)	cx q[10], q[7]
Gate( 1586)	 h q[11]
Gate( 1587)	 x q[10]
Gate( 1588)	 h q[0]
Gate( 1589)	 t q[7]
Gate( 1590)	 t q[11]
Gate( 1591)	 t q[0]
Gate( 1592)	cx q[11], q[7]
Gate( 1593)	cx q[0], q[11]
Gate( 1594)	cx q[7], q[0]
Gate( 1595)	tdg q[11]
Gate( 1596)	cx q[7], q[11]
Gate( 1597)	tdg q[7]
Gate( 1598)	tdg q[11]
Gate( 1599)	 t q[0]
Gate( 1600)	cx q[0], q[11]
Gate( 1601)	cx q[7], q[0]
Gate( 1602)	cx q[11], q[7]
Gate( 1603)	 h q[0]
Gate( 1604)	 h q[11]
Gate( 1605)	 t q[8]
Gate( 1606)	 t q[6]
Gate( 1607)	 t q[11]
Gate( 1608)	cx q[6], q[8]
Gate( 1609)	cx q[11], q[6]
Gate( 1610)	cx q[8], q[11]
Gate( 1611)	tdg q[6]
Gate( 1612)	cx q[8], q[6]
Gate( 1613)	tdg q[8]
Gate( 1614)	tdg q[6]
Gate( 1615)	 t q[11]
Gate( 1616)	cx q[11], q[6]
Gate( 1617)	cx q[8], q[11]
Gate( 1618)	cx q[6], q[8]
Gate( 1619)	 h q[11]
Gate( 1620)	 h q[6]
Gate( 1621)	 t q[9]
Gate( 1622)	 t q[5]
Gate( 1623)	 t q[6]
Gate( 1624)	cx q[5], q[9]
Gate( 1625)	cx q[6], q[5]
Gate( 1626)	cx q[9], q[6]
Gate( 1627)	tdg q[5]
Gate( 1628)	cx q[9], q[5]
Gate( 1629)	tdg q[9]
Gate( 1630)	tdg q[5]
Gate( 1631)	 t q[6]
Gate( 1632)	cx q[6], q[5]
Gate( 1633)	cx q[9], q[6]
Gate( 1634)	cx q[5], q[9]
Gate( 1635)	 h q[6]
Gate( 1636)	 h q[5]
Gate( 1637)	 t q[12]
Gate( 1638)	 t q[10]
Gate( 1639)	 t q[5]
Gate( 1640)	cx q[10], q[12]
Gate( 1641)	cx q[5], q[10]
Gate( 1642)	cx q[12], q[5]
Gate( 1643)	tdg q[10]
Gate( 1644)	cx q[12], q[10]
Gate( 1645)	tdg q[12]
Gate( 1646)	tdg q[10]
Gate( 1647)	 t q[5]
Gate( 1648)	cx q[5], q[10]
Gate( 1649)	cx q[12], q[5]
Gate( 1650)	cx q[10], q[12]
Gate( 1651)	 h q[5]
Gate( 1652)	 h q[6]
Gate( 1653)	 t q[9]
Gate( 1654)	 t q[5]
Gate( 1655)	 t q[6]
Gate( 1656)	cx q[5], q[9]
Gate( 1657)	cx q[6], q[5]
Gate( 1658)	cx q[9], q[6]
Gate( 1659)	tdg q[5]
Gate( 1660)	cx q[9], q[5]
Gate( 1661)	tdg q[9]
Gate( 1662)	tdg q[5]
Gate( 1663)	 t q[6]
Gate( 1664)	cx q[6], q[5]
Gate( 1665)	cx q[9], q[6]
Gate( 1666)	cx q[5], q[9]
Gate( 1667)	 h q[6]
Gate( 1668)	 h q[11]
Gate( 1669)	 t q[8]
Gate( 1670)	 t q[6]
Gate( 1671)	 t q[11]
Gate( 1672)	cx q[6], q[8]
Gate( 1673)	cx q[11], q[6]
Gate( 1674)	cx q[8], q[11]
Gate( 1675)	tdg q[6]
Gate( 1676)	cx q[8], q[6]
Gate( 1677)	tdg q[8]
Gate( 1678)	tdg q[6]
Gate( 1679)	 t q[11]
Gate( 1680)	cx q[11], q[6]
Gate( 1681)	cx q[8], q[11]
Gate( 1682)	cx q[6], q[8]
Gate( 1683)	 h q[11]
Gate( 1684)	 h q[0]
Gate( 1685)	 t q[7]
Gate( 1686)	 t q[11]
Gate( 1687)	 t q[0]
Gate( 1688)	cx q[11], q[7]
Gate( 1689)	cx q[0], q[11]
Gate( 1690)	cx q[7], q[0]
Gate( 1691)	tdg q[11]
Gate( 1692)	cx q[7], q[11]
Gate( 1693)	tdg q[7]
Gate( 1694)	tdg q[11]
Gate( 1695)	 t q[0]
Gate( 1696)	cx q[0], q[11]
Gate( 1697)	cx q[7], q[0]
Gate( 1698)	cx q[11], q[7]
Gate( 1699)	 h q[0]
Gate( 1700)	 h q[11]
Gate( 1701)	 t q[8]
Gate( 1702)	 t q[6]
Gate( 1703)	 t q[11]
Gate( 1704)	cx q[6], q[8]
Gate( 1705)	cx q[11], q[6]
Gate( 1706)	cx q[8], q[11]
Gate( 1707)	tdg q[6]
Gate( 1708)	cx q[8], q[6]
Gate( 1709)	tdg q[8]
Gate( 1710)	tdg q[6]
Gate( 1711)	 t q[11]
Gate( 1712)	cx q[11], q[6]
Gate( 1713)	cx q[8], q[11]
Gate( 1714)	cx q[6], q[8]
Gate( 1715)	 h q[11]
Gate( 1716)	 h q[6]
Gate( 1717)	 t q[9]
Gate( 1718)	 t q[5]
Gate( 1719)	 t q[6]
Gate( 1720)	cx q[5], q[9]
Gate( 1721)	cx q[6], q[5]
Gate( 1722)	cx q[9], q[6]
Gate( 1723)	tdg q[5]
Gate( 1724)	cx q[9], q[5]
Gate( 1725)	tdg q[9]
Gate( 1726)	tdg q[5]
Gate( 1727)	 t q[6]
Gate( 1728)	cx q[6], q[5]
Gate( 1729)	cx q[9], q[6]
Gate( 1730)	cx q[5], q[9]
Gate( 1731)	 h q[6]
Gate( 1732)	 h q[5]
Gate( 1733)	 t q[12]
Gate( 1734)	 t q[10]
Gate( 1735)	 t q[5]
Gate( 1736)	cx q[10], q[12]
Gate( 1737)	cx q[5], q[10]
Gate( 1738)	cx q[12], q[5]
Gate( 1739)	tdg q[10]
Gate( 1740)	cx q[12], q[10]
Gate( 1741)	tdg q[12]
Gate( 1742)	tdg q[10]
Gate( 1743)	 t q[5]
Gate( 1744)	cx q[5], q[10]
Gate( 1745)	cx q[12], q[5]
Gate( 1746)	cx q[10], q[12]
Gate( 1747)	 h q[5]
Gate( 1748)	 h q[6]
Gate( 1749)	 t q[9]
Gate( 1750)	 t q[5]
Gate( 1751)	 t q[6]
Gate( 1752)	cx q[5], q[9]
Gate( 1753)	cx q[6], q[5]
Gate( 1754)	cx q[9], q[6]
Gate( 1755)	tdg q[5]
Gate( 1756)	cx q[9], q[5]
Gate( 1757)	tdg q[9]
Gate( 1758)	tdg q[5]
Gate( 1759)	 t q[6]
Gate( 1760)	cx q[6], q[5]
Gate( 1761)	cx q[9], q[6]
Gate( 1762)	cx q[5], q[9]
Gate( 1763)	 h q[6]
Gate( 1764)	 h q[11]
Gate( 1765)	 t q[8]
Gate( 1766)	 t q[6]
Gate( 1767)	 t q[11]
Gate( 1768)	cx q[6], q[8]
Gate( 1769)	cx q[11], q[6]
Gate( 1770)	cx q[8], q[11]
Gate( 1771)	tdg q[6]
Gate( 1772)	cx q[8], q[6]
Gate( 1773)	tdg q[8]
Gate( 1774)	tdg q[6]
Gate( 1775)	 t q[11]
Gate( 1776)	cx q[11], q[6]
Gate( 1777)	cx q[8], q[11]
Gate( 1778)	cx q[6], q[8]
Gate( 1779)	 h q[11]
Gate( 1780)	 h q[0]
Gate( 1781)	 t q[8]
Gate( 1782)	 t q[7]
Gate( 1783)	 t q[0]
Gate( 1784)	cx q[7], q[8]
Gate( 1785)	cx q[0], q[7]
Gate( 1786)	cx q[8], q[0]
Gate( 1787)	tdg q[7]
Gate( 1788)	cx q[8], q[7]
Gate( 1789)	tdg q[8]
Gate( 1790)	tdg q[7]
Gate( 1791)	 t q[0]
Gate( 1792)	cx q[0], q[7]
Gate( 1793)	cx q[8], q[0]
Gate( 1794)	cx q[7], q[8]
Gate( 1795)	 h q[0]
Gate( 1796)	 h q[7]
Gate( 1797)	 t q[9]
Gate( 1798)	 t q[6]
Gate( 1799)	 t q[7]
Gate( 1800)	cx q[6], q[9]
Gate( 1801)	cx q[7], q[6]
Gate( 1802)	cx q[9], q[7]
Gate( 1803)	tdg q[6]
Gate( 1804)	cx q[9], q[6]
Gate( 1805)	tdg q[9]
Gate( 1806)	tdg q[6]
Gate( 1807)	 t q[7]
Gate( 1808)	cx q[7], q[6]
Gate( 1809)	cx q[9], q[7]
Gate( 1810)	cx q[6], q[9]
Gate( 1811)	 h q[7]
Gate( 1812)	 h q[6]
Gate( 1813)	 t q[10]
Gate( 1814)	 t q[5]
Gate( 1815)	 t q[6]
Gate( 1816)	cx q[5], q[10]
Gate( 1817)	cx q[6], q[5]
Gate( 1818)	cx q[10], q[6]
Gate( 1819)	tdg q[5]
Gate( 1820)	cx q[10], q[5]
Gate( 1821)	tdg q[10]
Gate( 1822)	tdg q[5]
Gate( 1823)	 t q[6]
Gate( 1824)	cx q[6], q[5]
Gate( 1825)	cx q[10], q[6]
Gate( 1826)	cx q[5], q[10]
Gate( 1827)	 h q[6]
Gate( 1828)	 h q[5]
Gate( 1829)	 t q[12]
Gate( 1830)	 t q[11]
Gate( 1831)	 t q[5]
Gate( 1832)	cx q[11], q[12]
Gate( 1833)	cx q[5], q[11]
Gate( 1834)	cx q[12], q[5]
Gate( 1835)	tdg q[11]
Gate( 1836)	cx q[12], q[11]
Gate( 1837)	tdg q[12]
Gate( 1838)	tdg q[11]
Gate( 1839)	 t q[5]
Gate( 1840)	cx q[5], q[11]
Gate( 1841)	cx q[12], q[5]
Gate( 1842)	cx q[11], q[12]
Gate( 1843)	 h q[5]
Gate( 1844)	 h q[6]
Gate( 1845)	 t q[10]
Gate( 1846)	 t q[5]
Gate( 1847)	 t q[6]
Gate( 1848)	cx q[5], q[10]
Gate( 1849)	cx q[6], q[5]
Gate( 1850)	cx q[10], q[6]
Gate( 1851)	tdg q[5]
Gate( 1852)	cx q[10], q[5]
Gate( 1853)	tdg q[10]
Gate( 1854)	tdg q[5]
Gate( 1855)	 t q[6]
Gate( 1856)	cx q[6], q[5]
Gate( 1857)	cx q[10], q[6]
Gate( 1858)	cx q[5], q[10]
Gate( 1859)	 h q[6]
Gate( 1860)	 h q[7]
Gate( 1861)	 t q[9]
Gate( 1862)	 t q[6]
Gate( 1863)	 t q[7]
Gate( 1864)	cx q[6], q[9]
Gate( 1865)	cx q[7], q[6]
Gate( 1866)	cx q[9], q[7]
Gate( 1867)	tdg q[6]
Gate( 1868)	cx q[9], q[6]
Gate( 1869)	tdg q[9]
Gate( 1870)	tdg q[6]
Gate( 1871)	 t q[7]
Gate( 1872)	cx q[7], q[6]
Gate( 1873)	cx q[9], q[7]
Gate( 1874)	cx q[6], q[9]
Gate( 1875)	 h q[7]
Gate( 1876)	 h q[0]
Gate( 1877)	 t q[8]
Gate( 1878)	 t q[7]
Gate( 1879)	 t q[0]
Gate( 1880)	cx q[7], q[8]
Gate( 1881)	cx q[0], q[7]
Gate( 1882)	cx q[8], q[0]
Gate( 1883)	tdg q[7]
Gate( 1884)	cx q[8], q[7]
Gate( 1885)	tdg q[8]
Gate( 1886)	tdg q[7]
Gate( 1887)	 t q[0]
Gate( 1888)	cx q[0], q[7]
Gate( 1889)	cx q[8], q[0]
Gate( 1890)	cx q[7], q[8]
Gate( 1891)	 h q[0]
Gate( 1892)	 h q[7]
Gate( 1893)	 t q[9]
Gate( 1894)	 t q[6]
Gate( 1895)	 t q[7]
Gate( 1896)	cx q[6], q[9]
Gate( 1897)	cx q[7], q[6]
Gate( 1898)	cx q[9], q[7]
Gate( 1899)	tdg q[6]
Gate( 1900)	cx q[9], q[6]
Gate( 1901)	tdg q[9]
Gate( 1902)	tdg q[6]
Gate( 1903)	 t q[7]
Gate( 1904)	cx q[7], q[6]
Gate( 1905)	cx q[9], q[7]
Gate( 1906)	cx q[6], q[9]
Gate( 1907)	 h q[7]
Gate( 1908)	 h q[6]
Gate( 1909)	 t q[10]
Gate( 1910)	 t q[5]
Gate( 1911)	 t q[6]
Gate( 1912)	cx q[5], q[10]
Gate( 1913)	cx q[6], q[5]
Gate( 1914)	cx q[10], q[6]
Gate( 1915)	tdg q[5]
Gate( 1916)	cx q[10], q[5]
Gate( 1917)	tdg q[10]
Gate( 1918)	tdg q[5]
Gate( 1919)	 t q[6]
Gate( 1920)	cx q[6], q[5]
Gate( 1921)	cx q[10], q[6]
Gate( 1922)	cx q[5], q[10]
Gate( 1923)	 h q[6]
Gate( 1924)	 h q[5]
Gate( 1925)	 t q[12]
Gate( 1926)	 t q[11]
Gate( 1927)	 t q[5]
Gate( 1928)	cx q[11], q[12]
Gate( 1929)	cx q[5], q[11]
Gate( 1930)	cx q[12], q[5]
Gate( 1931)	tdg q[11]
Gate( 1932)	cx q[12], q[11]
Gate( 1933)	tdg q[12]
Gate( 1934)	tdg q[11]
Gate( 1935)	 t q[5]
Gate( 1936)	cx q[5], q[11]
Gate( 1937)	cx q[12], q[5]
Gate( 1938)	cx q[11], q[12]
Gate( 1939)	 h q[5]
Gate( 1940)	 h q[6]
Gate( 1941)	 t q[10]
Gate( 1942)	 t q[5]
Gate( 1943)	 t q[6]
Gate( 1944)	cx q[5], q[10]
Gate( 1945)	cx q[6], q[5]
Gate( 1946)	cx q[10], q[6]
Gate( 1947)	tdg q[5]
Gate( 1948)	cx q[10], q[5]
Gate( 1949)	tdg q[10]
Gate( 1950)	tdg q[5]
Gate( 1951)	 t q[6]
Gate( 1952)	cx q[6], q[5]
Gate( 1953)	cx q[10], q[6]
Gate( 1954)	cx q[5], q[10]
Gate( 1955)	 h q[6]
Gate( 1956)	 h q[7]
Gate( 1957)	 t q[9]
Gate( 1958)	 t q[6]
Gate( 1959)	 t q[7]
Gate( 1960)	cx q[6], q[9]
Gate( 1961)	cx q[7], q[6]
Gate( 1962)	cx q[9], q[7]
Gate( 1963)	tdg q[6]
Gate( 1964)	cx q[9], q[6]
Gate( 1965)	tdg q[9]
Gate( 1966)	tdg q[6]
Gate( 1967)	 t q[7]
Gate( 1968)	cx q[7], q[6]
Gate( 1969)	cx q[9], q[7]
Gate( 1970)	cx q[6], q[9]
Gate( 1971)	 h q[7]
Gate( 1972)	 h q[2]
Gate( 1973)	 t q[10]
Gate( 1974)	 t q[6]
Gate( 1975)	 t q[2]
Gate( 1976)	cx q[6], q[10]
Gate( 1977)	cx q[2], q[6]
Gate( 1978)	cx q[10], q[2]
Gate( 1979)	tdg q[6]
Gate( 1980)	cx q[10], q[6]
Gate( 1981)	tdg q[10]
Gate( 1982)	tdg q[6]
Gate( 1983)	 t q[2]
Gate( 1984)	cx q[2], q[6]
Gate( 1985)	cx q[10], q[2]
Gate( 1986)	cx q[6], q[10]
Gate( 1987)	 h q[2]
Gate( 1988)	 x q[7]
Gate( 1989)	 h q[2]
Gate( 1990)	 t q[7]
Gate( 1991)	 t q[11]
Gate( 1992)	 t q[2]
Gate( 1993)	cx q[11], q[7]
Gate( 1994)	cx q[2], q[11]
Gate( 1995)	cx q[7], q[2]
Gate( 1996)	tdg q[11]
Gate( 1997)	cx q[7], q[11]
Gate( 1998)	tdg q[7]
Gate( 1999)	tdg q[11]
Gate( 2000)	 t q[2]
Gate( 2001)	cx q[2], q[11]
Gate( 2002)	cx q[7], q[2]
Gate( 2003)	cx q[11], q[7]
Gate( 2004)	 h q[2]
Gate( 2005)	 h q[11]
Gate( 2006)	 t q[12]
Gate( 2007)	 t q[8]
Gate( 2008)	 t q[11]
Gate( 2009)	cx q[8], q[12]
Gate( 2010)	cx q[11], q[8]
Gate( 2011)	cx q[12], q[11]
Gate( 2012)	tdg q[8]
Gate( 2013)	cx q[12], q[8]
Gate( 2014)	tdg q[12]
Gate( 2015)	tdg q[8]
Gate( 2016)	 t q[11]
Gate( 2017)	cx q[11], q[8]
Gate( 2018)	cx q[12], q[11]
Gate( 2019)	cx q[8], q[12]
Gate( 2020)	 h q[11]
Gate( 2021)	 h q[2]
Gate( 2022)	 t q[7]
Gate( 2023)	 t q[11]
Gate( 2024)	 t q[2]
Gate( 2025)	cx q[11], q[7]
Gate( 2026)	cx q[2], q[11]
Gate( 2027)	cx q[7], q[2]
Gate( 2028)	tdg q[11]
Gate( 2029)	cx q[7], q[11]
Gate( 2030)	tdg q[7]
Gate( 2031)	tdg q[11]
Gate( 2032)	 t q[2]
Gate( 2033)	cx q[2], q[11]
Gate( 2034)	cx q[7], q[2]
Gate( 2035)	cx q[11], q[7]
Gate( 2036)	 h q[2]
Gate( 2037)	 h q[11]
Gate( 2038)	 t q[12]
Gate( 2039)	 t q[8]
Gate( 2040)	 t q[11]
Gate( 2041)	cx q[8], q[12]
Gate( 2042)	cx q[11], q[8]
Gate( 2043)	cx q[12], q[11]
Gate( 2044)	tdg q[8]
Gate( 2045)	cx q[12], q[8]
Gate( 2046)	tdg q[12]
Gate( 2047)	tdg q[8]
Gate( 2048)	 t q[11]
Gate( 2049)	cx q[11], q[8]
Gate( 2050)	cx q[12], q[11]
Gate( 2051)	cx q[8], q[12]
Gate( 2052)	 h q[11]
Gate( 2053)	 h q[1]
Gate( 2054)	 t q[7]
Gate( 2055)	 t q[11]
Gate( 2056)	 t q[1]
Gate( 2057)	cx q[11], q[7]
Gate( 2058)	cx q[1], q[11]
Gate( 2059)	cx q[7], q[1]
Gate( 2060)	tdg q[11]
Gate( 2061)	cx q[7], q[11]
Gate( 2062)	tdg q[7]
Gate( 2063)	tdg q[11]
Gate( 2064)	 t q[1]
Gate( 2065)	cx q[1], q[11]
Gate( 2066)	cx q[7], q[1]
Gate( 2067)	cx q[11], q[7]
Gate( 2068)	 h q[1]
Gate( 2069)	 h q[11]
Gate( 2070)	 t q[8]
Gate( 2071)	 t q[9]
Gate( 2072)	 t q[11]
Gate( 2073)	cx q[9], q[8]
Gate( 2074)	cx q[11], q[9]
Gate( 2075)	cx q[8], q[11]
Gate( 2076)	tdg q[9]
Gate( 2077)	cx q[8], q[9]
Gate( 2078)	tdg q[8]
Gate( 2079)	tdg q[9]
Gate( 2080)	 t q[11]
Gate( 2081)	cx q[11], q[9]
Gate( 2082)	cx q[8], q[11]
Gate( 2083)	cx q[9], q[8]
Gate( 2084)	 h q[11]
Gate( 2085)	 h q[9]
Gate( 2086)	 t q[12]
Gate( 2087)	 t q[10]
Gate( 2088)	 t q[9]
Gate( 2089)	cx q[10], q[12]
Gate( 2090)	cx q[9], q[10]
Gate( 2091)	cx q[12], q[9]
Gate( 2092)	tdg q[10]
Gate( 2093)	cx q[12], q[10]
Gate( 2094)	tdg q[12]
Gate( 2095)	tdg q[10]
Gate( 2096)	 t q[9]
Gate( 2097)	cx q[9], q[10]
Gate( 2098)	cx q[12], q[9]
Gate( 2099)	cx q[10], q[12]
Gate( 2100)	 h q[9]
Gate( 2101)	 h q[11]
Gate( 2102)	 t q[8]
Gate( 2103)	 t q[9]
Gate( 2104)	 t q[11]
Gate( 2105)	cx q[9], q[8]
Gate( 2106)	cx q[11], q[9]
Gate( 2107)	cx q[8], q[11]
Gate( 2108)	tdg q[9]
Gate( 2109)	cx q[8], q[9]
Gate( 2110)	tdg q[8]
Gate( 2111)	tdg q[9]
Gate( 2112)	 t q[11]
Gate( 2113)	cx q[11], q[9]
Gate( 2114)	cx q[8], q[11]
Gate( 2115)	cx q[9], q[8]
Gate( 2116)	 h q[11]
Gate( 2117)	 h q[1]
Gate( 2118)	 t q[7]
Gate( 2119)	 t q[11]
Gate( 2120)	 t q[1]
Gate( 2121)	cx q[11], q[7]
Gate( 2122)	cx q[1], q[11]
Gate( 2123)	cx q[7], q[1]
Gate( 2124)	tdg q[11]
Gate( 2125)	cx q[7], q[11]
Gate( 2126)	tdg q[7]
Gate( 2127)	tdg q[11]
Gate( 2128)	 t q[1]
Gate( 2129)	cx q[1], q[11]
Gate( 2130)	cx q[7], q[1]
Gate( 2131)	cx q[11], q[7]
Gate( 2132)	 h q[1]
Gate( 2133)	 h q[11]
Gate( 2134)	 t q[8]
Gate( 2135)	 t q[9]
Gate( 2136)	 t q[11]
Gate( 2137)	cx q[9], q[8]
Gate( 2138)	cx q[11], q[9]
Gate( 2139)	cx q[8], q[11]
Gate( 2140)	tdg q[9]
Gate( 2141)	cx q[8], q[9]
Gate( 2142)	tdg q[8]
Gate( 2143)	tdg q[9]
Gate( 2144)	 t q[11]
Gate( 2145)	cx q[11], q[9]
Gate( 2146)	cx q[8], q[11]
Gate( 2147)	cx q[9], q[8]
Gate( 2148)	 h q[11]
Gate( 2149)	 h q[9]
Gate( 2150)	 t q[12]
Gate( 2151)	 t q[10]
Gate( 2152)	 t q[9]
Gate( 2153)	cx q[10], q[12]
Gate( 2154)	cx q[9], q[10]
Gate( 2155)	cx q[12], q[9]
Gate( 2156)	tdg q[10]
Gate( 2157)	cx q[12], q[10]
Gate( 2158)	tdg q[12]
Gate( 2159)	tdg q[10]
Gate( 2160)	 t q[9]
Gate( 2161)	cx q[9], q[10]
Gate( 2162)	cx q[12], q[9]
Gate( 2163)	cx q[10], q[12]
Gate( 2164)	 h q[9]
Gate( 2165)	 h q[11]
Gate( 2166)	 t q[8]
Gate( 2167)	 t q[9]
Gate( 2168)	 t q[11]
Gate( 2169)	cx q[9], q[8]
Gate( 2170)	cx q[11], q[9]
Gate( 2171)	cx q[8], q[11]
Gate( 2172)	tdg q[9]
Gate( 2173)	cx q[8], q[9]
Gate( 2174)	tdg q[8]
Gate( 2175)	tdg q[9]
Gate( 2176)	 t q[11]
Gate( 2177)	cx q[11], q[9]
Gate( 2178)	cx q[8], q[11]
Gate( 2179)	cx q[9], q[8]
Gate( 2180)	 h q[11]
Gate( 2181)	 h q[0]
Gate( 2182)	 t q[5]
Gate( 2183)	 t q[11]
Gate( 2184)	 t q[0]
Gate( 2185)	cx q[11], q[5]
Gate( 2186)	cx q[0], q[11]
Gate( 2187)	cx q[5], q[0]
Gate( 2188)	tdg q[11]
Gate( 2189)	cx q[5], q[11]
Gate( 2190)	tdg q[5]
Gate( 2191)	tdg q[11]
Gate( 2192)	 t q[0]
Gate( 2193)	cx q[0], q[11]
Gate( 2194)	cx q[5], q[0]
Gate( 2195)	cx q[11], q[5]
Gate( 2196)	 h q[0]
Gate( 2197)	 h q[11]
Gate( 2198)	 t q[6]
Gate( 2199)	 t q[10]
Gate( 2200)	 t q[11]
Gate( 2201)	cx q[10], q[6]
Gate( 2202)	cx q[11], q[10]
Gate( 2203)	cx q[6], q[11]
Gate( 2204)	tdg q[10]
Gate( 2205)	cx q[6], q[10]
Gate( 2206)	tdg q[6]
Gate( 2207)	tdg q[10]
Gate( 2208)	 t q[11]
Gate( 2209)	cx q[11], q[10]
Gate( 2210)	cx q[6], q[11]
Gate( 2211)	cx q[10], q[6]
Gate( 2212)	 h q[11]
Gate( 2213)	 h q[10]
Gate( 2214)	 t q[7]
Gate( 2215)	 t q[9]
Gate( 2216)	 t q[10]
Gate( 2217)	cx q[9], q[7]
Gate( 2218)	cx q[10], q[9]
Gate( 2219)	cx q[7], q[10]
Gate( 2220)	tdg q[9]
Gate( 2221)	cx q[7], q[9]
Gate( 2222)	tdg q[7]
Gate( 2223)	tdg q[9]
Gate( 2224)	 t q[10]
Gate( 2225)	cx q[10], q[9]
Gate( 2226)	cx q[7], q[10]
Gate( 2227)	cx q[9], q[7]
Gate( 2228)	 h q[10]
Gate( 2229)	 h q[9]
Gate( 2230)	 t q[12]
Gate( 2231)	 t q[8]
Gate( 2232)	 t q[9]
Gate( 2233)	cx q[8], q[12]
Gate( 2234)	cx q[9], q[8]
Gate( 2235)	cx q[12], q[9]
Gate( 2236)	tdg q[8]
Gate( 2237)	cx q[12], q[8]
Gate( 2238)	tdg q[12]
Gate( 2239)	tdg q[8]
Gate( 2240)	 t q[9]
Gate( 2241)	cx q[9], q[8]
Gate( 2242)	cx q[12], q[9]
Gate( 2243)	cx q[8], q[12]
Gate( 2244)	 h q[9]
Gate( 2245)	 h q[10]
Gate( 2246)	 t q[7]
Gate( 2247)	 t q[9]
Gate( 2248)	 t q[10]
Gate( 2249)	cx q[9], q[7]
Gate( 2250)	cx q[10], q[9]
Gate( 2251)	cx q[7], q[10]
Gate( 2252)	tdg q[9]
Gate( 2253)	cx q[7], q[9]
Gate( 2254)	tdg q[7]
Gate( 2255)	tdg q[9]
Gate( 2256)	 t q[10]
Gate( 2257)	cx q[10], q[9]
Gate( 2258)	cx q[7], q[10]
Gate( 2259)	cx q[9], q[7]
Gate( 2260)	 h q[10]
Gate( 2261)	 h q[11]
Gate( 2262)	 t q[6]
Gate( 2263)	 t q[10]
Gate( 2264)	 t q[11]
Gate( 2265)	cx q[10], q[6]
Gate( 2266)	cx q[11], q[10]
Gate( 2267)	cx q[6], q[11]
Gate( 2268)	tdg q[10]
Gate( 2269)	cx q[6], q[10]
Gate( 2270)	tdg q[6]
Gate( 2271)	tdg q[10]
Gate( 2272)	 t q[11]
Gate( 2273)	cx q[11], q[10]
Gate( 2274)	cx q[6], q[11]
Gate( 2275)	cx q[10], q[6]
Gate( 2276)	 h q[11]
Gate( 2277)	 h q[0]
Gate( 2278)	 t q[5]
Gate( 2279)	 t q[11]
Gate( 2280)	 t q[0]
Gate( 2281)	cx q[11], q[5]
Gate( 2282)	cx q[0], q[11]
Gate( 2283)	cx q[5], q[0]
Gate( 2284)	tdg q[11]
Gate( 2285)	cx q[5], q[11]
Gate( 2286)	tdg q[5]
Gate( 2287)	tdg q[11]
Gate( 2288)	 t q[0]
Gate( 2289)	cx q[0], q[11]
Gate( 2290)	cx q[5], q[0]
Gate( 2291)	cx q[11], q[5]
Gate( 2292)	 h q[0]
Gate( 2293)	 h q[11]
Gate( 2294)	 t q[6]
Gate( 2295)	 t q[10]
Gate( 2296)	 t q[11]
Gate( 2297)	cx q[10], q[6]
Gate( 2298)	cx q[11], q[10]
Gate( 2299)	cx q[6], q[11]
Gate( 2300)	tdg q[10]
Gate( 2301)	cx q[6], q[10]
Gate( 2302)	tdg q[6]
Gate( 2303)	tdg q[10]
Gate( 2304)	 t q[11]
Gate( 2305)	cx q[11], q[10]
Gate( 2306)	cx q[6], q[11]
Gate( 2307)	cx q[10], q[6]
Gate( 2308)	 h q[11]
Gate( 2309)	 h q[10]
Gate( 2310)	 t q[7]
Gate( 2311)	 t q[9]
Gate( 2312)	 t q[10]
Gate( 2313)	cx q[9], q[7]
Gate( 2314)	cx q[10], q[9]
Gate( 2315)	cx q[7], q[10]
Gate( 2316)	tdg q[9]
Gate( 2317)	cx q[7], q[9]
Gate( 2318)	tdg q[7]
Gate( 2319)	tdg q[9]
Gate( 2320)	 t q[10]
Gate( 2321)	cx q[10], q[9]
Gate( 2322)	cx q[7], q[10]
Gate( 2323)	cx q[9], q[7]
Gate( 2324)	 h q[10]
Gate( 2325)	 h q[9]
Gate( 2326)	 t q[12]
Gate( 2327)	 t q[8]
Gate( 2328)	 t q[9]
Gate( 2329)	cx q[8], q[12]
Gate( 2330)	cx q[9], q[8]
Gate( 2331)	cx q[12], q[9]
Gate( 2332)	tdg q[8]
Gate( 2333)	cx q[12], q[8]
Gate( 2334)	tdg q[12]
Gate( 2335)	tdg q[8]
Gate( 2336)	 t q[9]
Gate( 2337)	cx q[9], q[8]
Gate( 2338)	cx q[12], q[9]
Gate( 2339)	cx q[8], q[12]
Gate( 2340)	 h q[9]
Gate( 2341)	 h q[10]
Gate( 2342)	 t q[7]
Gate( 2343)	 t q[9]
Gate( 2344)	 t q[10]
Gate( 2345)	cx q[9], q[7]
Gate( 2346)	cx q[10], q[9]
Gate( 2347)	cx q[7], q[10]
Gate( 2348)	tdg q[9]
Gate( 2349)	cx q[7], q[9]
Gate( 2350)	tdg q[7]
Gate( 2351)	tdg q[9]
Gate( 2352)	 t q[10]
Gate( 2353)	cx q[10], q[9]
Gate( 2354)	cx q[7], q[10]
Gate( 2355)	cx q[9], q[7]
Gate( 2356)	 h q[10]
Gate( 2357)	 h q[11]
Gate( 2358)	 t q[6]
Gate( 2359)	 t q[10]
Gate( 2360)	 t q[11]
Gate( 2361)	cx q[10], q[6]
Gate( 2362)	cx q[11], q[10]
Gate( 2363)	cx q[6], q[11]
Gate( 2364)	tdg q[10]
Gate( 2365)	cx q[6], q[10]
Gate( 2366)	tdg q[6]
Gate( 2367)	tdg q[10]
Gate( 2368)	 t q[11]
Gate( 2369)	cx q[11], q[10]
Gate( 2370)	cx q[6], q[11]
Gate( 2371)	cx q[10], q[6]
Gate( 2372)	 h q[11]
Gate( 2373)	 h q[0]
Gate( 2374)	 t q[5]
Gate( 2375)	 t q[11]
Gate( 2376)	 t q[0]
Gate( 2377)	cx q[11], q[5]
Gate( 2378)	cx q[0], q[11]
Gate( 2379)	cx q[5], q[0]
Gate( 2380)	tdg q[11]
Gate( 2381)	cx q[5], q[11]
Gate( 2382)	tdg q[5]
Gate( 2383)	tdg q[11]
Gate( 2384)	 t q[0]
Gate( 2385)	cx q[0], q[11]
Gate( 2386)	cx q[5], q[0]
Gate( 2387)	cx q[11], q[5]
Gate( 2388)	 h q[0]
Gate( 2389)	 h q[11]
Gate( 2390)	 t q[7]
Gate( 2391)	 t q[9]
Gate( 2392)	 t q[11]
Gate( 2393)	cx q[9], q[7]
Gate( 2394)	cx q[11], q[9]
Gate( 2395)	cx q[7], q[11]
Gate( 2396)	tdg q[9]
Gate( 2397)	cx q[7], q[9]
Gate( 2398)	tdg q[7]
Gate( 2399)	tdg q[9]
Gate( 2400)	 t q[11]
Gate( 2401)	cx q[11], q[9]
Gate( 2402)	cx q[7], q[11]
Gate( 2403)	cx q[9], q[7]
Gate( 2404)	 h q[11]
Gate( 2405)	 h q[9]
Gate( 2406)	 t q[8]
Gate( 2407)	 t q[6]
Gate( 2408)	 t q[9]
Gate( 2409)	cx q[6], q[8]
Gate( 2410)	cx q[9], q[6]
Gate( 2411)	cx q[8], q[9]
Gate( 2412)	tdg q[6]
Gate( 2413)	cx q[8], q[6]
Gate( 2414)	tdg q[8]
Gate( 2415)	tdg q[6]
Gate( 2416)	 t q[9]
Gate( 2417)	cx q[9], q[6]
Gate( 2418)	cx q[8], q[9]
Gate( 2419)	cx q[6], q[8]
Gate( 2420)	 h q[9]
Gate( 2421)	 h q[6]
Gate( 2422)	 t q[12]
Gate( 2423)	 t q[10]
Gate( 2424)	 t q[6]
Gate( 2425)	cx q[10], q[12]
Gate( 2426)	cx q[6], q[10]
Gate( 2427)	cx q[12], q[6]
Gate( 2428)	tdg q[10]
Gate( 2429)	cx q[12], q[10]
Gate( 2430)	tdg q[12]
Gate( 2431)	tdg q[10]
Gate( 2432)	 t q[6]
Gate( 2433)	cx q[6], q[10]
Gate( 2434)	cx q[12], q[6]
Gate( 2435)	cx q[10], q[12]
Gate( 2436)	 h q[6]
Gate( 2437)	 h q[9]
Gate( 2438)	 t q[8]
Gate( 2439)	 t q[6]
Gate( 2440)	 t q[9]
Gate( 2441)	cx q[6], q[8]
Gate( 2442)	cx q[9], q[6]
Gate( 2443)	cx q[8], q[9]
Gate( 2444)	tdg q[6]
Gate( 2445)	cx q[8], q[6]
Gate( 2446)	tdg q[8]
Gate( 2447)	tdg q[6]
Gate( 2448)	 t q[9]
Gate( 2449)	cx q[9], q[6]
Gate( 2450)	cx q[8], q[9]
Gate( 2451)	cx q[6], q[8]
Gate( 2452)	 h q[9]
Gate( 2453)	 h q[11]
Gate( 2454)	 t q[7]
Gate( 2455)	 t q[9]
Gate( 2456)	 t q[11]
Gate( 2457)	cx q[9], q[7]
Gate( 2458)	cx q[11], q[9]
Gate( 2459)	cx q[7], q[11]
Gate( 2460)	tdg q[9]
Gate( 2461)	cx q[7], q[9]
Gate( 2462)	tdg q[7]
Gate( 2463)	tdg q[9]
Gate( 2464)	 t q[11]
Gate( 2465)	cx q[11], q[9]
Gate( 2466)	cx q[7], q[11]
Gate( 2467)	cx q[9], q[7]
Gate( 2468)	 h q[11]
Gate( 2469)	 h q[0]
Gate( 2470)	 t q[5]
Gate( 2471)	 t q[11]
Gate( 2472)	 t q[0]
Gate( 2473)	cx q[11], q[5]
Gate( 2474)	cx q[0], q[11]
Gate( 2475)	cx q[5], q[0]
Gate( 2476)	tdg q[11]
Gate( 2477)	cx q[5], q[11]
Gate( 2478)	tdg q[5]
Gate( 2479)	tdg q[11]
Gate( 2480)	 t q[0]
Gate( 2481)	cx q[0], q[11]
Gate( 2482)	cx q[5], q[0]
Gate( 2483)	cx q[11], q[5]
Gate( 2484)	 h q[0]
Gate( 2485)	 h q[11]
Gate( 2486)	 t q[7]
Gate( 2487)	 t q[9]
Gate( 2488)	 t q[11]
Gate( 2489)	cx q[9], q[7]
Gate( 2490)	cx q[11], q[9]
Gate( 2491)	cx q[7], q[11]
Gate( 2492)	tdg q[9]
Gate( 2493)	cx q[7], q[9]
Gate( 2494)	tdg q[7]
Gate( 2495)	tdg q[9]
Gate( 2496)	 t q[11]
Gate( 2497)	cx q[11], q[9]
Gate( 2498)	cx q[7], q[11]
Gate( 2499)	cx q[9], q[7]
Gate( 2500)	 h q[11]
Gate( 2501)	 h q[9]
Gate( 2502)	 t q[8]
Gate( 2503)	 t q[6]
Gate( 2504)	 t q[9]
Gate( 2505)	cx q[6], q[8]
Gate( 2506)	cx q[9], q[6]
Gate( 2507)	cx q[8], q[9]
Gate( 2508)	tdg q[6]
Gate( 2509)	cx q[8], q[6]
Gate( 2510)	tdg q[8]
Gate( 2511)	tdg q[6]
Gate( 2512)	 t q[9]
Gate( 2513)	cx q[9], q[6]
Gate( 2514)	cx q[8], q[9]
Gate( 2515)	cx q[6], q[8]
Gate( 2516)	 h q[9]
Gate( 2517)	 h q[6]
Gate( 2518)	 t q[12]
Gate( 2519)	 t q[10]
Gate( 2520)	 t q[6]
Gate( 2521)	cx q[10], q[12]
Gate( 2522)	cx q[6], q[10]
Gate( 2523)	cx q[12], q[6]
Gate( 2524)	tdg q[10]
Gate( 2525)	cx q[12], q[10]
Gate( 2526)	tdg q[12]
Gate( 2527)	tdg q[10]
Gate( 2528)	 t q[6]
Gate( 2529)	cx q[6], q[10]
Gate( 2530)	cx q[12], q[6]
Gate( 2531)	cx q[10], q[12]
Gate( 2532)	 h q[6]
Gate( 2533)	 h q[9]
Gate( 2534)	 t q[8]
Gate( 2535)	 t q[6]
Gate( 2536)	 t q[9]
Gate( 2537)	cx q[6], q[8]
Gate( 2538)	cx q[9], q[6]
Gate( 2539)	cx q[8], q[9]
Gate( 2540)	tdg q[6]
Gate( 2541)	cx q[8], q[6]
Gate( 2542)	tdg q[8]
Gate( 2543)	tdg q[6]
Gate( 2544)	 t q[9]
Gate( 2545)	cx q[9], q[6]
Gate( 2546)	cx q[8], q[9]
Gate( 2547)	cx q[6], q[8]
Gate( 2548)	 h q[9]
Gate( 2549)	 h q[11]
Gate( 2550)	 t q[7]
Gate( 2551)	 t q[9]
Gate( 2552)	 t q[11]
Gate( 2553)	cx q[9], q[7]
Gate( 2554)	cx q[11], q[9]
Gate( 2555)	cx q[7], q[11]
Gate( 2556)	tdg q[9]
Gate( 2557)	cx q[7], q[9]
Gate( 2558)	tdg q[7]
Gate( 2559)	tdg q[9]
Gate( 2560)	 t q[11]
Gate( 2561)	cx q[11], q[9]
Gate( 2562)	cx q[7], q[11]
Gate( 2563)	cx q[9], q[7]
Gate( 2564)	 h q[11]
Gate( 2565)	 x q[11]
Gate( 2566)	 h q[3]
Gate( 2567)	 t q[11]
Gate( 2568)	 t q[7]
Gate( 2569)	 t q[3]
Gate( 2570)	cx q[7], q[11]
Gate( 2571)	cx q[3], q[7]
Gate( 2572)	cx q[11], q[3]
Gate( 2573)	tdg q[7]
Gate( 2574)	cx q[11], q[7]
Gate( 2575)	tdg q[11]
Gate( 2576)	tdg q[7]
Gate( 2577)	 t q[3]
Gate( 2578)	cx q[3], q[7]
Gate( 2579)	cx q[11], q[3]
Gate( 2580)	cx q[7], q[11]
Gate( 2581)	 h q[3]
Gate( 2582)	 h q[1]
Gate( 2583)	 t q[8]
Gate( 2584)	 t q[9]
Gate( 2585)	 t q[1]
Gate( 2586)	cx q[9], q[8]
Gate( 2587)	cx q[1], q[9]
Gate( 2588)	cx q[8], q[1]
Gate( 2589)	tdg q[9]
Gate( 2590)	cx q[8], q[9]
Gate( 2591)	tdg q[8]
Gate( 2592)	tdg q[9]
Gate( 2593)	 t q[1]
Gate( 2594)	cx q[1], q[9]
Gate( 2595)	cx q[8], q[1]
Gate( 2596)	cx q[9], q[8]
Gate( 2597)	 h q[1]
Gate( 2598)	 h q[9]
Gate( 2599)	 t q[10]
Gate( 2600)	 t q[7]
Gate( 2601)	 t q[9]
Gate( 2602)	cx q[7], q[10]
Gate( 2603)	cx q[9], q[7]
Gate( 2604)	cx q[10], q[9]
Gate( 2605)	tdg q[7]
Gate( 2606)	cx q[10], q[7]
Gate( 2607)	tdg q[10]
Gate( 2608)	tdg q[7]
Gate( 2609)	 t q[9]
Gate( 2610)	cx q[9], q[7]
Gate( 2611)	cx q[10], q[9]
Gate( 2612)	cx q[7], q[10]
Gate( 2613)	 h q[9]
Gate( 2614)	 h q[7]
Gate( 2615)	 t q[12]
Gate( 2616)	 t q[11]
Gate( 2617)	 t q[7]
Gate( 2618)	cx q[11], q[12]
Gate( 2619)	cx q[7], q[11]
Gate( 2620)	cx q[12], q[7]
Gate( 2621)	tdg q[11]
Gate( 2622)	cx q[12], q[11]
Gate( 2623)	tdg q[12]
Gate( 2624)	tdg q[11]
Gate( 2625)	 t q[7]
Gate( 2626)	cx q[7], q[11]
Gate( 2627)	cx q[12], q[7]
Gate( 2628)	cx q[11], q[12]
Gate( 2629)	 h q[7]
Gate( 2630)	 h q[9]
Gate( 2631)	 t q[10]
Gate( 2632)	 t q[7]
Gate( 2633)	 t q[9]
Gate( 2634)	cx q[7], q[10]
Gate( 2635)	cx q[9], q[7]
Gate( 2636)	cx q[10], q[9]
Gate( 2637)	tdg q[7]
Gate( 2638)	cx q[10], q[7]
Gate( 2639)	tdg q[10]
Gate( 2640)	tdg q[7]
Gate( 2641)	 t q[9]
Gate( 2642)	cx q[9], q[7]
Gate( 2643)	cx q[10], q[9]
Gate( 2644)	cx q[7], q[10]
Gate( 2645)	 h q[9]
Gate( 2646)	 h q[1]
Gate( 2647)	 t q[8]
Gate( 2648)	 t q[9]
Gate( 2649)	 t q[1]
Gate( 2650)	cx q[9], q[8]
Gate( 2651)	cx q[1], q[9]
Gate( 2652)	cx q[8], q[1]
Gate( 2653)	tdg q[9]
Gate( 2654)	cx q[8], q[9]
Gate( 2655)	tdg q[8]
Gate( 2656)	tdg q[9]
Gate( 2657)	 t q[1]
Gate( 2658)	cx q[1], q[9]
Gate( 2659)	cx q[8], q[1]
Gate( 2660)	cx q[9], q[8]
Gate( 2661)	 h q[1]
Gate( 2662)	 h q[9]
Gate( 2663)	 t q[10]
Gate( 2664)	 t q[7]
Gate( 2665)	 t q[9]
Gate( 2666)	cx q[7], q[10]
Gate( 2667)	cx q[9], q[7]
Gate( 2668)	cx q[10], q[9]
Gate( 2669)	tdg q[7]
Gate( 2670)	cx q[10], q[7]
Gate( 2671)	tdg q[10]
Gate( 2672)	tdg q[7]
Gate( 2673)	 t q[9]
Gate( 2674)	cx q[9], q[7]
Gate( 2675)	cx q[10], q[9]
Gate( 2676)	cx q[7], q[10]
Gate( 2677)	 h q[9]
Gate( 2678)	 h q[7]
Gate( 2679)	 t q[12]
Gate( 2680)	 t q[11]
Gate( 2681)	 t q[7]
Gate( 2682)	cx q[11], q[12]
Gate( 2683)	cx q[7], q[11]
Gate( 2684)	cx q[12], q[7]
Gate( 2685)	tdg q[11]
Gate( 2686)	cx q[12], q[11]
Gate( 2687)	tdg q[12]
Gate( 2688)	tdg q[11]
Gate( 2689)	 t q[7]
Gate( 2690)	cx q[7], q[11]
Gate( 2691)	cx q[12], q[7]
Gate( 2692)	cx q[11], q[12]
Gate( 2693)	 h q[7]
Gate( 2694)	 h q[9]
Gate( 2695)	 t q[10]
Gate( 2696)	 t q[7]
Gate( 2697)	 t q[9]
Gate( 2698)	cx q[7], q[10]
Gate( 2699)	cx q[9], q[7]
Gate( 2700)	cx q[10], q[9]
Gate( 2701)	tdg q[7]
Gate( 2702)	cx q[10], q[7]
Gate( 2703)	tdg q[10]
Gate( 2704)	tdg q[7]
Gate( 2705)	 t q[9]
Gate( 2706)	cx q[9], q[7]
Gate( 2707)	cx q[10], q[9]
Gate( 2708)	cx q[7], q[10]
Gate( 2709)	 h q[9]
Gate( 2710)	 h q[1]
Gate( 2711)	 t q[8]
Gate( 2712)	 t q[10]
Gate( 2713)	 t q[1]
Gate( 2714)	cx q[10], q[8]
Gate( 2715)	cx q[1], q[10]
Gate( 2716)	cx q[8], q[1]
Gate( 2717)	tdg q[10]
Gate( 2718)	cx q[8], q[10]
Gate( 2719)	tdg q[8]
Gate( 2720)	tdg q[10]
Gate( 2721)	 t q[1]
Gate( 2722)	cx q[1], q[10]
Gate( 2723)	cx q[8], q[1]
Gate( 2724)	cx q[10], q[8]
Gate( 2725)	 h q[1]
Gate( 2726)	 h q[10]
Gate( 2727)	 t q[12]
Gate( 2728)	 t q[11]
Gate( 2729)	 t q[10]
Gate( 2730)	cx q[11], q[12]
Gate( 2731)	cx q[10], q[11]
Gate( 2732)	cx q[12], q[10]
Gate( 2733)	tdg q[11]
Gate( 2734)	cx q[12], q[11]
Gate( 2735)	tdg q[12]
Gate( 2736)	tdg q[11]
Gate( 2737)	 t q[10]
Gate( 2738)	cx q[10], q[11]
Gate( 2739)	cx q[12], q[10]
Gate( 2740)	cx q[11], q[12]
Gate( 2741)	 h q[10]
Gate( 2742)	 h q[1]
Gate( 2743)	 t q[8]
Gate( 2744)	 t q[10]
Gate( 2745)	 t q[1]
Gate( 2746)	cx q[10], q[8]
Gate( 2747)	cx q[1], q[10]
Gate( 2748)	cx q[8], q[1]
Gate( 2749)	tdg q[10]
Gate( 2750)	cx q[8], q[10]
Gate( 2751)	tdg q[8]
Gate( 2752)	tdg q[10]
Gate( 2753)	 t q[1]
Gate( 2754)	cx q[1], q[10]
Gate( 2755)	cx q[8], q[1]
Gate( 2756)	cx q[10], q[8]
Gate( 2757)	 h q[1]
Gate( 2758)	 h q[10]
Gate( 2759)	 t q[12]
Gate( 2760)	 t q[11]
Gate( 2761)	 t q[10]
Gate( 2762)	cx q[11], q[12]
Gate( 2763)	cx q[10], q[11]
Gate( 2764)	cx q[12], q[10]
Gate( 2765)	tdg q[11]
Gate( 2766)	cx q[12], q[11]
Gate( 2767)	tdg q[12]
Gate( 2768)	tdg q[11]
Gate( 2769)	 t q[10]
Gate( 2770)	cx q[10], q[11]
Gate( 2771)	cx q[12], q[10]
Gate( 2772)	cx q[11], q[12]
Gate( 2773)	 h q[10]
Gate( 2774)	 h q[0]
Gate( 2775)	 t q[5]
Gate( 2776)	 t q[10]
Gate( 2777)	 t q[0]
Gate( 2778)	cx q[10], q[5]
Gate( 2779)	cx q[0], q[10]
Gate( 2780)	cx q[5], q[0]
Gate( 2781)	tdg q[10]
Gate( 2782)	cx q[5], q[10]
Gate( 2783)	tdg q[5]
Gate( 2784)	tdg q[10]
Gate( 2785)	 t q[0]
Gate( 2786)	cx q[0], q[10]
Gate( 2787)	cx q[5], q[0]
Gate( 2788)	cx q[10], q[5]
Gate( 2789)	 h q[0]
Gate( 2790)	 h q[10]
Gate( 2791)	 t q[6]
Gate( 2792)	 t q[9]
Gate( 2793)	 t q[10]
Gate( 2794)	cx q[9], q[6]
Gate( 2795)	cx q[10], q[9]
Gate( 2796)	cx q[6], q[10]
Gate( 2797)	tdg q[9]
Gate( 2798)	cx q[6], q[9]
Gate( 2799)	tdg q[6]
Gate( 2800)	tdg q[9]
Gate( 2801)	 t q[10]
Gate( 2802)	cx q[10], q[9]
Gate( 2803)	cx q[6], q[10]
Gate( 2804)	cx q[9], q[6]
Gate( 2805)	 h q[10]
Gate( 2806)	 h q[9]
Gate( 2807)	 t q[8]
Gate( 2808)	 t q[7]
Gate( 2809)	 t q[9]
Gate( 2810)	cx q[7], q[8]
Gate( 2811)	cx q[9], q[7]
Gate( 2812)	cx q[8], q[9]
Gate( 2813)	tdg q[7]
Gate( 2814)	cx q[8], q[7]
Gate( 2815)	tdg q[8]
Gate( 2816)	tdg q[7]
Gate( 2817)	 t q[9]
Gate( 2818)	cx q[9], q[7]
Gate( 2819)	cx q[8], q[9]
Gate( 2820)	cx q[7], q[8]
Gate( 2821)	 h q[9]
Gate( 2822)	 h q[7]
Gate( 2823)	 t q[12]
Gate( 2824)	 t q[11]
Gate( 2825)	 t q[7]
Gate( 2826)	cx q[11], q[12]
Gate( 2827)	cx q[7], q[11]
Gate( 2828)	cx q[12], q[7]
Gate( 2829)	tdg q[11]
Gate( 2830)	cx q[12], q[11]
Gate( 2831)	tdg q[12]
Gate( 2832)	tdg q[11]
Gate( 2833)	 t q[7]
Gate( 2834)	cx q[7], q[11]
Gate( 2835)	cx q[12], q[7]
Gate( 2836)	cx q[11], q[12]
Gate( 2837)	 h q[7]
Gate( 2838)	 h q[9]
Gate( 2839)	 t q[8]
Gate( 2840)	 t q[7]
Gate( 2841)	 t q[9]
Gate( 2842)	cx q[7], q[8]
Gate( 2843)	cx q[9], q[7]
Gate( 2844)	cx q[8], q[9]
Gate( 2845)	tdg q[7]
Gate( 2846)	cx q[8], q[7]
Gate( 2847)	tdg q[8]
Gate( 2848)	tdg q[7]
Gate( 2849)	 t q[9]
Gate( 2850)	cx q[9], q[7]
Gate( 2851)	cx q[8], q[9]
Gate( 2852)	cx q[7], q[8]
Gate( 2853)	 h q[9]
Gate( 2854)	 h q[10]
Gate( 2855)	 t q[6]
Gate( 2856)	 t q[9]
Gate( 2857)	 t q[10]
Gate( 2858)	cx q[9], q[6]
Gate( 2859)	cx q[10], q[9]
Gate( 2860)	cx q[6], q[10]
Gate( 2861)	tdg q[9]
Gate( 2862)	cx q[6], q[9]
Gate( 2863)	tdg q[6]
Gate( 2864)	tdg q[9]
Gate( 2865)	 t q[10]
Gate( 2866)	cx q[10], q[9]
Gate( 2867)	cx q[6], q[10]
Gate( 2868)	cx q[9], q[6]
Gate( 2869)	 h q[10]
Gate( 2870)	 h q[0]
Gate( 2871)	 t q[5]
Gate( 2872)	 t q[10]
Gate( 2873)	 t q[0]
Gate( 2874)	cx q[10], q[5]
Gate( 2875)	cx q[0], q[10]
Gate( 2876)	cx q[5], q[0]
Gate( 2877)	tdg q[10]
Gate( 2878)	cx q[5], q[10]
Gate( 2879)	tdg q[5]
Gate( 2880)	tdg q[10]
Gate( 2881)	 t q[0]
Gate( 2882)	cx q[0], q[10]
Gate( 2883)	cx q[5], q[0]
Gate( 2884)	cx q[10], q[5]
Gate( 2885)	 h q[0]
Gate( 2886)	 h q[10]
Gate( 2887)	 t q[6]
Gate( 2888)	 t q[9]
Gate( 2889)	 t q[10]
Gate( 2890)	cx q[9], q[6]
Gate( 2891)	cx q[10], q[9]
Gate( 2892)	cx q[6], q[10]
Gate( 2893)	tdg q[9]
Gate( 2894)	cx q[6], q[9]
Gate( 2895)	tdg q[6]
Gate( 2896)	tdg q[9]
Gate( 2897)	 t q[10]
Gate( 2898)	cx q[10], q[9]
Gate( 2899)	cx q[6], q[10]
Gate( 2900)	cx q[9], q[6]
Gate( 2901)	 h q[10]
Gate( 2902)	 h q[9]
Gate( 2903)	 t q[8]
Gate( 2904)	 t q[7]
Gate( 2905)	 t q[9]
Gate( 2906)	cx q[7], q[8]
Gate( 2907)	cx q[9], q[7]
Gate( 2908)	cx q[8], q[9]
Gate( 2909)	tdg q[7]
Gate( 2910)	cx q[8], q[7]
Gate( 2911)	tdg q[8]
Gate( 2912)	tdg q[7]
Gate( 2913)	 t q[9]
Gate( 2914)	cx q[9], q[7]
Gate( 2915)	cx q[8], q[9]
Gate( 2916)	cx q[7], q[8]
Gate( 2917)	 h q[9]
Gate( 2918)	 h q[7]
Gate( 2919)	 t q[12]
Gate( 2920)	 t q[11]
Gate( 2921)	 t q[7]
Gate( 2922)	cx q[11], q[12]
Gate( 2923)	cx q[7], q[11]
Gate( 2924)	cx q[12], q[7]
Gate( 2925)	tdg q[11]
Gate( 2926)	cx q[12], q[11]
Gate( 2927)	tdg q[12]
Gate( 2928)	tdg q[11]
Gate( 2929)	 t q[7]
Gate( 2930)	cx q[7], q[11]
Gate( 2931)	cx q[12], q[7]
Gate( 2932)	cx q[11], q[12]
Gate( 2933)	 h q[7]
Gate( 2934)	 h q[9]
Gate( 2935)	 t q[8]
Gate( 2936)	 t q[7]
Gate( 2937)	 t q[9]
Gate( 2938)	cx q[7], q[8]
Gate( 2939)	cx q[9], q[7]
Gate( 2940)	cx q[8], q[9]
Gate( 2941)	tdg q[7]
Gate( 2942)	cx q[8], q[7]
Gate( 2943)	tdg q[8]
Gate( 2944)	tdg q[7]
Gate( 2945)	 t q[9]
Gate( 2946)	cx q[9], q[7]
Gate( 2947)	cx q[8], q[9]
Gate( 2948)	cx q[7], q[8]
Gate( 2949)	 h q[9]
Gate( 2950)	 h q[10]
Gate( 2951)	 t q[6]
Gate( 2952)	 t q[9]
Gate( 2953)	 t q[10]
Gate( 2954)	cx q[9], q[6]
Gate( 2955)	cx q[10], q[9]
Gate( 2956)	cx q[6], q[10]
Gate( 2957)	tdg q[9]
Gate( 2958)	cx q[6], q[9]
Gate( 2959)	tdg q[6]
Gate( 2960)	tdg q[9]
Gate( 2961)	 t q[10]
Gate( 2962)	cx q[10], q[9]
Gate( 2963)	cx q[6], q[10]
Gate( 2964)	cx q[9], q[6]
Gate( 2965)	 h q[10]
Gate( 2966)	 h q[0]
Gate( 2967)	 t q[5]
Gate( 2968)	 t q[9]
Gate( 2969)	 t q[0]
Gate( 2970)	cx q[9], q[5]
Gate( 2971)	cx q[0], q[9]
Gate( 2972)	cx q[5], q[0]
Gate( 2973)	tdg q[9]
Gate( 2974)	cx q[5], q[9]
Gate( 2975)	tdg q[5]
Gate( 2976)	tdg q[9]
Gate( 2977)	 t q[0]
Gate( 2978)	cx q[0], q[9]
Gate( 2979)	cx q[5], q[0]
Gate( 2980)	cx q[9], q[5]
Gate( 2981)	 h q[0]
Gate( 2982)	 h q[9]
Gate( 2983)	 t q[8]
Gate( 2984)	 t q[7]
Gate( 2985)	 t q[9]
Gate( 2986)	cx q[7], q[8]
Gate( 2987)	cx q[9], q[7]
Gate( 2988)	cx q[8], q[9]
Gate( 2989)	tdg q[7]
Gate( 2990)	cx q[8], q[7]
Gate( 2991)	tdg q[8]
Gate( 2992)	tdg q[7]
Gate( 2993)	 t q[9]
Gate( 2994)	cx q[9], q[7]
Gate( 2995)	cx q[8], q[9]
Gate( 2996)	cx q[7], q[8]
Gate( 2997)	 h q[9]
Gate( 2998)	 h q[7]
Gate( 2999)	 t q[10]
Gate( 3000)	 t q[6]
Gate( 3001)	 t q[7]
Gate( 3002)	cx q[6], q[10]
Gate( 3003)	cx q[7], q[6]
Gate( 3004)	cx q[10], q[7]
Gate( 3005)	tdg q[6]
Gate( 3006)	cx q[10], q[6]
Gate( 3007)	tdg q[10]
Gate( 3008)	tdg q[6]
Gate( 3009)	 t q[7]
Gate( 3010)	cx q[7], q[6]
Gate( 3011)	cx q[10], q[7]
Gate( 3012)	cx q[6], q[10]
Gate( 3013)	 h q[7]
Gate( 3014)	 h q[6]
Gate( 3015)	 t q[12]
Gate( 3016)	 t q[11]
Gate( 3017)	 t q[6]
Gate( 3018)	cx q[11], q[12]
Gate( 3019)	cx q[6], q[11]
Gate( 3020)	cx q[12], q[6]
Gate( 3021)	tdg q[11]
Gate( 3022)	cx q[12], q[11]
Gate( 3023)	tdg q[12]
Gate( 3024)	tdg q[11]
Gate( 3025)	 t q[6]
Gate( 3026)	cx q[6], q[11]
Gate( 3027)	cx q[12], q[6]
Gate( 3028)	cx q[11], q[12]
Gate( 3029)	 h q[6]
Gate( 3030)	 h q[7]
Gate( 3031)	 t q[10]
Gate( 3032)	 t q[6]
Gate( 3033)	 t q[7]
Gate( 3034)	cx q[6], q[10]
Gate( 3035)	cx q[7], q[6]
Gate( 3036)	cx q[10], q[7]
Gate( 3037)	tdg q[6]
Gate( 3038)	cx q[10], q[6]
Gate( 3039)	tdg q[10]
Gate( 3040)	tdg q[6]
Gate( 3041)	 t q[7]
Gate( 3042)	cx q[7], q[6]
Gate( 3043)	cx q[10], q[7]
Gate( 3044)	cx q[6], q[10]
Gate( 3045)	 h q[7]
Gate( 3046)	 h q[9]
Gate( 3047)	 t q[8]
Gate( 3048)	 t q[7]
Gate( 3049)	 t q[9]
Gate( 3050)	cx q[7], q[8]
Gate( 3051)	cx q[9], q[7]
Gate( 3052)	cx q[8], q[9]
Gate( 3053)	tdg q[7]
Gate( 3054)	cx q[8], q[7]
Gate( 3055)	tdg q[8]
Gate( 3056)	tdg q[7]
Gate( 3057)	 t q[9]
Gate( 3058)	cx q[9], q[7]
Gate( 3059)	cx q[8], q[9]
Gate( 3060)	cx q[7], q[8]
Gate( 3061)	 h q[9]
Gate( 3062)	 h q[0]
Gate( 3063)	 t q[5]
Gate( 3064)	 t q[9]
Gate( 3065)	 t q[0]
Gate( 3066)	cx q[9], q[5]
Gate( 3067)	cx q[0], q[9]
Gate( 3068)	cx q[5], q[0]
Gate( 3069)	tdg q[9]
Gate( 3070)	cx q[5], q[9]
Gate( 3071)	tdg q[5]
Gate( 3072)	tdg q[9]
Gate( 3073)	 t q[0]
Gate( 3074)	cx q[0], q[9]
Gate( 3075)	cx q[5], q[0]
Gate( 3076)	cx q[9], q[5]
Gate( 3077)	 h q[0]
Gate( 3078)	 h q[9]
Gate( 3079)	 t q[8]
Gate( 3080)	 t q[7]
Gate( 3081)	 t q[9]
Gate( 3082)	cx q[7], q[8]
Gate( 3083)	cx q[9], q[7]
Gate( 3084)	cx q[8], q[9]
Gate( 3085)	tdg q[7]
Gate( 3086)	cx q[8], q[7]
Gate( 3087)	tdg q[8]
Gate( 3088)	tdg q[7]
Gate( 3089)	 t q[9]
Gate( 3090)	cx q[9], q[7]
Gate( 3091)	cx q[8], q[9]
Gate( 3092)	cx q[7], q[8]
Gate( 3093)	 h q[9]
Gate( 3094)	 h q[7]
Gate( 3095)	 t q[10]
Gate( 3096)	 t q[6]
Gate( 3097)	 t q[7]
Gate( 3098)	cx q[6], q[10]
Gate( 3099)	cx q[7], q[6]
Gate( 3100)	cx q[10], q[7]
Gate( 3101)	tdg q[6]
Gate( 3102)	cx q[10], q[6]
Gate( 3103)	tdg q[10]
Gate( 3104)	tdg q[6]
Gate( 3105)	 t q[7]
Gate( 3106)	cx q[7], q[6]
Gate( 3107)	cx q[10], q[7]
Gate( 3108)	cx q[6], q[10]
Gate( 3109)	 h q[7]
Gate( 3110)	 h q[6]
Gate( 3111)	 t q[12]
Gate( 3112)	 t q[11]
Gate( 3113)	 t q[6]
Gate( 3114)	cx q[11], q[12]
Gate( 3115)	cx q[6], q[11]
Gate( 3116)	cx q[12], q[6]
Gate( 3117)	tdg q[11]
Gate( 3118)	cx q[12], q[11]
Gate( 3119)	tdg q[12]
Gate( 3120)	tdg q[11]
Gate( 3121)	 t q[6]
Gate( 3122)	cx q[6], q[11]
Gate( 3123)	cx q[12], q[6]
Gate( 3124)	cx q[11], q[12]
Gate( 3125)	 h q[6]
Gate( 3126)	 h q[7]
Gate( 3127)	 t q[10]
Gate( 3128)	 t q[6]
Gate( 3129)	 t q[7]
Gate( 3130)	cx q[6], q[10]
Gate( 3131)	cx q[7], q[6]
Gate( 3132)	cx q[10], q[7]
Gate( 3133)	tdg q[6]
Gate( 3134)	cx q[10], q[6]
Gate( 3135)	tdg q[10]
Gate( 3136)	tdg q[6]
Gate( 3137)	 t q[7]
Gate( 3138)	cx q[7], q[6]
Gate( 3139)	cx q[10], q[7]
Gate( 3140)	cx q[6], q[10]
Gate( 3141)	 h q[7]
Gate( 3142)	 h q[9]
Gate( 3143)	 t q[8]
Gate( 3144)	 t q[7]
Gate( 3145)	 t q[9]
Gate( 3146)	cx q[7], q[8]
Gate( 3147)	cx q[9], q[7]
Gate( 3148)	cx q[8], q[9]
Gate( 3149)	tdg q[7]
Gate( 3150)	cx q[8], q[7]
Gate( 3151)	tdg q[8]
Gate( 3152)	tdg q[7]
Gate( 3153)	 t q[9]
Gate( 3154)	cx q[9], q[7]
Gate( 3155)	cx q[8], q[9]
Gate( 3156)	cx q[7], q[8]
Gate( 3157)	 h q[9]
Gate( 3158)	 x q[8]
Gate( 3159)	cx q[8], q[4]
Gate( 3160)	 h q[3]
Gate( 3161)	 t q[12]
Gate( 3162)	 t q[8]
Gate( 3163)	 t q[3]
Gate( 3164)	cx q[8], q[12]
Gate( 3165)	cx q[3], q[8]
Gate( 3166)	cx q[12], q[3]
Gate( 3167)	tdg q[8]
Gate( 3168)	cx q[12], q[8]
Gate( 3169)	tdg q[12]
Gate( 3170)	tdg q[8]
Gate( 3171)	 t q[3]
Gate( 3172)	cx q[3], q[8]
Gate( 3173)	cx q[12], q[3]
Gate( 3174)	cx q[8], q[12]
Gate( 3175)	 h q[3]
Gate( 3176)	 h q[2]
Gate( 3177)	 t q[12]
Gate( 3178)	 t q[8]
Gate( 3179)	 t q[2]
Gate( 3180)	cx q[8], q[12]
Gate( 3181)	cx q[2], q[8]
Gate( 3182)	cx q[12], q[2]
Gate( 3183)	tdg q[8]
Gate( 3184)	cx q[12], q[8]
Gate( 3185)	tdg q[12]
Gate( 3186)	tdg q[8]
Gate( 3187)	 t q[2]
Gate( 3188)	cx q[2], q[8]
Gate( 3189)	cx q[12], q[2]
Gate( 3190)	cx q[8], q[12]
Gate( 3191)	 h q[2]
Gate( 3192)	 h q[1]
Gate( 3193)	 t q[12]
Gate( 3194)	 t q[8]
Gate( 3195)	 t q[1]
Gate( 3196)	cx q[8], q[12]
Gate( 3197)	cx q[1], q[8]
Gate( 3198)	cx q[12], q[1]
Gate( 3199)	tdg q[8]
Gate( 3200)	cx q[12], q[8]
Gate( 3201)	tdg q[12]
Gate( 3202)	tdg q[8]
Gate( 3203)	 t q[1]
Gate( 3204)	cx q[1], q[8]
Gate( 3205)	cx q[12], q[1]
Gate( 3206)	cx q[8], q[12]
Gate( 3207)	 h q[1]
Gate( 3208)	 x q[12]
Gate( 3209)	cx q[12], q[4]
Gate( 3210)	cx q[12], q[3]
Gate( 3211)	cx q[12], q[2]
Gate( 3212)	cx q[12], q[1]

*** Option ***
Input file  : ../example/radd_250.qasm
Output file : ../output/radd_250.qasm

Generating Multi-QPU Architecture: 3 QPUs, each with 9 qubits

Building QPU Degree Graph

=== Original degree_info (stored in Graph) ===
QPU 0  Degree = 1
QPU 1  Degree = 2
QPU 2  Degree = 1

=== degree_queue (FIFO, stored in Graph) ===
QPU 1  Degree = 2
QPU 0  Degree = 1
QPU 2  Degree = 1

=== Multi-QPU Interconnect Edges ===
Edge 0 : [QPU 0].q0 <--> [QPU 0].q1  (weight=1)
Edge 1 : [QPU 0].q0 <--> [QPU 0].q3  (weight=1)
Edge 2 : [QPU 0].q0 <--> [QPU 0].q4  (weight=1)
Edge 3 : [QPU 0].q1 <--> [QPU 0].q3  (weight=1)
Edge 4 : [QPU 0].q1 <--> [QPU 0].q2  (weight=1)
Edge 5 : [QPU 0].q1 <--> [QPU 0].q4  (weight=1)
Edge 6 : [QPU 0].q1 <--> [QPU 0].q5  (weight=1)
Edge 7 : [QPU 0].q2 <--> [QPU 0].q4  (weight=1)
Edge 8 : [QPU 0].q2 <--> [QPU 0].q5  (weight=1)
Edge 9 : [QPU 0].q3 <--> [QPU 0].q4  (weight=1)
Edge 10 : [QPU 0].q3 <--> [QPU 0].q6  (weight=1)
Edge 11 : [QPU 0].q3 <--> [QPU 0].q7  (weight=1)
Edge 12 : [QPU 0].q4 <--> [QPU 0].q6  (weight=1)
Edge 13 : [QPU 0].q4 <--> [QPU 0].q5  (weight=1)
Edge 14 : [QPU 0].q4 <--> [QPU 0].q7  (weight=1)
Edge 15 : [QPU 0].q4 <--> [QPU 0].q8  (weight=1)
Edge 16 : [QPU 0].q5 <--> [QPU 0].q7  (weight=1)
Edge 17 : [QPU 0].q5 <--> [QPU 0].q8  (weight=1)
Edge 18 : [QPU 0].q6 <--> [QPU 0].q7  (weight=1)
Edge 19 : [QPU 0].q7 <--> [QPU 0].q8  (weight=1)
Edge 20 : [QPU 1].q0 <--> [QPU 1].q1  (weight=1)
Edge 21 : [QPU 1].q0 <--> [QPU 1].q3  (weight=1)
Edge 22 : [QPU 1].q0 <--> [QPU 1].q4  (weight=1)
Edge 23 : [QPU 1].q1 <--> [QPU 1].q3  (weight=1)
Edge 24 : [QPU 1].q1 <--> [QPU 1].q2  (weight=1)
Edge 25 : [QPU 1].q1 <--> [QPU 1].q4  (weight=1)
Edge 26 : [QPU 1].q1 <--> [QPU 1].q5  (weight=1)
Edge 27 : [QPU 1].q2 <--> [QPU 1].q4  (weight=1)
Edge 28 : [QPU 1].q2 <--> [QPU 1].q5  (weight=1)
Edge 29 : [QPU 1].q3 <--> [QPU 1].q4  (weight=1)
Edge 30 : [QPU 1].q3 <--> [QPU 1].q6  (weight=1)
Edge 31 : [QPU 1].q3 <--> [QPU 1].q7  (weight=1)
Edge 32 : [QPU 1].q4 <--> [QPU 1].q6  (weight=1)
Edge 33 : [QPU 1].q4 <--> [QPU 1].q5  (weight=1)
Edge 34 : [QPU 1].q4 <--> [QPU 1].q7  (weight=1)
Edge 35 : [QPU 1].q4 <--> [QPU 1].q8  (weight=1)
Edge 36 : [QPU 1].q5 <--> [QPU 1].q7  (weight=1)
Edge 37 : [QPU 1].q5 <--> [QPU 1].q8  (weight=1)
Edge 38 : [QPU 1].q6 <--> [QPU 1].q7  (weight=1)
Edge 39 : [QPU 1].q7 <--> [QPU 1].q8  (weight=1)
Edge 40 : [QPU 2].q0 <--> [QPU 2].q1  (weight=1)
Edge 41 : [QPU 2].q0 <--> [QPU 2].q3  (weight=1)
Edge 42 : [QPU 2].q0 <--> [QPU 2].q4  (weight=1)
Edge 43 : [QPU 2].q1 <--> [QPU 2].q3  (weight=1)
Edge 44 : [QPU 2].q1 <--> [QPU 2].q2  (weight=1)
Edge 45 : [QPU 2].q1 <--> [QPU 2].q4  (weight=1)
Edge 46 : [QPU 2].q1 <--> [QPU 2].q5  (weight=1)
Edge 47 : [QPU 2].q2 <--> [QPU 2].q4  (weight=1)
Edge 48 : [QPU 2].q2 <--> [QPU 2].q5  (weight=1)
Edge 49 : [QPU 2].q3 <--> [QPU 2].q4  (weight=1)
Edge 50 : [QPU 2].q3 <--> [QPU 2].q6  (weight=1)
Edge 51 : [QPU 2].q3 <--> [QPU 2].q7  (weight=1)
Edge 52 : [QPU 2].q4 <--> [QPU 2].q6  (weight=1)
Edge 53 : [QPU 2].q4 <--> [QPU 2].q5  (weight=1)
Edge 54 : [QPU 2].q4 <--> [QPU 2].q7  (weight=1)
Edge 55 : [QPU 2].q4 <--> [QPU 2].q8  (weight=1)
Edge 56 : [QPU 2].q5 <--> [QPU 2].q7  (weight=1)
Edge 57 : [QPU 2].q5 <--> [QPU 2].q8  (weight=1)
Edge 58 : [QPU 2].q6 <--> [QPU 2].q7  (weight=1)
Edge 59 : [QPU 2].q7 <--> [QPU 2].q8  (weight=1)
Edge 60 : [Buffer QPU 3].q0 <--> [Buffer QPU 3].q3  (weight=1)
Edge 61 : [Buffer QPU 3].q0 <--> [Buffer QPU 3].q4  (weight=1)
Edge 62 : [Buffer QPU 3].q1 <--> [Buffer QPU 3].q3  (weight=1)
Edge 63 : [Buffer QPU 3].q1 <--> [Buffer QPU 3].q4  (weight=1)
Edge 64 : [Buffer QPU 3].q1 <--> [Buffer QPU 3].q5  (weight=1)
Edge 65 : [Buffer QPU 3].q2 <--> [Buffer QPU 3].q4  (weight=1)
Edge 66 : [Buffer QPU 3].q2 <--> [Buffer QPU 3].q5  (weight=1)
Edge 67 : [Buffer QPU 3].q3 <--> [Buffer QPU 3].q6  (weight=1)
Edge 68 : [Buffer QPU 3].q3 <--> [Buffer QPU 3].q7  (weight=1)
Edge 69 : [Buffer QPU 3].q4 <--> [Buffer QPU 3].q6  (weight=1)
Edge 70 : [Buffer QPU 3].q4 <--> [Buffer QPU 3].q7  (weight=1)
Edge 71 : [Buffer QPU 3].q4 <--> [Buffer QPU 3].q8  (weight=1)
Edge 72 : [Buffer QPU 3].q5 <--> [Buffer QPU 3].q7  (weight=1)
Edge 73 : [Buffer QPU 3].q5 <--> [Buffer QPU 3].q8  (weight=1)
Edge 74 : [Buffer QPU 3].q0 <--> [Buffer QPU 3].q7  (weight=1)
Edge 75 : [Buffer QPU 3].q1 <--> [Buffer QPU 3].q6  (weight=1)
Edge 76 : [Buffer QPU 3].q1 <--> [Buffer QPU 3].q8  (weight=1)
Edge 77 : [Buffer QPU 3].q2 <--> [Buffer QPU 3].q7  (weight=1)
initial_mapping
main_mapping
*** Final Circuit ***
# add_2q_num: 0
# fidelity: 0

*** Time & Memory Measure ***
tasks                          Wtime      Ctime
PARSING                        0.021      0.021
GENERATE MULTI-QPU             0.022      0.022
INITIAL MAPPING                0.022      0.022
MAIN MAPPING                   0.022      0.022
END PROGRAM                    0.022      0.022

----------------------------------------
### VmPeak         FDSize:	64
### Memory Usage           : 2.09716e+07 MB

=================================================================
==3287918==ERROR: LeakSanitizer: detected memory leaks

Direct leak of 64 byte(s) in 1 object(s) allocated from:
    #0 0x7f5c9692d357 in operator new[](unsigned long) ../../../../src/libsanitizer/asan/asan_new_delete.cpp:102
    #1 0x55626cdf0d54 in QASMparser::Parse() /home/LabMember/ksrps/personal/CCD/src/qasm-tools/QASMparser.cpp:1335
    #2 0x55626cd21b41 in Qcircuit::QMapper::QASM_parse(std::__cxx11::basic_string<char, std::char_traits<char>, std::allocator<char> >) /home/LabMember/ksrps/personal/CCD/src/parser.cpp:42
    #3 0x55626cd2188e in Qcircuit::QMapper::parsing(int, char**) /home/LabMember/ksrps/personal/CCD/src/parser.cpp:23
    #4 0x55626cdb4c61 in main_2(int, char**) /home/LabMember/ksrps/personal/CCD/src/main.cpp:33
    #5 0x55626cd07f16 in main /home/LabMember/ksrps/personal/CCD/src/run.cpp:188
    #6 0x7f5c962d8d8f in __libc_start_call_main ../sysdeps/nptl/libc_start_call_main.h:58

SUMMARY: AddressSanitizer: 64 byte(s) leaked in 1 allocation(s).
