
================================================================
         Multi-QPU Mapping by Ajou University QCSS Lab          
================================================================
Gate(    0)	 h q[0]
Gate(    1)	 t q[1]
Gate(    2)	 t q[2]
Gate(    3)	 t q[0]
Gate(    4)	cx q[2], q[1]
Gate(    5)	cx q[0], q[2]
Gate(    6)	cx q[1], q[0]
Gate(    7)	tdg q[2]
Gate(    8)	cx q[1], q[2]
Gate(    9)	tdg q[1]
Gate(   10)	tdg q[2]
Gate(   11)	 t q[0]
Gate(   12)	cx q[0], q[2]
Gate(   13)	cx q[1], q[0]
Gate(   14)	cx q[2], q[1]
Gate(   15)	 h q[0]
Gate(   16)	 h q[6]
Gate(   17)	 t q[0]
Gate(   18)	 t q[2]
Gate(   19)	 t q[6]
Gate(   20)	cx q[2], q[0]
Gate(   21)	cx q[6], q[2]
Gate(   22)	cx q[0], q[6]
Gate(   23)	tdg q[2]
Gate(   24)	cx q[0], q[2]
Gate(   25)	tdg q[0]
Gate(   26)	tdg q[2]
Gate(   27)	 t q[6]
Gate(   28)	cx q[6], q[2]
Gate(   29)	cx q[0], q[6]
Gate(   30)	cx q[2], q[0]
Gate(   31)	 h q[6]
Gate(   32)	 h q[2]
Gate(   33)	 t q[5]
Gate(   34)	 t q[1]
Gate(   35)	 t q[2]
Gate(   36)	cx q[1], q[5]
Gate(   37)	cx q[2], q[1]
Gate(   38)	cx q[5], q[2]
Gate(   39)	tdg q[1]
Gate(   40)	cx q[5], q[1]
Gate(   41)	tdg q[5]
Gate(   42)	tdg q[1]
Gate(   43)	 t q[2]
Gate(   44)	cx q[2], q[1]
Gate(   45)	cx q[5], q[2]
Gate(   46)	cx q[1], q[5]
Gate(   47)	 h q[2]
Gate(   48)	 h q[1]
Gate(   49)	 t q[3]
Gate(   50)	 t q[4]
Gate(   51)	 t q[1]
Gate(   52)	cx q[4], q[3]
Gate(   53)	cx q[1], q[4]
Gate(   54)	cx q[3], q[1]
Gate(   55)	tdg q[4]
Gate(   56)	cx q[3], q[4]
Gate(   57)	tdg q[3]
Gate(   58)	tdg q[4]
Gate(   59)	 t q[1]
Gate(   60)	cx q[1], q[4]
Gate(   61)	cx q[3], q[1]
Gate(   62)	cx q[4], q[3]
Gate(   63)	 h q[1]
Gate(   64)	 h q[2]
Gate(   65)	 t q[5]
Gate(   66)	 t q[1]
Gate(   67)	 t q[2]
Gate(   68)	cx q[1], q[5]
Gate(   69)	cx q[2], q[1]
Gate(   70)	cx q[5], q[2]
Gate(   71)	tdg q[1]
Gate(   72)	cx q[5], q[1]
Gate(   73)	tdg q[5]
Gate(   74)	tdg q[1]
Gate(   75)	 t q[2]
Gate(   76)	cx q[2], q[1]
Gate(   77)	cx q[5], q[2]
Gate(   78)	cx q[1], q[5]
Gate(   79)	 h q[2]
Gate(   80)	 h q[6]
Gate(   81)	 t q[0]
Gate(   82)	 t q[2]
Gate(   83)	 t q[6]
Gate(   84)	cx q[2], q[0]
Gate(   85)	cx q[6], q[2]
Gate(   86)	cx q[0], q[6]
Gate(   87)	tdg q[2]
Gate(   88)	cx q[0], q[2]
Gate(   89)	tdg q[0]
Gate(   90)	tdg q[2]
Gate(   91)	 t q[6]
Gate(   92)	cx q[6], q[2]
Gate(   93)	cx q[0], q[6]
Gate(   94)	cx q[2], q[0]
Gate(   95)	 h q[6]
Gate(   96)	 h q[2]
Gate(   97)	 t q[5]
Gate(   98)	 t q[1]
Gate(   99)	 t q[2]
Gate(  100)	cx q[1], q[5]
Gate(  101)	cx q[2], q[1]
Gate(  102)	cx q[5], q[2]
Gate(  103)	tdg q[1]
Gate(  104)	cx q[5], q[1]
Gate(  105)	tdg q[5]
Gate(  106)	tdg q[1]
Gate(  107)	 t q[2]
Gate(  108)	cx q[2], q[1]
Gate(  109)	cx q[5], q[2]
Gate(  110)	cx q[1], q[5]
Gate(  111)	 h q[2]
Gate(  112)	 h q[1]
Gate(  113)	 t q[3]
Gate(  114)	 t q[4]
Gate(  115)	 t q[1]
Gate(  116)	cx q[4], q[3]
Gate(  117)	cx q[1], q[4]
Gate(  118)	cx q[3], q[1]
Gate(  119)	tdg q[4]
Gate(  120)	cx q[3], q[4]
Gate(  121)	tdg q[3]
Gate(  122)	tdg q[4]
Gate(  123)	 t q[1]
Gate(  124)	cx q[1], q[4]
Gate(  125)	cx q[3], q[1]
Gate(  126)	cx q[4], q[3]
Gate(  127)	 h q[1]
Gate(  128)	 h q[2]
Gate(  129)	 t q[5]
Gate(  130)	 t q[1]
Gate(  131)	 t q[2]
Gate(  132)	cx q[1], q[5]
Gate(  133)	cx q[2], q[1]
Gate(  134)	cx q[5], q[2]
Gate(  135)	tdg q[1]
Gate(  136)	cx q[5], q[1]
Gate(  137)	tdg q[5]
Gate(  138)	tdg q[1]
Gate(  139)	 t q[2]
Gate(  140)	cx q[2], q[1]
Gate(  141)	cx q[5], q[2]
Gate(  142)	cx q[1], q[5]
Gate(  143)	 h q[2]
Gate(  144)	 h q[0]
Gate(  145)	 t q[1]
Gate(  146)	 t q[2]
Gate(  147)	 t q[0]
Gate(  148)	cx q[2], q[1]
Gate(  149)	cx q[0], q[2]
Gate(  150)	cx q[1], q[0]
Gate(  151)	tdg q[2]
Gate(  152)	cx q[1], q[2]
Gate(  153)	tdg q[1]
Gate(  154)	tdg q[2]
Gate(  155)	 t q[0]
Gate(  156)	cx q[0], q[2]
Gate(  157)	cx q[1], q[0]
Gate(  158)	cx q[2], q[1]
Gate(  159)	 h q[0]
Gate(  160)	 h q[6]
Gate(  161)	 t q[0]
Gate(  162)	 t q[2]
Gate(  163)	 t q[6]
Gate(  164)	cx q[2], q[0]
Gate(  165)	cx q[6], q[2]
Gate(  166)	cx q[0], q[6]
Gate(  167)	tdg q[2]
Gate(  168)	cx q[0], q[2]
Gate(  169)	tdg q[0]
Gate(  170)	tdg q[2]
Gate(  171)	 t q[6]
Gate(  172)	cx q[6], q[2]
Gate(  173)	cx q[0], q[6]
Gate(  174)	cx q[2], q[0]
Gate(  175)	 h q[6]
Gate(  176)	 h q[2]
Gate(  177)	 t q[5]
Gate(  178)	 t q[1]
Gate(  179)	 t q[2]
Gate(  180)	cx q[1], q[5]
Gate(  181)	cx q[2], q[1]
Gate(  182)	cx q[5], q[2]
Gate(  183)	tdg q[1]
Gate(  184)	cx q[5], q[1]
Gate(  185)	tdg q[5]
Gate(  186)	tdg q[1]
Gate(  187)	 t q[2]
Gate(  188)	cx q[2], q[1]
Gate(  189)	cx q[5], q[2]
Gate(  190)	cx q[1], q[5]
Gate(  191)	 h q[2]
Gate(  192)	 h q[1]
Gate(  193)	 t q[3]
Gate(  194)	 t q[4]
Gate(  195)	 t q[1]
Gate(  196)	cx q[4], q[3]
Gate(  197)	cx q[1], q[4]
Gate(  198)	cx q[3], q[1]
Gate(  199)	tdg q[4]
Gate(  200)	cx q[3], q[4]
Gate(  201)	tdg q[3]
Gate(  202)	tdg q[4]
Gate(  203)	 t q[1]
Gate(  204)	cx q[1], q[4]
Gate(  205)	cx q[3], q[1]
Gate(  206)	cx q[4], q[3]
Gate(  207)	 h q[1]
Gate(  208)	 h q[2]
Gate(  209)	 t q[5]
Gate(  210)	 t q[1]
Gate(  211)	 t q[2]
Gate(  212)	cx q[1], q[5]
Gate(  213)	cx q[2], q[1]
Gate(  214)	cx q[5], q[2]
Gate(  215)	tdg q[1]
Gate(  216)	cx q[5], q[1]
Gate(  217)	tdg q[5]
Gate(  218)	tdg q[1]
Gate(  219)	 t q[2]
Gate(  220)	cx q[2], q[1]
Gate(  221)	cx q[5], q[2]
Gate(  222)	cx q[1], q[5]
Gate(  223)	 h q[2]
Gate(  224)	 h q[6]
Gate(  225)	 t q[0]
Gate(  226)	 t q[2]
Gate(  227)	 t q[6]
Gate(  228)	cx q[2], q[0]
Gate(  229)	cx q[6], q[2]
Gate(  230)	cx q[0], q[6]
Gate(  231)	tdg q[2]
Gate(  232)	cx q[0], q[2]
Gate(  233)	tdg q[0]
Gate(  234)	tdg q[2]
Gate(  235)	 t q[6]
Gate(  236)	cx q[6], q[2]
Gate(  237)	cx q[0], q[6]
Gate(  238)	cx q[2], q[0]
Gate(  239)	 h q[6]
Gate(  240)	 h q[2]
Gate(  241)	 t q[5]
Gate(  242)	 t q[1]
Gate(  243)	 t q[2]
Gate(  244)	cx q[1], q[5]
Gate(  245)	cx q[2], q[1]
Gate(  246)	cx q[5], q[2]
Gate(  247)	tdg q[1]
Gate(  248)	cx q[5], q[1]
Gate(  249)	tdg q[5]
Gate(  250)	tdg q[1]
Gate(  251)	 t q[2]
Gate(  252)	cx q[2], q[1]
Gate(  253)	cx q[5], q[2]
Gate(  254)	cx q[1], q[5]
Gate(  255)	 h q[2]
Gate(  256)	 h q[1]
Gate(  257)	 t q[3]
Gate(  258)	 t q[4]
Gate(  259)	 t q[1]
Gate(  260)	cx q[4], q[3]
Gate(  261)	cx q[1], q[4]
Gate(  262)	cx q[3], q[1]
Gate(  263)	tdg q[4]
Gate(  264)	cx q[3], q[4]
Gate(  265)	tdg q[3]
Gate(  266)	tdg q[4]
Gate(  267)	 t q[1]
Gate(  268)	cx q[1], q[4]
Gate(  269)	cx q[3], q[1]
Gate(  270)	cx q[4], q[3]
Gate(  271)	 h q[1]
Gate(  272)	 h q[2]
Gate(  273)	 t q[5]
Gate(  274)	 t q[1]
Gate(  275)	 t q[2]
Gate(  276)	cx q[1], q[5]
Gate(  277)	cx q[2], q[1]
Gate(  278)	cx q[5], q[2]
Gate(  279)	tdg q[1]
Gate(  280)	cx q[5], q[1]
Gate(  281)	tdg q[5]
Gate(  282)	tdg q[1]
Gate(  283)	 t q[2]
Gate(  284)	cx q[2], q[1]
Gate(  285)	cx q[5], q[2]
Gate(  286)	cx q[1], q[5]
Gate(  287)	 h q[2]
Gate(  288)	 h q[1]
Gate(  289)	 t q[0]
Gate(  290)	 t q[2]
Gate(  291)	 t q[1]
Gate(  292)	cx q[2], q[0]
Gate(  293)	cx q[1], q[2]
Gate(  294)	cx q[0], q[1]
Gate(  295)	tdg q[2]
Gate(  296)	cx q[0], q[2]
Gate(  297)	tdg q[0]
Gate(  298)	tdg q[2]
Gate(  299)	 t q[1]
Gate(  300)	cx q[1], q[2]
Gate(  301)	cx q[0], q[1]
Gate(  302)	cx q[2], q[0]
Gate(  303)	 h q[1]
Gate(  304)	 h q[6]
Gate(  305)	 t q[1]
Gate(  306)	 t q[2]
Gate(  307)	 t q[6]
Gate(  308)	cx q[2], q[1]
Gate(  309)	cx q[6], q[2]
Gate(  310)	cx q[1], q[6]
Gate(  311)	tdg q[2]
Gate(  312)	cx q[1], q[2]
Gate(  313)	tdg q[1]
Gate(  314)	tdg q[2]
Gate(  315)	 t q[6]
Gate(  316)	cx q[6], q[2]
Gate(  317)	cx q[1], q[6]
Gate(  318)	cx q[2], q[1]
Gate(  319)	 h q[6]
Gate(  320)	 h q[2]
Gate(  321)	 t q[5]
Gate(  322)	 t q[0]
Gate(  323)	 t q[2]
Gate(  324)	cx q[0], q[5]
Gate(  325)	cx q[2], q[0]
Gate(  326)	cx q[5], q[2]
Gate(  327)	tdg q[0]
Gate(  328)	cx q[5], q[0]
Gate(  329)	tdg q[5]
Gate(  330)	tdg q[0]
Gate(  331)	 t q[2]
Gate(  332)	cx q[2], q[0]
Gate(  333)	cx q[5], q[2]
Gate(  334)	cx q[0], q[5]
Gate(  335)	 h q[2]
Gate(  336)	 h q[0]
Gate(  337)	 t q[3]
Gate(  338)	 t q[4]
Gate(  339)	 t q[0]
Gate(  340)	cx q[4], q[3]
Gate(  341)	cx q[0], q[4]
Gate(  342)	cx q[3], q[0]
Gate(  343)	tdg q[4]
Gate(  344)	cx q[3], q[4]
Gate(  345)	tdg q[3]
Gate(  346)	tdg q[4]
Gate(  347)	 t q[0]
Gate(  348)	cx q[0], q[4]
Gate(  349)	cx q[3], q[0]
Gate(  350)	cx q[4], q[3]
Gate(  351)	 h q[0]
Gate(  352)	 h q[2]
Gate(  353)	 t q[5]
Gate(  354)	 t q[0]
Gate(  355)	 t q[2]
Gate(  356)	cx q[0], q[5]
Gate(  357)	cx q[2], q[0]
Gate(  358)	cx q[5], q[2]
Gate(  359)	tdg q[0]
Gate(  360)	cx q[5], q[0]
Gate(  361)	tdg q[5]
Gate(  362)	tdg q[0]
Gate(  363)	 t q[2]
Gate(  364)	cx q[2], q[0]
Gate(  365)	cx q[5], q[2]
Gate(  366)	cx q[0], q[5]
Gate(  367)	 h q[2]
Gate(  368)	 h q[6]
Gate(  369)	 t q[1]
Gate(  370)	 t q[2]
Gate(  371)	 t q[6]
Gate(  372)	cx q[2], q[1]
Gate(  373)	cx q[6], q[2]
Gate(  374)	cx q[1], q[6]
Gate(  375)	tdg q[2]
Gate(  376)	cx q[1], q[2]
Gate(  377)	tdg q[1]
Gate(  378)	tdg q[2]
Gate(  379)	 t q[6]
Gate(  380)	cx q[6], q[2]
Gate(  381)	cx q[1], q[6]
Gate(  382)	cx q[2], q[1]
Gate(  383)	 h q[6]
Gate(  384)	 h q[2]
Gate(  385)	 t q[5]
Gate(  386)	 t q[0]
Gate(  387)	 t q[2]
Gate(  388)	cx q[0], q[5]
Gate(  389)	cx q[2], q[0]
Gate(  390)	cx q[5], q[2]
Gate(  391)	tdg q[0]
Gate(  392)	cx q[5], q[0]
Gate(  393)	tdg q[5]
Gate(  394)	tdg q[0]
Gate(  395)	 t q[2]
Gate(  396)	cx q[2], q[0]
Gate(  397)	cx q[5], q[2]
Gate(  398)	cx q[0], q[5]
Gate(  399)	 h q[2]
Gate(  400)	 h q[0]
Gate(  401)	 t q[3]
Gate(  402)	 t q[4]
Gate(  403)	 t q[0]
Gate(  404)	cx q[4], q[3]
Gate(  405)	cx q[0], q[4]
Gate(  406)	cx q[3], q[0]
Gate(  407)	tdg q[4]
Gate(  408)	cx q[3], q[4]
Gate(  409)	tdg q[3]
Gate(  410)	tdg q[4]
Gate(  411)	 t q[0]
Gate(  412)	cx q[0], q[4]
Gate(  413)	cx q[3], q[0]
Gate(  414)	cx q[4], q[3]
Gate(  415)	 h q[0]
Gate(  416)	 h q[2]
Gate(  417)	 t q[5]
Gate(  418)	 t q[0]
Gate(  419)	 t q[2]
Gate(  420)	cx q[0], q[5]
Gate(  421)	cx q[2], q[0]
Gate(  422)	cx q[5], q[2]
Gate(  423)	tdg q[0]
Gate(  424)	cx q[5], q[0]
Gate(  425)	tdg q[5]
Gate(  426)	tdg q[0]
Gate(  427)	 t q[2]
Gate(  428)	cx q[2], q[0]
Gate(  429)	cx q[5], q[2]
Gate(  430)	cx q[0], q[5]
Gate(  431)	 h q[2]
Gate(  432)	 h q[1]
Gate(  433)	 t q[0]
Gate(  434)	 t q[2]
Gate(  435)	 t q[1]
Gate(  436)	cx q[2], q[0]
Gate(  437)	cx q[1], q[2]
Gate(  438)	cx q[0], q[1]
Gate(  439)	tdg q[2]
Gate(  440)	cx q[0], q[2]
Gate(  441)	tdg q[0]
Gate(  442)	tdg q[2]
Gate(  443)	 t q[1]
Gate(  444)	cx q[1], q[2]
Gate(  445)	cx q[0], q[1]
Gate(  446)	cx q[2], q[0]
Gate(  447)	 h q[1]
Gate(  448)	 h q[6]
Gate(  449)	 t q[1]
Gate(  450)	 t q[2]
Gate(  451)	 t q[6]
Gate(  452)	cx q[2], q[1]
Gate(  453)	cx q[6], q[2]
Gate(  454)	cx q[1], q[6]
Gate(  455)	tdg q[2]
Gate(  456)	cx q[1], q[2]
Gate(  457)	tdg q[1]
Gate(  458)	tdg q[2]
Gate(  459)	 t q[6]
Gate(  460)	cx q[6], q[2]
Gate(  461)	cx q[1], q[6]
Gate(  462)	cx q[2], q[1]
Gate(  463)	 h q[6]
Gate(  464)	 h q[2]
Gate(  465)	 t q[5]
Gate(  466)	 t q[0]
Gate(  467)	 t q[2]
Gate(  468)	cx q[0], q[5]
Gate(  469)	cx q[2], q[0]
Gate(  470)	cx q[5], q[2]
Gate(  471)	tdg q[0]
Gate(  472)	cx q[5], q[0]
Gate(  473)	tdg q[5]
Gate(  474)	tdg q[0]
Gate(  475)	 t q[2]
Gate(  476)	cx q[2], q[0]
Gate(  477)	cx q[5], q[2]
Gate(  478)	cx q[0], q[5]
Gate(  479)	 h q[2]
Gate(  480)	 h q[0]
Gate(  481)	 t q[3]
Gate(  482)	 t q[4]
Gate(  483)	 t q[0]
Gate(  484)	cx q[4], q[3]
Gate(  485)	cx q[0], q[4]
Gate(  486)	cx q[3], q[0]
Gate(  487)	tdg q[4]
Gate(  488)	cx q[3], q[4]
Gate(  489)	tdg q[3]
Gate(  490)	tdg q[4]
Gate(  491)	 t q[0]
Gate(  492)	cx q[0], q[4]
Gate(  493)	cx q[3], q[0]
Gate(  494)	cx q[4], q[3]
Gate(  495)	 h q[0]
Gate(  496)	 h q[2]
Gate(  497)	 t q[5]
Gate(  498)	 t q[0]
Gate(  499)	 t q[2]
Gate(  500)	cx q[0], q[5]
Gate(  501)	cx q[2], q[0]
Gate(  502)	cx q[5], q[2]
Gate(  503)	tdg q[0]
Gate(  504)	cx q[5], q[0]
Gate(  505)	tdg q[5]
Gate(  506)	tdg q[0]
Gate(  507)	 t q[2]
Gate(  508)	cx q[2], q[0]
Gate(  509)	cx q[5], q[2]
Gate(  510)	cx q[0], q[5]
Gate(  511)	 h q[2]
Gate(  512)	 h q[6]
Gate(  513)	 t q[1]
Gate(  514)	 t q[2]
Gate(  515)	 t q[6]
Gate(  516)	cx q[2], q[1]
Gate(  517)	cx q[6], q[2]
Gate(  518)	cx q[1], q[6]
Gate(  519)	tdg q[2]
Gate(  520)	cx q[1], q[2]
Gate(  521)	tdg q[1]
Gate(  522)	tdg q[2]
Gate(  523)	 t q[6]
Gate(  524)	cx q[6], q[2]
Gate(  525)	cx q[1], q[6]
Gate(  526)	cx q[2], q[1]
Gate(  527)	 h q[6]
Gate(  528)	 h q[2]
Gate(  529)	 t q[5]
Gate(  530)	 t q[0]
Gate(  531)	 t q[2]
Gate(  532)	cx q[0], q[5]
Gate(  533)	cx q[2], q[0]
Gate(  534)	cx q[5], q[2]
Gate(  535)	tdg q[0]
Gate(  536)	cx q[5], q[0]
Gate(  537)	tdg q[5]
Gate(  538)	tdg q[0]
Gate(  539)	 t q[2]
Gate(  540)	cx q[2], q[0]
Gate(  541)	cx q[5], q[2]
Gate(  542)	cx q[0], q[5]
Gate(  543)	 h q[2]
Gate(  544)	 h q[0]
Gate(  545)	 t q[3]
Gate(  546)	 t q[4]
Gate(  547)	 t q[0]
Gate(  548)	cx q[4], q[3]
Gate(  549)	cx q[0], q[4]
Gate(  550)	cx q[3], q[0]
Gate(  551)	tdg q[4]
Gate(  552)	cx q[3], q[4]
Gate(  553)	tdg q[3]
Gate(  554)	tdg q[4]
Gate(  555)	 t q[0]
Gate(  556)	cx q[0], q[4]
Gate(  557)	cx q[3], q[0]
Gate(  558)	cx q[4], q[3]
Gate(  559)	 h q[0]
Gate(  560)	 h q[2]
Gate(  561)	 t q[5]
Gate(  562)	 t q[0]
Gate(  563)	 t q[2]
Gate(  564)	cx q[0], q[5]
Gate(  565)	cx q[2], q[0]
Gate(  566)	cx q[5], q[2]
Gate(  567)	tdg q[0]
Gate(  568)	cx q[5], q[0]
Gate(  569)	tdg q[5]
Gate(  570)	tdg q[0]
Gate(  571)	 t q[2]
Gate(  572)	cx q[2], q[0]
Gate(  573)	cx q[5], q[2]
Gate(  574)	cx q[0], q[5]
Gate(  575)	 h q[2]
Gate(  576)	 h q[6]
Gate(  577)	 t q[5]
Gate(  578)	 t q[1]
Gate(  579)	 t q[6]
Gate(  580)	cx q[1], q[5]
Gate(  581)	cx q[6], q[1]
Gate(  582)	cx q[5], q[6]
Gate(  583)	tdg q[1]
Gate(  584)	cx q[5], q[1]
Gate(  585)	tdg q[5]
Gate(  586)	tdg q[1]
Gate(  587)	 t q[6]
Gate(  588)	cx q[6], q[1]
Gate(  589)	cx q[5], q[6]
Gate(  590)	cx q[1], q[5]
Gate(  591)	 h q[6]
Gate(  592)	 h q[1]
Gate(  593)	 t q[4]
Gate(  594)	 t q[0]
Gate(  595)	 t q[1]
Gate(  596)	cx q[0], q[4]
Gate(  597)	cx q[1], q[0]
Gate(  598)	cx q[4], q[1]
Gate(  599)	tdg q[0]
Gate(  600)	cx q[4], q[0]
Gate(  601)	tdg q[4]
Gate(  602)	tdg q[0]
Gate(  603)	 t q[1]
Gate(  604)	cx q[1], q[0]
Gate(  605)	cx q[4], q[1]
Gate(  606)	cx q[0], q[4]
Gate(  607)	 h q[1]
Gate(  608)	 h q[0]
Gate(  609)	 t q[2]
Gate(  610)	 t q[3]
Gate(  611)	 t q[0]
Gate(  612)	cx q[3], q[2]
Gate(  613)	cx q[0], q[3]
Gate(  614)	cx q[2], q[0]
Gate(  615)	tdg q[3]
Gate(  616)	cx q[2], q[3]
Gate(  617)	tdg q[2]
Gate(  618)	tdg q[3]
Gate(  619)	 t q[0]
Gate(  620)	cx q[0], q[3]
Gate(  621)	cx q[2], q[0]
Gate(  622)	cx q[3], q[2]
Gate(  623)	 h q[0]
Gate(  624)	 h q[1]
Gate(  625)	 t q[4]
Gate(  626)	 t q[0]
Gate(  627)	 t q[1]
Gate(  628)	cx q[0], q[4]
Gate(  629)	cx q[1], q[0]
Gate(  630)	cx q[4], q[1]
Gate(  631)	tdg q[0]
Gate(  632)	cx q[4], q[0]
Gate(  633)	tdg q[4]
Gate(  634)	tdg q[0]
Gate(  635)	 t q[1]
Gate(  636)	cx q[1], q[0]
Gate(  637)	cx q[4], q[1]
Gate(  638)	cx q[0], q[4]
Gate(  639)	 h q[1]
Gate(  640)	 h q[6]
Gate(  641)	 t q[5]
Gate(  642)	 t q[1]
Gate(  643)	 t q[6]
Gate(  644)	cx q[1], q[5]
Gate(  645)	cx q[6], q[1]
Gate(  646)	cx q[5], q[6]
Gate(  647)	tdg q[1]
Gate(  648)	cx q[5], q[1]
Gate(  649)	tdg q[5]
Gate(  650)	tdg q[1]
Gate(  651)	 t q[6]
Gate(  652)	cx q[6], q[1]
Gate(  653)	cx q[5], q[6]
Gate(  654)	cx q[1], q[5]
Gate(  655)	 h q[6]
Gate(  656)	 h q[1]
Gate(  657)	 t q[4]
Gate(  658)	 t q[0]
Gate(  659)	 t q[1]
Gate(  660)	cx q[0], q[4]
Gate(  661)	cx q[1], q[0]
Gate(  662)	cx q[4], q[1]
Gate(  663)	tdg q[0]
Gate(  664)	cx q[4], q[0]
Gate(  665)	tdg q[4]
Gate(  666)	tdg q[0]
Gate(  667)	 t q[1]
Gate(  668)	cx q[1], q[0]
Gate(  669)	cx q[4], q[1]
Gate(  670)	cx q[0], q[4]
Gate(  671)	 h q[1]
Gate(  672)	 h q[0]
Gate(  673)	 t q[2]
Gate(  674)	 t q[3]
Gate(  675)	 t q[0]
Gate(  676)	cx q[3], q[2]
Gate(  677)	cx q[0], q[3]
Gate(  678)	cx q[2], q[0]
Gate(  679)	tdg q[3]
Gate(  680)	cx q[2], q[3]
Gate(  681)	tdg q[2]
Gate(  682)	tdg q[3]
Gate(  683)	 t q[0]
Gate(  684)	cx q[0], q[3]
Gate(  685)	cx q[2], q[0]
Gate(  686)	cx q[3], q[2]
Gate(  687)	 h q[0]
Gate(  688)	 h q[1]
Gate(  689)	 t q[4]
Gate(  690)	 t q[0]
Gate(  691)	 t q[1]
Gate(  692)	cx q[0], q[4]
Gate(  693)	cx q[1], q[0]
Gate(  694)	cx q[4], q[1]
Gate(  695)	tdg q[0]
Gate(  696)	cx q[4], q[0]
Gate(  697)	tdg q[4]
Gate(  698)	tdg q[0]
Gate(  699)	 t q[1]
Gate(  700)	cx q[1], q[0]
Gate(  701)	cx q[4], q[1]
Gate(  702)	cx q[0], q[4]
Gate(  703)	 h q[1]
Gate(  704)	 h q[2]
Gate(  705)	 t q[0]
Gate(  706)	 t q[1]
Gate(  707)	 t q[2]
Gate(  708)	cx q[1], q[0]
Gate(  709)	cx q[2], q[1]
Gate(  710)	cx q[0], q[2]
Gate(  711)	tdg q[1]
Gate(  712)	cx q[0], q[1]
Gate(  713)	tdg q[0]
Gate(  714)	tdg q[1]
Gate(  715)	 t q[2]
Gate(  716)	cx q[2], q[1]
Gate(  717)	cx q[0], q[2]
Gate(  718)	cx q[1], q[0]
Gate(  719)	 h q[2]
Gate(  720)	 h q[6]
Gate(  721)	 t q[2]
Gate(  722)	 t q[1]
Gate(  723)	 t q[6]
Gate(  724)	cx q[1], q[2]
Gate(  725)	cx q[6], q[1]
Gate(  726)	cx q[2], q[6]
Gate(  727)	tdg q[1]
Gate(  728)	cx q[2], q[1]
Gate(  729)	tdg q[2]
Gate(  730)	tdg q[1]
Gate(  731)	 t q[6]
Gate(  732)	cx q[6], q[1]
Gate(  733)	cx q[2], q[6]
Gate(  734)	cx q[1], q[2]
Gate(  735)	 h q[6]
Gate(  736)	 h q[1]
Gate(  737)	 t q[5]
Gate(  738)	 t q[0]
Gate(  739)	 t q[1]
Gate(  740)	cx q[0], q[5]
Gate(  741)	cx q[1], q[0]
Gate(  742)	cx q[5], q[1]
Gate(  743)	tdg q[0]
Gate(  744)	cx q[5], q[0]
Gate(  745)	tdg q[5]
Gate(  746)	tdg q[0]
Gate(  747)	 t q[1]
Gate(  748)	cx q[1], q[0]
Gate(  749)	cx q[5], q[1]
Gate(  750)	cx q[0], q[5]
Gate(  751)	 h q[1]
Gate(  752)	 h q[0]
Gate(  753)	 t q[3]
Gate(  754)	 t q[4]
Gate(  755)	 t q[0]
Gate(  756)	cx q[4], q[3]
Gate(  757)	cx q[0], q[4]
Gate(  758)	cx q[3], q[0]
Gate(  759)	tdg q[4]
Gate(  760)	cx q[3], q[4]
Gate(  761)	tdg q[3]
Gate(  762)	tdg q[4]
Gate(  763)	 t q[0]
Gate(  764)	cx q[0], q[4]
Gate(  765)	cx q[3], q[0]
Gate(  766)	cx q[4], q[3]
Gate(  767)	 h q[0]
Gate(  768)	 h q[1]
Gate(  769)	 t q[5]
Gate(  770)	 t q[0]
Gate(  771)	 t q[1]
Gate(  772)	cx q[0], q[5]
Gate(  773)	cx q[1], q[0]
Gate(  774)	cx q[5], q[1]
Gate(  775)	tdg q[0]
Gate(  776)	cx q[5], q[0]
Gate(  777)	tdg q[5]
Gate(  778)	tdg q[0]
Gate(  779)	 t q[1]
Gate(  780)	cx q[1], q[0]
Gate(  781)	cx q[5], q[1]
Gate(  782)	cx q[0], q[5]
Gate(  783)	 h q[1]
Gate(  784)	 h q[6]
Gate(  785)	 t q[2]
Gate(  786)	 t q[1]
Gate(  787)	 t q[6]
Gate(  788)	cx q[1], q[2]
Gate(  789)	cx q[6], q[1]
Gate(  790)	cx q[2], q[6]
Gate(  791)	tdg q[1]
Gate(  792)	cx q[2], q[1]
Gate(  793)	tdg q[2]
Gate(  794)	tdg q[1]
Gate(  795)	 t q[6]
Gate(  796)	cx q[6], q[1]
Gate(  797)	cx q[2], q[6]
Gate(  798)	cx q[1], q[2]
Gate(  799)	 h q[6]
Gate(  800)	 h q[1]
Gate(  801)	 t q[5]
Gate(  802)	 t q[0]
Gate(  803)	 t q[1]
Gate(  804)	cx q[0], q[5]
Gate(  805)	cx q[1], q[0]
Gate(  806)	cx q[5], q[1]
Gate(  807)	tdg q[0]
Gate(  808)	cx q[5], q[0]
Gate(  809)	tdg q[5]
Gate(  810)	tdg q[0]
Gate(  811)	 t q[1]
Gate(  812)	cx q[1], q[0]
Gate(  813)	cx q[5], q[1]
Gate(  814)	cx q[0], q[5]
Gate(  815)	 h q[1]
Gate(  816)	 h q[0]
Gate(  817)	 t q[3]
Gate(  818)	 t q[4]
Gate(  819)	 t q[0]
Gate(  820)	cx q[4], q[3]
Gate(  821)	cx q[0], q[4]
Gate(  822)	cx q[3], q[0]
Gate(  823)	tdg q[4]
Gate(  824)	cx q[3], q[4]
Gate(  825)	tdg q[3]
Gate(  826)	tdg q[4]
Gate(  827)	 t q[0]
Gate(  828)	cx q[0], q[4]
Gate(  829)	cx q[3], q[0]
Gate(  830)	cx q[4], q[3]
Gate(  831)	 h q[0]
Gate(  832)	 h q[1]
Gate(  833)	 t q[5]
Gate(  834)	 t q[0]
Gate(  835)	 t q[1]
Gate(  836)	cx q[0], q[5]
Gate(  837)	cx q[1], q[0]
Gate(  838)	cx q[5], q[1]
Gate(  839)	tdg q[0]
Gate(  840)	cx q[5], q[0]
Gate(  841)	tdg q[5]
Gate(  842)	tdg q[0]
Gate(  843)	 t q[1]
Gate(  844)	cx q[1], q[0]
Gate(  845)	cx q[5], q[1]
Gate(  846)	cx q[0], q[5]
Gate(  847)	 h q[1]
Gate(  848)	 h q[2]
Gate(  849)	 t q[0]
Gate(  850)	 t q[1]
Gate(  851)	 t q[2]
Gate(  852)	cx q[1], q[0]
Gate(  853)	cx q[2], q[1]
Gate(  854)	cx q[0], q[2]
Gate(  855)	tdg q[1]
Gate(  856)	cx q[0], q[1]
Gate(  857)	tdg q[0]
Gate(  858)	tdg q[1]
Gate(  859)	 t q[2]
Gate(  860)	cx q[2], q[1]
Gate(  861)	cx q[0], q[2]
Gate(  862)	cx q[1], q[0]
Gate(  863)	 h q[2]
Gate(  864)	 h q[6]
Gate(  865)	 t q[2]
Gate(  866)	 t q[1]
Gate(  867)	 t q[6]
Gate(  868)	cx q[1], q[2]
Gate(  869)	cx q[6], q[1]
Gate(  870)	cx q[2], q[6]
Gate(  871)	tdg q[1]
Gate(  872)	cx q[2], q[1]
Gate(  873)	tdg q[2]
Gate(  874)	tdg q[1]
Gate(  875)	 t q[6]
Gate(  876)	cx q[6], q[1]
Gate(  877)	cx q[2], q[6]
Gate(  878)	cx q[1], q[2]
Gate(  879)	 h q[6]
Gate(  880)	 h q[1]
Gate(  881)	 t q[5]
Gate(  882)	 t q[0]
Gate(  883)	 t q[1]
Gate(  884)	cx q[0], q[5]
Gate(  885)	cx q[1], q[0]
Gate(  886)	cx q[5], q[1]
Gate(  887)	tdg q[0]
Gate(  888)	cx q[5], q[0]
Gate(  889)	tdg q[5]
Gate(  890)	tdg q[0]
Gate(  891)	 t q[1]
Gate(  892)	cx q[1], q[0]
Gate(  893)	cx q[5], q[1]
Gate(  894)	cx q[0], q[5]
Gate(  895)	 h q[1]
Gate(  896)	 h q[0]
Gate(  897)	 t q[3]
Gate(  898)	 t q[4]
Gate(  899)	 t q[0]
Gate(  900)	cx q[4], q[3]
Gate(  901)	cx q[0], q[4]
Gate(  902)	cx q[3], q[0]
Gate(  903)	tdg q[4]
Gate(  904)	cx q[3], q[4]
Gate(  905)	tdg q[3]
Gate(  906)	tdg q[4]
Gate(  907)	 t q[0]
Gate(  908)	cx q[0], q[4]
Gate(  909)	cx q[3], q[0]
Gate(  910)	cx q[4], q[3]
Gate(  911)	 h q[0]
Gate(  912)	 h q[1]
Gate(  913)	 t q[5]
Gate(  914)	 t q[0]
Gate(  915)	 t q[1]
Gate(  916)	cx q[0], q[5]
Gate(  917)	cx q[1], q[0]
Gate(  918)	cx q[5], q[1]
Gate(  919)	tdg q[0]
Gate(  920)	cx q[5], q[0]
Gate(  921)	tdg q[5]
Gate(  922)	tdg q[0]
Gate(  923)	 t q[1]
Gate(  924)	cx q[1], q[0]
Gate(  925)	cx q[5], q[1]
Gate(  926)	cx q[0], q[5]
Gate(  927)	 h q[1]
Gate(  928)	 h q[6]
Gate(  929)	 t q[2]
Gate(  930)	 t q[1]
Gate(  931)	 t q[6]
Gate(  932)	cx q[1], q[2]
Gate(  933)	cx q[6], q[1]
Gate(  934)	cx q[2], q[6]
Gate(  935)	tdg q[1]
Gate(  936)	cx q[2], q[1]
Gate(  937)	tdg q[2]
Gate(  938)	tdg q[1]
Gate(  939)	 t q[6]
Gate(  940)	cx q[6], q[1]
Gate(  941)	cx q[2], q[6]
Gate(  942)	cx q[1], q[2]
Gate(  943)	 h q[6]
Gate(  944)	 h q[1]
Gate(  945)	 t q[5]
Gate(  946)	 t q[0]
Gate(  947)	 t q[1]
Gate(  948)	cx q[0], q[5]
Gate(  949)	cx q[1], q[0]
Gate(  950)	cx q[5], q[1]
Gate(  951)	tdg q[0]
Gate(  952)	cx q[5], q[0]
Gate(  953)	tdg q[5]
Gate(  954)	tdg q[0]
Gate(  955)	 t q[1]
Gate(  956)	cx q[1], q[0]
Gate(  957)	cx q[5], q[1]
Gate(  958)	cx q[0], q[5]
Gate(  959)	 h q[1]
Gate(  960)	 h q[0]
Gate(  961)	 t q[3]
Gate(  962)	 t q[4]
Gate(  963)	 t q[0]
Gate(  964)	cx q[4], q[3]
Gate(  965)	cx q[0], q[4]
Gate(  966)	cx q[3], q[0]
Gate(  967)	tdg q[4]
Gate(  968)	cx q[3], q[4]
Gate(  969)	tdg q[3]
Gate(  970)	tdg q[4]
Gate(  971)	 t q[0]
Gate(  972)	cx q[0], q[4]
Gate(  973)	cx q[3], q[0]
Gate(  974)	cx q[4], q[3]
Gate(  975)	 h q[0]
Gate(  976)	 h q[1]
Gate(  977)	 t q[5]
Gate(  978)	 t q[0]
Gate(  979)	 t q[1]
Gate(  980)	cx q[0], q[5]
Gate(  981)	cx q[1], q[0]
Gate(  982)	cx q[5], q[1]
Gate(  983)	tdg q[0]
Gate(  984)	cx q[5], q[0]
Gate(  985)	tdg q[5]
Gate(  986)	tdg q[0]
Gate(  987)	 t q[1]
Gate(  988)	cx q[1], q[0]
Gate(  989)	cx q[5], q[1]
Gate(  990)	cx q[0], q[5]
Gate(  991)	 h q[1]
Gate(  992)	 h q[6]
Gate(  993)	 t q[5]
Gate(  994)	 t q[2]
Gate(  995)	 t q[6]
Gate(  996)	cx q[2], q[5]
Gate(  997)	cx q[6], q[2]
Gate(  998)	cx q[5], q[6]
Gate(  999)	tdg q[2]
Gate( 1000)	cx q[5], q[2]
Gate( 1001)	tdg q[5]
Gate( 1002)	tdg q[2]
Gate( 1003)	 t q[6]
Gate( 1004)	cx q[6], q[2]
Gate( 1005)	cx q[5], q[6]
Gate( 1006)	cx q[2], q[5]
Gate( 1007)	 h q[6]
Gate( 1008)	 h q[2]
Gate( 1009)	 t q[4]
Gate( 1010)	 t q[0]
Gate( 1011)	 t q[2]
Gate( 1012)	cx q[0], q[4]
Gate( 1013)	cx q[2], q[0]
Gate( 1014)	cx q[4], q[2]
Gate( 1015)	tdg q[0]
Gate( 1016)	cx q[4], q[0]
Gate( 1017)	tdg q[4]
Gate( 1018)	tdg q[0]
Gate( 1019)	 t q[2]
Gate( 1020)	cx q[2], q[0]
Gate( 1021)	cx q[4], q[2]
Gate( 1022)	cx q[0], q[4]
Gate( 1023)	 h q[2]
Gate( 1024)	 h q[0]
Gate( 1025)	 t q[1]
Gate( 1026)	 t q[3]
Gate( 1027)	 t q[0]
Gate( 1028)	cx q[3], q[1]
Gate( 1029)	cx q[0], q[3]
Gate( 1030)	cx q[1], q[0]
Gate( 1031)	tdg q[3]
Gate( 1032)	cx q[1], q[3]
Gate( 1033)	tdg q[1]
Gate( 1034)	tdg q[3]
Gate( 1035)	 t q[0]
Gate( 1036)	cx q[0], q[3]
Gate( 1037)	cx q[1], q[0]
Gate( 1038)	cx q[3], q[1]
Gate( 1039)	 h q[0]
Gate( 1040)	 h q[2]
Gate( 1041)	 t q[4]
Gate( 1042)	 t q[0]
Gate( 1043)	 t q[2]
Gate( 1044)	cx q[0], q[4]
Gate( 1045)	cx q[2], q[0]
Gate( 1046)	cx q[4], q[2]
Gate( 1047)	tdg q[0]
Gate( 1048)	cx q[4], q[0]
Gate( 1049)	tdg q[4]
Gate( 1050)	tdg q[0]
Gate( 1051)	 t q[2]
Gate( 1052)	cx q[2], q[0]
Gate( 1053)	cx q[4], q[2]
Gate( 1054)	cx q[0], q[4]
Gate( 1055)	 h q[2]
Gate( 1056)	 h q[6]
Gate( 1057)	 t q[5]
Gate( 1058)	 t q[2]
Gate( 1059)	 t q[6]
Gate( 1060)	cx q[2], q[5]
Gate( 1061)	cx q[6], q[2]
Gate( 1062)	cx q[5], q[6]
Gate( 1063)	tdg q[2]
Gate( 1064)	cx q[5], q[2]
Gate( 1065)	tdg q[5]
Gate( 1066)	tdg q[2]
Gate( 1067)	 t q[6]
Gate( 1068)	cx q[6], q[2]
Gate( 1069)	cx q[5], q[6]
Gate( 1070)	cx q[2], q[5]
Gate( 1071)	 h q[6]
Gate( 1072)	 h q[2]
Gate( 1073)	 t q[4]
Gate( 1074)	 t q[0]
Gate( 1075)	 t q[2]
Gate( 1076)	cx q[0], q[4]
Gate( 1077)	cx q[2], q[0]
Gate( 1078)	cx q[4], q[2]
Gate( 1079)	tdg q[0]
Gate( 1080)	cx q[4], q[0]
Gate( 1081)	tdg q[4]
Gate( 1082)	tdg q[0]
Gate( 1083)	 t q[2]
Gate( 1084)	cx q[2], q[0]
Gate( 1085)	cx q[4], q[2]
Gate( 1086)	cx q[0], q[4]
Gate( 1087)	 h q[2]
Gate( 1088)	 h q[0]
Gate( 1089)	 t q[1]
Gate( 1090)	 t q[3]
Gate( 1091)	 t q[0]
Gate( 1092)	cx q[3], q[1]
Gate( 1093)	cx q[0], q[3]
Gate( 1094)	cx q[1], q[0]
Gate( 1095)	tdg q[3]
Gate( 1096)	cx q[1], q[3]
Gate( 1097)	tdg q[1]
Gate( 1098)	tdg q[3]
Gate( 1099)	 t q[0]
Gate( 1100)	cx q[0], q[3]
Gate( 1101)	cx q[1], q[0]
Gate( 1102)	cx q[3], q[1]
Gate( 1103)	 h q[0]
Gate( 1104)	 h q[2]
Gate( 1105)	 t q[4]
Gate( 1106)	 t q[0]
Gate( 1107)	 t q[2]
Gate( 1108)	cx q[0], q[4]
Gate( 1109)	cx q[2], q[0]
Gate( 1110)	cx q[4], q[2]
Gate( 1111)	tdg q[0]
Gate( 1112)	cx q[4], q[0]
Gate( 1113)	tdg q[4]
Gate( 1114)	tdg q[0]
Gate( 1115)	 t q[2]
Gate( 1116)	cx q[2], q[0]
Gate( 1117)	cx q[4], q[2]
Gate( 1118)	cx q[0], q[4]
Gate( 1119)	 h q[2]
Gate( 1120)	 h q[6]
Gate( 1121)	 t q[5]
Gate( 1122)	 t q[2]
Gate( 1123)	 t q[6]
Gate( 1124)	cx q[2], q[5]
Gate( 1125)	cx q[6], q[2]
Gate( 1126)	cx q[5], q[6]
Gate( 1127)	tdg q[2]
Gate( 1128)	cx q[5], q[2]
Gate( 1129)	tdg q[5]
Gate( 1130)	tdg q[2]
Gate( 1131)	 t q[6]
Gate( 1132)	cx q[6], q[2]
Gate( 1133)	cx q[5], q[6]
Gate( 1134)	cx q[2], q[5]
Gate( 1135)	 h q[6]
Gate( 1136)	 h q[2]
Gate( 1137)	 t q[4]
Gate( 1138)	 t q[1]
Gate( 1139)	 t q[2]
Gate( 1140)	cx q[1], q[4]
Gate( 1141)	cx q[2], q[1]
Gate( 1142)	cx q[4], q[2]
Gate( 1143)	tdg q[1]
Gate( 1144)	cx q[4], q[1]
Gate( 1145)	tdg q[4]
Gate( 1146)	tdg q[1]
Gate( 1147)	 t q[2]
Gate( 1148)	cx q[2], q[1]
Gate( 1149)	cx q[4], q[2]
Gate( 1150)	cx q[1], q[4]
Gate( 1151)	 h q[2]
Gate( 1152)	 h q[1]
Gate( 1153)	 t q[0]
Gate( 1154)	 t q[3]
Gate( 1155)	 t q[1]
Gate( 1156)	cx q[3], q[0]
Gate( 1157)	cx q[1], q[3]
Gate( 1158)	cx q[0], q[1]
Gate( 1159)	tdg q[3]
Gate( 1160)	cx q[0], q[3]
Gate( 1161)	tdg q[0]
Gate( 1162)	tdg q[3]
Gate( 1163)	 t q[1]
Gate( 1164)	cx q[1], q[3]
Gate( 1165)	cx q[0], q[1]
Gate( 1166)	cx q[3], q[0]
Gate( 1167)	 h q[1]
Gate( 1168)	 h q[2]
Gate( 1169)	 t q[4]
Gate( 1170)	 t q[1]
Gate( 1171)	 t q[2]
Gate( 1172)	cx q[1], q[4]
Gate( 1173)	cx q[2], q[1]
Gate( 1174)	cx q[4], q[2]
Gate( 1175)	tdg q[1]
Gate( 1176)	cx q[4], q[1]
Gate( 1177)	tdg q[4]
Gate( 1178)	tdg q[1]
Gate( 1179)	 t q[2]
Gate( 1180)	cx q[2], q[1]
Gate( 1181)	cx q[4], q[2]
Gate( 1182)	cx q[1], q[4]
Gate( 1183)	 h q[2]
Gate( 1184)	 h q[6]
Gate( 1185)	 t q[5]
Gate( 1186)	 t q[2]
Gate( 1187)	 t q[6]
Gate( 1188)	cx q[2], q[5]
Gate( 1189)	cx q[6], q[2]
Gate( 1190)	cx q[5], q[6]
Gate( 1191)	tdg q[2]
Gate( 1192)	cx q[5], q[2]
Gate( 1193)	tdg q[5]
Gate( 1194)	tdg q[2]
Gate( 1195)	 t q[6]
Gate( 1196)	cx q[6], q[2]
Gate( 1197)	cx q[5], q[6]
Gate( 1198)	cx q[2], q[5]
Gate( 1199)	 h q[6]
Gate( 1200)	 h q[2]
Gate( 1201)	 t q[4]
Gate( 1202)	 t q[1]
Gate( 1203)	 t q[2]
Gate( 1204)	cx q[1], q[4]
Gate( 1205)	cx q[2], q[1]
Gate( 1206)	cx q[4], q[2]
Gate( 1207)	tdg q[1]
Gate( 1208)	cx q[4], q[1]
Gate( 1209)	tdg q[4]
Gate( 1210)	tdg q[1]
Gate( 1211)	 t q[2]
Gate( 1212)	cx q[2], q[1]
Gate( 1213)	cx q[4], q[2]
Gate( 1214)	cx q[1], q[4]
Gate( 1215)	 h q[2]
Gate( 1216)	 h q[1]
Gate( 1217)	 t q[0]
Gate( 1218)	 t q[3]
Gate( 1219)	 t q[1]
Gate( 1220)	cx q[3], q[0]
Gate( 1221)	cx q[1], q[3]
Gate( 1222)	cx q[0], q[1]
Gate( 1223)	tdg q[3]
Gate( 1224)	cx q[0], q[3]
Gate( 1225)	tdg q[0]
Gate( 1226)	tdg q[3]
Gate( 1227)	 t q[1]
Gate( 1228)	cx q[1], q[3]
Gate( 1229)	cx q[0], q[1]
Gate( 1230)	cx q[3], q[0]
Gate( 1231)	 h q[1]
Gate( 1232)	 h q[2]
Gate( 1233)	 t q[4]
Gate( 1234)	 t q[1]
Gate( 1235)	 t q[2]
Gate( 1236)	cx q[1], q[4]
Gate( 1237)	cx q[2], q[1]
Gate( 1238)	cx q[4], q[2]
Gate( 1239)	tdg q[1]
Gate( 1240)	cx q[4], q[1]
Gate( 1241)	tdg q[4]
Gate( 1242)	tdg q[1]
Gate( 1243)	 t q[2]
Gate( 1244)	cx q[2], q[1]
Gate( 1245)	cx q[4], q[2]
Gate( 1246)	cx q[1], q[4]
Gate( 1247)	 h q[2]
Gate( 1248)	 h q[3]
Gate( 1249)	 t q[0]
Gate( 1250)	 t q[1]
Gate( 1251)	 t q[3]
Gate( 1252)	cx q[1], q[0]
Gate( 1253)	cx q[3], q[1]
Gate( 1254)	cx q[0], q[3]
Gate( 1255)	tdg q[1]
Gate( 1256)	cx q[0], q[1]
Gate( 1257)	tdg q[0]
Gate( 1258)	tdg q[1]
Gate( 1259)	 t q[3]
Gate( 1260)	cx q[3], q[1]
Gate( 1261)	cx q[0], q[3]
Gate( 1262)	cx q[1], q[0]
Gate( 1263)	 h q[3]
Gate( 1264)	 h q[6]
Gate( 1265)	 t q[3]
Gate( 1266)	 t q[1]
Gate( 1267)	 t q[6]
Gate( 1268)	cx q[1], q[3]
Gate( 1269)	cx q[6], q[1]
Gate( 1270)	cx q[3], q[6]
Gate( 1271)	tdg q[1]
Gate( 1272)	cx q[3], q[1]
Gate( 1273)	tdg q[3]
Gate( 1274)	tdg q[1]
Gate( 1275)	 t q[6]
Gate( 1276)	cx q[6], q[1]
Gate( 1277)	cx q[3], q[6]
Gate( 1278)	cx q[1], q[3]
Gate( 1279)	 h q[6]
Gate( 1280)	 h q[1]
Gate( 1281)	 t q[5]
Gate( 1282)	 t q[0]
Gate( 1283)	 t q[1]
Gate( 1284)	cx q[0], q[5]
Gate( 1285)	cx q[1], q[0]
Gate( 1286)	cx q[5], q[1]
Gate( 1287)	tdg q[0]
Gate( 1288)	cx q[5], q[0]
Gate( 1289)	tdg q[5]
Gate( 1290)	tdg q[0]
Gate( 1291)	 t q[1]
Gate( 1292)	cx q[1], q[0]
Gate( 1293)	cx q[5], q[1]
Gate( 1294)	cx q[0], q[5]
Gate( 1295)	 h q[1]
Gate( 1296)	 h q[0]
Gate( 1297)	 t q[2]
Gate( 1298)	 t q[4]
Gate( 1299)	 t q[0]
Gate( 1300)	cx q[4], q[2]
Gate( 1301)	cx q[0], q[4]
Gate( 1302)	cx q[2], q[0]
Gate( 1303)	tdg q[4]
Gate( 1304)	cx q[2], q[4]
Gate( 1305)	tdg q[2]
Gate( 1306)	tdg q[4]
Gate( 1307)	 t q[0]
Gate( 1308)	cx q[0], q[4]
Gate( 1309)	cx q[2], q[0]
Gate( 1310)	cx q[4], q[2]
Gate( 1311)	 h q[0]
Gate( 1312)	 h q[1]
Gate( 1313)	 t q[5]
Gate( 1314)	 t q[0]
Gate( 1315)	 t q[1]
Gate( 1316)	cx q[0], q[5]
Gate( 1317)	cx q[1], q[0]
Gate( 1318)	cx q[5], q[1]
Gate( 1319)	tdg q[0]
Gate( 1320)	cx q[5], q[0]
Gate( 1321)	tdg q[5]
Gate( 1322)	tdg q[0]
Gate( 1323)	 t q[1]
Gate( 1324)	cx q[1], q[0]
Gate( 1325)	cx q[5], q[1]
Gate( 1326)	cx q[0], q[5]
Gate( 1327)	 h q[1]
Gate( 1328)	 h q[6]
Gate( 1329)	 t q[3]
Gate( 1330)	 t q[1]
Gate( 1331)	 t q[6]
Gate( 1332)	cx q[1], q[3]
Gate( 1333)	cx q[6], q[1]
Gate( 1334)	cx q[3], q[6]
Gate( 1335)	tdg q[1]
Gate( 1336)	cx q[3], q[1]
Gate( 1337)	tdg q[3]
Gate( 1338)	tdg q[1]
Gate( 1339)	 t q[6]
Gate( 1340)	cx q[6], q[1]
Gate( 1341)	cx q[3], q[6]
Gate( 1342)	cx q[1], q[3]
Gate( 1343)	 h q[6]
Gate( 1344)	 h q[1]
Gate( 1345)	 t q[5]
Gate( 1346)	 t q[0]
Gate( 1347)	 t q[1]
Gate( 1348)	cx q[0], q[5]
Gate( 1349)	cx q[1], q[0]
Gate( 1350)	cx q[5], q[1]
Gate( 1351)	tdg q[0]
Gate( 1352)	cx q[5], q[0]
Gate( 1353)	tdg q[5]
Gate( 1354)	tdg q[0]
Gate( 1355)	 t q[1]
Gate( 1356)	cx q[1], q[0]
Gate( 1357)	cx q[5], q[1]
Gate( 1358)	cx q[0], q[5]
Gate( 1359)	 h q[1]
Gate( 1360)	 h q[0]
Gate( 1361)	 t q[2]
Gate( 1362)	 t q[4]
Gate( 1363)	 t q[0]
Gate( 1364)	cx q[4], q[2]
Gate( 1365)	cx q[0], q[4]
Gate( 1366)	cx q[2], q[0]
Gate( 1367)	tdg q[4]
Gate( 1368)	cx q[2], q[4]
Gate( 1369)	tdg q[2]
Gate( 1370)	tdg q[4]
Gate( 1371)	 t q[0]
Gate( 1372)	cx q[0], q[4]
Gate( 1373)	cx q[2], q[0]
Gate( 1374)	cx q[4], q[2]
Gate( 1375)	 h q[0]
Gate( 1376)	 h q[1]
Gate( 1377)	 t q[5]
Gate( 1378)	 t q[0]
Gate( 1379)	 t q[1]
Gate( 1380)	cx q[0], q[5]
Gate( 1381)	cx q[1], q[0]
Gate( 1382)	cx q[5], q[1]
Gate( 1383)	tdg q[0]
Gate( 1384)	cx q[5], q[0]
Gate( 1385)	tdg q[5]
Gate( 1386)	tdg q[0]
Gate( 1387)	 t q[1]
Gate( 1388)	cx q[1], q[0]
Gate( 1389)	cx q[5], q[1]
Gate( 1390)	cx q[0], q[5]
Gate( 1391)	 h q[1]
Gate( 1392)	 h q[3]
Gate( 1393)	 t q[0]
Gate( 1394)	 t q[1]
Gate( 1395)	 t q[3]
Gate( 1396)	cx q[1], q[0]
Gate( 1397)	cx q[3], q[1]
Gate( 1398)	cx q[0], q[3]
Gate( 1399)	tdg q[1]
Gate( 1400)	cx q[0], q[1]
Gate( 1401)	tdg q[0]
Gate( 1402)	tdg q[1]
Gate( 1403)	 t q[3]
Gate( 1404)	cx q[3], q[1]
Gate( 1405)	cx q[0], q[3]
Gate( 1406)	cx q[1], q[0]
Gate( 1407)	 h q[3]
Gate( 1408)	 h q[6]
Gate( 1409)	 t q[3]
Gate( 1410)	 t q[1]
Gate( 1411)	 t q[6]
Gate( 1412)	cx q[1], q[3]
Gate( 1413)	cx q[6], q[1]
Gate( 1414)	cx q[3], q[6]
Gate( 1415)	tdg q[1]
Gate( 1416)	cx q[3], q[1]
Gate( 1417)	tdg q[3]
Gate( 1418)	tdg q[1]
Gate( 1419)	 t q[6]
Gate( 1420)	cx q[6], q[1]
Gate( 1421)	cx q[3], q[6]
Gate( 1422)	cx q[1], q[3]
Gate( 1423)	 h q[6]
Gate( 1424)	 h q[1]
Gate( 1425)	 t q[5]
Gate( 1426)	 t q[0]
Gate( 1427)	 t q[1]
Gate( 1428)	cx q[0], q[5]
Gate( 1429)	cx q[1], q[0]
Gate( 1430)	cx q[5], q[1]
Gate( 1431)	tdg q[0]
Gate( 1432)	cx q[5], q[0]
Gate( 1433)	tdg q[5]
Gate( 1434)	tdg q[0]
Gate( 1435)	 t q[1]
Gate( 1436)	cx q[1], q[0]
Gate( 1437)	cx q[5], q[1]
Gate( 1438)	cx q[0], q[5]
Gate( 1439)	 h q[1]
Gate( 1440)	 h q[0]
Gate( 1441)	 t q[2]
Gate( 1442)	 t q[4]
Gate( 1443)	 t q[0]
Gate( 1444)	cx q[4], q[2]
Gate( 1445)	cx q[0], q[4]
Gate( 1446)	cx q[2], q[0]
Gate( 1447)	tdg q[4]
Gate( 1448)	cx q[2], q[4]
Gate( 1449)	tdg q[2]
Gate( 1450)	tdg q[4]
Gate( 1451)	 t q[0]
Gate( 1452)	cx q[0], q[4]
Gate( 1453)	cx q[2], q[0]
Gate( 1454)	cx q[4], q[2]
Gate( 1455)	 h q[0]
Gate( 1456)	 h q[1]
Gate( 1457)	 t q[5]
Gate( 1458)	 t q[0]
Gate( 1459)	 t q[1]
Gate( 1460)	cx q[0], q[5]
Gate( 1461)	cx q[1], q[0]
Gate( 1462)	cx q[5], q[1]
Gate( 1463)	tdg q[0]
Gate( 1464)	cx q[5], q[0]
Gate( 1465)	tdg q[5]
Gate( 1466)	tdg q[0]
Gate( 1467)	 t q[1]
Gate( 1468)	cx q[1], q[0]
Gate( 1469)	cx q[5], q[1]
Gate( 1470)	cx q[0], q[5]
Gate( 1471)	 h q[1]
Gate( 1472)	 h q[6]
Gate( 1473)	 t q[3]
Gate( 1474)	 t q[1]
Gate( 1475)	 t q[6]
Gate( 1476)	cx q[1], q[3]
Gate( 1477)	cx q[6], q[1]
Gate( 1478)	cx q[3], q[6]
Gate( 1479)	tdg q[1]
Gate( 1480)	cx q[3], q[1]
Gate( 1481)	tdg q[3]
Gate( 1482)	tdg q[1]
Gate( 1483)	 t q[6]
Gate( 1484)	cx q[6], q[1]
Gate( 1485)	cx q[3], q[6]
Gate( 1486)	cx q[1], q[3]
Gate( 1487)	 h q[6]
Gate( 1488)	 h q[1]
Gate( 1489)	 t q[5]
Gate( 1490)	 t q[0]
Gate( 1491)	 t q[1]
Gate( 1492)	cx q[0], q[5]
Gate( 1493)	cx q[1], q[0]
Gate( 1494)	cx q[5], q[1]
Gate( 1495)	tdg q[0]
Gate( 1496)	cx q[5], q[0]
Gate( 1497)	tdg q[5]
Gate( 1498)	tdg q[0]
Gate( 1499)	 t q[1]
Gate( 1500)	cx q[1], q[0]
Gate( 1501)	cx q[5], q[1]
Gate( 1502)	cx q[0], q[5]
Gate( 1503)	 h q[1]
Gate( 1504)	 h q[0]
Gate( 1505)	 t q[2]
Gate( 1506)	 t q[4]
Gate( 1507)	 t q[0]
Gate( 1508)	cx q[4], q[2]
Gate( 1509)	cx q[0], q[4]
Gate( 1510)	cx q[2], q[0]
Gate( 1511)	tdg q[4]
Gate( 1512)	cx q[2], q[4]
Gate( 1513)	tdg q[2]
Gate( 1514)	tdg q[4]
Gate( 1515)	 t q[0]
Gate( 1516)	cx q[0], q[4]
Gate( 1517)	cx q[2], q[0]
Gate( 1518)	cx q[4], q[2]
Gate( 1519)	 h q[0]
Gate( 1520)	 h q[1]
Gate( 1521)	 t q[5]
Gate( 1522)	 t q[0]
Gate( 1523)	 t q[1]
Gate( 1524)	cx q[0], q[5]
Gate( 1525)	cx q[1], q[0]
Gate( 1526)	cx q[5], q[1]
Gate( 1527)	tdg q[0]
Gate( 1528)	cx q[5], q[0]
Gate( 1529)	tdg q[5]
Gate( 1530)	tdg q[0]
Gate( 1531)	 t q[1]
Gate( 1532)	cx q[1], q[0]
Gate( 1533)	cx q[5], q[1]
Gate( 1534)	cx q[0], q[5]
Gate( 1535)	 h q[1]
Gate( 1536)	 h q[6]
Gate( 1537)	 t q[5]
Gate( 1538)	 t q[3]
Gate( 1539)	 t q[6]
Gate( 1540)	cx q[3], q[5]
Gate( 1541)	cx q[6], q[3]
Gate( 1542)	cx q[5], q[6]
Gate( 1543)	tdg q[3]
Gate( 1544)	cx q[5], q[3]
Gate( 1545)	tdg q[5]
Gate( 1546)	tdg q[3]
Gate( 1547)	 t q[6]
Gate( 1548)	cx q[6], q[3]
Gate( 1549)	cx q[5], q[6]
Gate( 1550)	cx q[3], q[5]
Gate( 1551)	 h q[6]
Gate( 1552)	 h q[3]
Gate( 1553)	 t q[4]
Gate( 1554)	 t q[0]
Gate( 1555)	 t q[3]
Gate( 1556)	cx q[0], q[4]
Gate( 1557)	cx q[3], q[0]
Gate( 1558)	cx q[4], q[3]
Gate( 1559)	tdg q[0]
Gate( 1560)	cx q[4], q[0]
Gate( 1561)	tdg q[4]
Gate( 1562)	tdg q[0]
Gate( 1563)	 t q[3]
Gate( 1564)	cx q[3], q[0]
Gate( 1565)	cx q[4], q[3]
Gate( 1566)	cx q[0], q[4]
Gate( 1567)	 h q[3]
Gate( 1568)	 h q[0]
Gate( 1569)	 t q[1]
Gate( 1570)	 t q[2]
Gate( 1571)	 t q[0]
Gate( 1572)	cx q[2], q[1]
Gate( 1573)	cx q[0], q[2]
Gate( 1574)	cx q[1], q[0]
Gate( 1575)	tdg q[2]
Gate( 1576)	cx q[1], q[2]
Gate( 1577)	tdg q[1]
Gate( 1578)	tdg q[2]
Gate( 1579)	 t q[0]
Gate( 1580)	cx q[0], q[2]
Gate( 1581)	cx q[1], q[0]
Gate( 1582)	cx q[2], q[1]
Gate( 1583)	 h q[0]
Gate( 1584)	 h q[3]
Gate( 1585)	 t q[4]
Gate( 1586)	 t q[0]
Gate( 1587)	 t q[3]
Gate( 1588)	cx q[0], q[4]
Gate( 1589)	cx q[3], q[0]
Gate( 1590)	cx q[4], q[3]
Gate( 1591)	tdg q[0]
Gate( 1592)	cx q[4], q[0]
Gate( 1593)	tdg q[4]
Gate( 1594)	tdg q[0]
Gate( 1595)	 t q[3]
Gate( 1596)	cx q[3], q[0]
Gate( 1597)	cx q[4], q[3]
Gate( 1598)	cx q[0], q[4]
Gate( 1599)	 h q[3]
Gate( 1600)	 h q[6]
Gate( 1601)	 t q[5]
Gate( 1602)	 t q[3]
Gate( 1603)	 t q[6]
Gate( 1604)	cx q[3], q[5]
Gate( 1605)	cx q[6], q[3]
Gate( 1606)	cx q[5], q[6]
Gate( 1607)	tdg q[3]
Gate( 1608)	cx q[5], q[3]
Gate( 1609)	tdg q[5]
Gate( 1610)	tdg q[3]
Gate( 1611)	 t q[6]
Gate( 1612)	cx q[6], q[3]
Gate( 1613)	cx q[5], q[6]
Gate( 1614)	cx q[3], q[5]
Gate( 1615)	 h q[6]
Gate( 1616)	 h q[3]
Gate( 1617)	 t q[4]
Gate( 1618)	 t q[0]
Gate( 1619)	 t q[3]
Gate( 1620)	cx q[0], q[4]
Gate( 1621)	cx q[3], q[0]
Gate( 1622)	cx q[4], q[3]
Gate( 1623)	tdg q[0]
Gate( 1624)	cx q[4], q[0]
Gate( 1625)	tdg q[4]
Gate( 1626)	tdg q[0]
Gate( 1627)	 t q[3]
Gate( 1628)	cx q[3], q[0]
Gate( 1629)	cx q[4], q[3]
Gate( 1630)	cx q[0], q[4]
Gate( 1631)	 h q[3]
Gate( 1632)	 h q[0]
Gate( 1633)	 t q[1]
Gate( 1634)	 t q[2]
Gate( 1635)	 t q[0]
Gate( 1636)	cx q[2], q[1]
Gate( 1637)	cx q[0], q[2]
Gate( 1638)	cx q[1], q[0]
Gate( 1639)	tdg q[2]
Gate( 1640)	cx q[1], q[2]
Gate( 1641)	tdg q[1]
Gate( 1642)	tdg q[2]
Gate( 1643)	 t q[0]
Gate( 1644)	cx q[0], q[2]
Gate( 1645)	cx q[1], q[0]
Gate( 1646)	cx q[2], q[1]
Gate( 1647)	 h q[0]
Gate( 1648)	 h q[3]
Gate( 1649)	 t q[4]
Gate( 1650)	 t q[0]
Gate( 1651)	 t q[3]
Gate( 1652)	cx q[0], q[4]
Gate( 1653)	cx q[3], q[0]
Gate( 1654)	cx q[4], q[3]
Gate( 1655)	tdg q[0]
Gate( 1656)	cx q[4], q[0]
Gate( 1657)	tdg q[4]
Gate( 1658)	tdg q[0]
Gate( 1659)	 t q[3]
Gate( 1660)	cx q[3], q[0]
Gate( 1661)	cx q[4], q[3]
Gate( 1662)	cx q[0], q[4]
Gate( 1663)	 h q[3]
Gate( 1664)	 h q[6]
Gate( 1665)	 t q[5]
Gate( 1666)	 t q[3]
Gate( 1667)	 t q[6]
Gate( 1668)	cx q[3], q[5]
Gate( 1669)	cx q[6], q[3]
Gate( 1670)	cx q[5], q[6]
Gate( 1671)	tdg q[3]
Gate( 1672)	cx q[5], q[3]
Gate( 1673)	tdg q[5]
Gate( 1674)	tdg q[3]
Gate( 1675)	 t q[6]
Gate( 1676)	cx q[6], q[3]
Gate( 1677)	cx q[5], q[6]
Gate( 1678)	cx q[3], q[5]
Gate( 1679)	 h q[6]
Gate( 1680)	 h q[3]
Gate( 1681)	 t q[4]
Gate( 1682)	 t q[1]
Gate( 1683)	 t q[3]
Gate( 1684)	cx q[1], q[4]
Gate( 1685)	cx q[3], q[1]
Gate( 1686)	cx q[4], q[3]
Gate( 1687)	tdg q[1]
Gate( 1688)	cx q[4], q[1]
Gate( 1689)	tdg q[4]
Gate( 1690)	tdg q[1]
Gate( 1691)	 t q[3]
Gate( 1692)	cx q[3], q[1]
Gate( 1693)	cx q[4], q[3]
Gate( 1694)	cx q[1], q[4]
Gate( 1695)	 h q[3]
Gate( 1696)	 h q[1]
Gate( 1697)	 t q[0]
Gate( 1698)	 t q[2]
Gate( 1699)	 t q[1]
Gate( 1700)	cx q[2], q[0]
Gate( 1701)	cx q[1], q[2]
Gate( 1702)	cx q[0], q[1]
Gate( 1703)	tdg q[2]
Gate( 1704)	cx q[0], q[2]
Gate( 1705)	tdg q[0]
Gate( 1706)	tdg q[2]
Gate( 1707)	 t q[1]
Gate( 1708)	cx q[1], q[2]
Gate( 1709)	cx q[0], q[1]
Gate( 1710)	cx q[2], q[0]
Gate( 1711)	 h q[1]
Gate( 1712)	 h q[3]
Gate( 1713)	 t q[4]
Gate( 1714)	 t q[1]
Gate( 1715)	 t q[3]
Gate( 1716)	cx q[1], q[4]
Gate( 1717)	cx q[3], q[1]
Gate( 1718)	cx q[4], q[3]
Gate( 1719)	tdg q[1]
Gate( 1720)	cx q[4], q[1]
Gate( 1721)	tdg q[4]
Gate( 1722)	tdg q[1]
Gate( 1723)	 t q[3]
Gate( 1724)	cx q[3], q[1]
Gate( 1725)	cx q[4], q[3]
Gate( 1726)	cx q[1], q[4]
Gate( 1727)	 h q[3]
Gate( 1728)	 h q[6]
Gate( 1729)	 t q[5]
Gate( 1730)	 t q[3]
Gate( 1731)	 t q[6]
Gate( 1732)	cx q[3], q[5]
Gate( 1733)	cx q[6], q[3]
Gate( 1734)	cx q[5], q[6]
Gate( 1735)	tdg q[3]
Gate( 1736)	cx q[5], q[3]
Gate( 1737)	tdg q[5]
Gate( 1738)	tdg q[3]
Gate( 1739)	 t q[6]
Gate( 1740)	cx q[6], q[3]
Gate( 1741)	cx q[5], q[6]
Gate( 1742)	cx q[3], q[5]
Gate( 1743)	 h q[6]
Gate( 1744)	 h q[3]
Gate( 1745)	 t q[4]
Gate( 1746)	 t q[1]
Gate( 1747)	 t q[3]
Gate( 1748)	cx q[1], q[4]
Gate( 1749)	cx q[3], q[1]
Gate( 1750)	cx q[4], q[3]
Gate( 1751)	tdg q[1]
Gate( 1752)	cx q[4], q[1]
Gate( 1753)	tdg q[4]
Gate( 1754)	tdg q[1]
Gate( 1755)	 t q[3]
Gate( 1756)	cx q[3], q[1]
Gate( 1757)	cx q[4], q[3]
Gate( 1758)	cx q[1], q[4]
Gate( 1759)	 h q[3]
Gate( 1760)	 h q[1]
Gate( 1761)	 t q[0]
Gate( 1762)	 t q[2]
Gate( 1763)	 t q[1]
Gate( 1764)	cx q[2], q[0]
Gate( 1765)	cx q[1], q[2]
Gate( 1766)	cx q[0], q[1]
Gate( 1767)	tdg q[2]
Gate( 1768)	cx q[0], q[2]
Gate( 1769)	tdg q[0]
Gate( 1770)	tdg q[2]
Gate( 1771)	 t q[1]
Gate( 1772)	cx q[1], q[2]
Gate( 1773)	cx q[0], q[1]
Gate( 1774)	cx q[2], q[0]
Gate( 1775)	 h q[1]
Gate( 1776)	 h q[3]
Gate( 1777)	 t q[4]
Gate( 1778)	 t q[1]
Gate( 1779)	 t q[3]
Gate( 1780)	cx q[1], q[4]
Gate( 1781)	cx q[3], q[1]
Gate( 1782)	cx q[4], q[3]
Gate( 1783)	tdg q[1]
Gate( 1784)	cx q[4], q[1]
Gate( 1785)	tdg q[4]
Gate( 1786)	tdg q[1]
Gate( 1787)	 t q[3]
Gate( 1788)	cx q[3], q[1]
Gate( 1789)	cx q[4], q[3]
Gate( 1790)	cx q[1], q[4]
Gate( 1791)	 h q[3]
Gate( 1792)	 h q[6]
Gate( 1793)	 t q[5]
Gate( 1794)	 t q[3]
Gate( 1795)	 t q[6]
Gate( 1796)	cx q[3], q[5]
Gate( 1797)	cx q[6], q[3]
Gate( 1798)	cx q[5], q[6]
Gate( 1799)	tdg q[3]
Gate( 1800)	cx q[5], q[3]
Gate( 1801)	tdg q[5]
Gate( 1802)	tdg q[3]
Gate( 1803)	 t q[6]
Gate( 1804)	cx q[6], q[3]
Gate( 1805)	cx q[5], q[6]
Gate( 1806)	cx q[3], q[5]
Gate( 1807)	 h q[6]
Gate( 1808)	 h q[3]
Gate( 1809)	 t q[4]
Gate( 1810)	 t q[2]
Gate( 1811)	 t q[3]
Gate( 1812)	cx q[2], q[4]
Gate( 1813)	cx q[3], q[2]
Gate( 1814)	cx q[4], q[3]
Gate( 1815)	tdg q[2]
Gate( 1816)	cx q[4], q[2]
Gate( 1817)	tdg q[4]
Gate( 1818)	tdg q[2]
Gate( 1819)	 t q[3]
Gate( 1820)	cx q[3], q[2]
Gate( 1821)	cx q[4], q[3]
Gate( 1822)	cx q[2], q[4]
Gate( 1823)	 h q[3]
Gate( 1824)	 h q[2]
Gate( 1825)	 t q[0]
Gate( 1826)	 t q[1]
Gate( 1827)	 t q[2]
Gate( 1828)	cx q[1], q[0]
Gate( 1829)	cx q[2], q[1]
Gate( 1830)	cx q[0], q[2]
Gate( 1831)	tdg q[1]
Gate( 1832)	cx q[0], q[1]
Gate( 1833)	tdg q[0]
Gate( 1834)	tdg q[1]
Gate( 1835)	 t q[2]
Gate( 1836)	cx q[2], q[1]
Gate( 1837)	cx q[0], q[2]
Gate( 1838)	cx q[1], q[0]
Gate( 1839)	 h q[2]
Gate( 1840)	 h q[3]
Gate( 1841)	 t q[4]
Gate( 1842)	 t q[2]
Gate( 1843)	 t q[3]
Gate( 1844)	cx q[2], q[4]
Gate( 1845)	cx q[3], q[2]
Gate( 1846)	cx q[4], q[3]
Gate( 1847)	tdg q[2]
Gate( 1848)	cx q[4], q[2]
Gate( 1849)	tdg q[4]
Gate( 1850)	tdg q[2]
Gate( 1851)	 t q[3]
Gate( 1852)	cx q[3], q[2]
Gate( 1853)	cx q[4], q[3]
Gate( 1854)	cx q[2], q[4]
Gate( 1855)	 h q[3]
Gate( 1856)	 h q[6]
Gate( 1857)	 t q[5]
Gate( 1858)	 t q[3]
Gate( 1859)	 t q[6]
Gate( 1860)	cx q[3], q[5]
Gate( 1861)	cx q[6], q[3]
Gate( 1862)	cx q[5], q[6]
Gate( 1863)	tdg q[3]
Gate( 1864)	cx q[5], q[3]
Gate( 1865)	tdg q[5]
Gate( 1866)	tdg q[3]
Gate( 1867)	 t q[6]
Gate( 1868)	cx q[6], q[3]
Gate( 1869)	cx q[5], q[6]
Gate( 1870)	cx q[3], q[5]
Gate( 1871)	 h q[6]
Gate( 1872)	 h q[3]
Gate( 1873)	 t q[4]
Gate( 1874)	 t q[2]
Gate( 1875)	 t q[3]
Gate( 1876)	cx q[2], q[4]
Gate( 1877)	cx q[3], q[2]
Gate( 1878)	cx q[4], q[3]
Gate( 1879)	tdg q[2]
Gate( 1880)	cx q[4], q[2]
Gate( 1881)	tdg q[4]
Gate( 1882)	tdg q[2]
Gate( 1883)	 t q[3]
Gate( 1884)	cx q[3], q[2]
Gate( 1885)	cx q[4], q[3]
Gate( 1886)	cx q[2], q[4]
Gate( 1887)	 h q[3]
Gate( 1888)	 h q[2]
Gate( 1889)	 t q[0]
Gate( 1890)	 t q[1]
Gate( 1891)	 t q[2]
Gate( 1892)	cx q[1], q[0]
Gate( 1893)	cx q[2], q[1]
Gate( 1894)	cx q[0], q[2]
Gate( 1895)	tdg q[1]
Gate( 1896)	cx q[0], q[1]
Gate( 1897)	tdg q[0]
Gate( 1898)	tdg q[1]
Gate( 1899)	 t q[2]
Gate( 1900)	cx q[2], q[1]
Gate( 1901)	cx q[0], q[2]
Gate( 1902)	cx q[1], q[0]
Gate( 1903)	 h q[2]
Gate( 1904)	 h q[3]
Gate( 1905)	 t q[4]
Gate( 1906)	 t q[2]
Gate( 1907)	 t q[3]
Gate( 1908)	cx q[2], q[4]
Gate( 1909)	cx q[3], q[2]
Gate( 1910)	cx q[4], q[3]
Gate( 1911)	tdg q[2]
Gate( 1912)	cx q[4], q[2]
Gate( 1913)	tdg q[4]
Gate( 1914)	tdg q[2]
Gate( 1915)	 t q[3]
Gate( 1916)	cx q[3], q[2]
Gate( 1917)	cx q[4], q[3]
Gate( 1918)	cx q[2], q[4]
Gate( 1919)	 h q[3]
Gate( 1920)	 h q[6]
Gate( 1921)	 t q[4]
Gate( 1922)	 t q[5]
Gate( 1923)	 t q[6]
Gate( 1924)	cx q[5], q[4]
Gate( 1925)	cx q[6], q[5]
Gate( 1926)	cx q[4], q[6]
Gate( 1927)	tdg q[5]
Gate( 1928)	cx q[4], q[5]
Gate( 1929)	tdg q[4]
Gate( 1930)	tdg q[5]
Gate( 1931)	 t q[6]
Gate( 1932)	cx q[6], q[5]
Gate( 1933)	cx q[4], q[6]
Gate( 1934)	cx q[5], q[4]
Gate( 1935)	 h q[6]
Gate( 1936)	 h q[4]
Gate( 1937)	 t q[0]
Gate( 1938)	 t q[1]
Gate( 1939)	 t q[4]
Gate( 1940)	cx q[1], q[0]
Gate( 1941)	cx q[4], q[1]
Gate( 1942)	cx q[0], q[4]
Gate( 1943)	tdg q[1]
Gate( 1944)	cx q[0], q[1]
Gate( 1945)	tdg q[0]
Gate( 1946)	tdg q[1]
Gate( 1947)	 t q[4]
Gate( 1948)	cx q[4], q[1]
Gate( 1949)	cx q[0], q[4]
Gate( 1950)	cx q[1], q[0]
Gate( 1951)	 h q[4]
Gate( 1952)	 h q[6]
Gate( 1953)	 t q[4]
Gate( 1954)	 t q[1]
Gate( 1955)	 t q[6]
Gate( 1956)	cx q[1], q[4]
Gate( 1957)	cx q[6], q[1]
Gate( 1958)	cx q[4], q[6]
Gate( 1959)	tdg q[1]
Gate( 1960)	cx q[4], q[1]
Gate( 1961)	tdg q[4]
Gate( 1962)	tdg q[1]
Gate( 1963)	 t q[6]
Gate( 1964)	cx q[6], q[1]
Gate( 1965)	cx q[4], q[6]
Gate( 1966)	cx q[1], q[4]
Gate( 1967)	 h q[6]
Gate( 1968)	 h q[1]
Gate( 1969)	 t q[5]
Gate( 1970)	 t q[0]
Gate( 1971)	 t q[1]
Gate( 1972)	cx q[0], q[5]
Gate( 1973)	cx q[1], q[0]
Gate( 1974)	cx q[5], q[1]
Gate( 1975)	tdg q[0]
Gate( 1976)	cx q[5], q[0]
Gate( 1977)	tdg q[5]
Gate( 1978)	tdg q[0]
Gate( 1979)	 t q[1]
Gate( 1980)	cx q[1], q[0]
Gate( 1981)	cx q[5], q[1]
Gate( 1982)	cx q[0], q[5]
Gate( 1983)	 h q[1]
Gate( 1984)	 h q[0]
Gate( 1985)	 t q[2]
Gate( 1986)	 t q[3]
Gate( 1987)	 t q[0]
Gate( 1988)	cx q[3], q[2]
Gate( 1989)	cx q[0], q[3]
Gate( 1990)	cx q[2], q[0]
Gate( 1991)	tdg q[3]
Gate( 1992)	cx q[2], q[3]
Gate( 1993)	tdg q[2]
Gate( 1994)	tdg q[3]
Gate( 1995)	 t q[0]
Gate( 1996)	cx q[0], q[3]
Gate( 1997)	cx q[2], q[0]
Gate( 1998)	cx q[3], q[2]
Gate( 1999)	 h q[0]
Gate( 2000)	 h q[1]
Gate( 2001)	 t q[5]
Gate( 2002)	 t q[0]
Gate( 2003)	 t q[1]
Gate( 2004)	cx q[0], q[5]
Gate( 2005)	cx q[1], q[0]
Gate( 2006)	cx q[5], q[1]
Gate( 2007)	tdg q[0]
Gate( 2008)	cx q[5], q[0]
Gate( 2009)	tdg q[5]
Gate( 2010)	tdg q[0]
Gate( 2011)	 t q[1]
Gate( 2012)	cx q[1], q[0]
Gate( 2013)	cx q[5], q[1]
Gate( 2014)	cx q[0], q[5]
Gate( 2015)	 h q[1]
Gate( 2016)	 h q[6]
Gate( 2017)	 t q[4]
Gate( 2018)	 t q[1]
Gate( 2019)	 t q[6]
Gate( 2020)	cx q[1], q[4]
Gate( 2021)	cx q[6], q[1]
Gate( 2022)	cx q[4], q[6]
Gate( 2023)	tdg q[1]
Gate( 2024)	cx q[4], q[1]
Gate( 2025)	tdg q[4]
Gate( 2026)	tdg q[1]
Gate( 2027)	 t q[6]
Gate( 2028)	cx q[6], q[1]
Gate( 2029)	cx q[4], q[6]
Gate( 2030)	cx q[1], q[4]
Gate( 2031)	 h q[6]
Gate( 2032)	 h q[1]
Gate( 2033)	 t q[5]
Gate( 2034)	 t q[0]
Gate( 2035)	 t q[1]
Gate( 2036)	cx q[0], q[5]
Gate( 2037)	cx q[1], q[0]
Gate( 2038)	cx q[5], q[1]
Gate( 2039)	tdg q[0]
Gate( 2040)	cx q[5], q[0]
Gate( 2041)	tdg q[5]
Gate( 2042)	tdg q[0]
Gate( 2043)	 t q[1]
Gate( 2044)	cx q[1], q[0]
Gate( 2045)	cx q[5], q[1]
Gate( 2046)	cx q[0], q[5]
Gate( 2047)	 h q[1]
Gate( 2048)	 h q[0]
Gate( 2049)	 t q[2]
Gate( 2050)	 t q[3]
Gate( 2051)	 t q[0]
Gate( 2052)	cx q[3], q[2]
Gate( 2053)	cx q[0], q[3]
Gate( 2054)	cx q[2], q[0]
Gate( 2055)	tdg q[3]
Gate( 2056)	cx q[2], q[3]
Gate( 2057)	tdg q[2]
Gate( 2058)	tdg q[3]
Gate( 2059)	 t q[0]
Gate( 2060)	cx q[0], q[3]
Gate( 2061)	cx q[2], q[0]
Gate( 2062)	cx q[3], q[2]
Gate( 2063)	 h q[0]
Gate( 2064)	 h q[1]
Gate( 2065)	 t q[5]
Gate( 2066)	 t q[0]
Gate( 2067)	 t q[1]
Gate( 2068)	cx q[0], q[5]
Gate( 2069)	cx q[1], q[0]
Gate( 2070)	cx q[5], q[1]
Gate( 2071)	tdg q[0]
Gate( 2072)	cx q[5], q[0]
Gate( 2073)	tdg q[5]
Gate( 2074)	tdg q[0]
Gate( 2075)	 t q[1]
Gate( 2076)	cx q[1], q[0]
Gate( 2077)	cx q[5], q[1]
Gate( 2078)	cx q[0], q[5]
Gate( 2079)	 h q[1]
Gate( 2080)	 h q[4]
Gate( 2081)	 t q[0]
Gate( 2082)	 t q[1]
Gate( 2083)	 t q[4]
Gate( 2084)	cx q[1], q[0]
Gate( 2085)	cx q[4], q[1]
Gate( 2086)	cx q[0], q[4]
Gate( 2087)	tdg q[1]
Gate( 2088)	cx q[0], q[1]
Gate( 2089)	tdg q[0]
Gate( 2090)	tdg q[1]
Gate( 2091)	 t q[4]
Gate( 2092)	cx q[4], q[1]
Gate( 2093)	cx q[0], q[4]
Gate( 2094)	cx q[1], q[0]
Gate( 2095)	 h q[4]
Gate( 2096)	 h q[6]
Gate( 2097)	 t q[4]
Gate( 2098)	 t q[1]
Gate( 2099)	 t q[6]
Gate( 2100)	cx q[1], q[4]
Gate( 2101)	cx q[6], q[1]
Gate( 2102)	cx q[4], q[6]
Gate( 2103)	tdg q[1]
Gate( 2104)	cx q[4], q[1]
Gate( 2105)	tdg q[4]
Gate( 2106)	tdg q[1]
Gate( 2107)	 t q[6]
Gate( 2108)	cx q[6], q[1]
Gate( 2109)	cx q[4], q[6]
Gate( 2110)	cx q[1], q[4]
Gate( 2111)	 h q[6]
Gate( 2112)	 h q[1]
Gate( 2113)	 t q[5]
Gate( 2114)	 t q[0]
Gate( 2115)	 t q[1]
Gate( 2116)	cx q[0], q[5]
Gate( 2117)	cx q[1], q[0]
Gate( 2118)	cx q[5], q[1]
Gate( 2119)	tdg q[0]
Gate( 2120)	cx q[5], q[0]
Gate( 2121)	tdg q[5]
Gate( 2122)	tdg q[0]
Gate( 2123)	 t q[1]
Gate( 2124)	cx q[1], q[0]
Gate( 2125)	cx q[5], q[1]
Gate( 2126)	cx q[0], q[5]
Gate( 2127)	 h q[1]
Gate( 2128)	 h q[0]
Gate( 2129)	 t q[2]
Gate( 2130)	 t q[3]
Gate( 2131)	 t q[0]
Gate( 2132)	cx q[3], q[2]
Gate( 2133)	cx q[0], q[3]
Gate( 2134)	cx q[2], q[0]
Gate( 2135)	tdg q[3]
Gate( 2136)	cx q[2], q[3]
Gate( 2137)	tdg q[2]
Gate( 2138)	tdg q[3]
Gate( 2139)	 t q[0]
Gate( 2140)	cx q[0], q[3]
Gate( 2141)	cx q[2], q[0]
Gate( 2142)	cx q[3], q[2]
Gate( 2143)	 h q[0]
Gate( 2144)	 h q[1]
Gate( 2145)	 t q[5]
Gate( 2146)	 t q[0]
Gate( 2147)	 t q[1]
Gate( 2148)	cx q[0], q[5]
Gate( 2149)	cx q[1], q[0]
Gate( 2150)	cx q[5], q[1]
Gate( 2151)	tdg q[0]
Gate( 2152)	cx q[5], q[0]
Gate( 2153)	tdg q[5]
Gate( 2154)	tdg q[0]
Gate( 2155)	 t q[1]
Gate( 2156)	cx q[1], q[0]
Gate( 2157)	cx q[5], q[1]
Gate( 2158)	cx q[0], q[5]
Gate( 2159)	 h q[1]
Gate( 2160)	 h q[6]
Gate( 2161)	 t q[4]
Gate( 2162)	 t q[1]
Gate( 2163)	 t q[6]
Gate( 2164)	cx q[1], q[4]
Gate( 2165)	cx q[6], q[1]
Gate( 2166)	cx q[4], q[6]
Gate( 2167)	tdg q[1]
Gate( 2168)	cx q[4], q[1]
Gate( 2169)	tdg q[4]
Gate( 2170)	tdg q[1]
Gate( 2171)	 t q[6]
Gate( 2172)	cx q[6], q[1]
Gate( 2173)	cx q[4], q[6]
Gate( 2174)	cx q[1], q[4]
Gate( 2175)	 h q[6]
Gate( 2176)	 h q[1]
Gate( 2177)	 t q[5]
Gate( 2178)	 t q[0]
Gate( 2179)	 t q[1]
Gate( 2180)	cx q[0], q[5]
Gate( 2181)	cx q[1], q[0]
Gate( 2182)	cx q[5], q[1]
Gate( 2183)	tdg q[0]
Gate( 2184)	cx q[5], q[0]
Gate( 2185)	tdg q[5]
Gate( 2186)	tdg q[0]
Gate( 2187)	 t q[1]
Gate( 2188)	cx q[1], q[0]
Gate( 2189)	cx q[5], q[1]
Gate( 2190)	cx q[0], q[5]
Gate( 2191)	 h q[1]
Gate( 2192)	 h q[0]
Gate( 2193)	 t q[2]
Gate( 2194)	 t q[3]
Gate( 2195)	 t q[0]
Gate( 2196)	cx q[3], q[2]
Gate( 2197)	cx q[0], q[3]
Gate( 2198)	cx q[2], q[0]
Gate( 2199)	tdg q[3]
Gate( 2200)	cx q[2], q[3]
Gate( 2201)	tdg q[2]
Gate( 2202)	tdg q[3]
Gate( 2203)	 t q[0]
Gate( 2204)	cx q[0], q[3]
Gate( 2205)	cx q[2], q[0]
Gate( 2206)	cx q[3], q[2]
Gate( 2207)	 h q[0]
Gate( 2208)	 h q[1]
Gate( 2209)	 t q[5]
Gate( 2210)	 t q[0]
Gate( 2211)	 t q[1]
Gate( 2212)	cx q[0], q[5]
Gate( 2213)	cx q[1], q[0]
Gate( 2214)	cx q[5], q[1]
Gate( 2215)	tdg q[0]
Gate( 2216)	cx q[5], q[0]
Gate( 2217)	tdg q[5]
Gate( 2218)	tdg q[0]
Gate( 2219)	 t q[1]
Gate( 2220)	cx q[1], q[0]
Gate( 2221)	cx q[5], q[1]
Gate( 2222)	cx q[0], q[5]
Gate( 2223)	 h q[1]
Gate( 2224)	 h q[6]
Gate( 2225)	 t q[5]
Gate( 2226)	 t q[4]
Gate( 2227)	 t q[6]
Gate( 2228)	cx q[4], q[5]
Gate( 2229)	cx q[6], q[4]
Gate( 2230)	cx q[5], q[6]
Gate( 2231)	tdg q[4]
Gate( 2232)	cx q[5], q[4]
Gate( 2233)	tdg q[5]
Gate( 2234)	tdg q[4]
Gate( 2235)	 t q[6]
Gate( 2236)	cx q[6], q[4]
Gate( 2237)	cx q[5], q[6]
Gate( 2238)	cx q[4], q[5]
Gate( 2239)	 h q[6]
Gate( 2240)	 h q[4]
Gate( 2241)	 t q[3]
Gate( 2242)	 t q[0]
Gate( 2243)	 t q[4]
Gate( 2244)	cx q[0], q[3]
Gate( 2245)	cx q[4], q[0]
Gate( 2246)	cx q[3], q[4]
Gate( 2247)	tdg q[0]
Gate( 2248)	cx q[3], q[0]
Gate( 2249)	tdg q[3]
Gate( 2250)	tdg q[0]
Gate( 2251)	 t q[4]
Gate( 2252)	cx q[4], q[0]
Gate( 2253)	cx q[3], q[4]
Gate( 2254)	cx q[0], q[3]
Gate( 2255)	 h q[4]
Gate( 2256)	 h q[0]
Gate( 2257)	 t q[1]
Gate( 2258)	 t q[2]
Gate( 2259)	 t q[0]
Gate( 2260)	cx q[2], q[1]
Gate( 2261)	cx q[0], q[2]
Gate( 2262)	cx q[1], q[0]
Gate( 2263)	tdg q[2]
Gate( 2264)	cx q[1], q[2]
Gate( 2265)	tdg q[1]
Gate( 2266)	tdg q[2]
Gate( 2267)	 t q[0]
Gate( 2268)	cx q[0], q[2]
Gate( 2269)	cx q[1], q[0]
Gate( 2270)	cx q[2], q[1]
Gate( 2271)	 h q[0]
Gate( 2272)	 h q[4]
Gate( 2273)	 t q[3]
Gate( 2274)	 t q[0]
Gate( 2275)	 t q[4]
Gate( 2276)	cx q[0], q[3]
Gate( 2277)	cx q[4], q[0]
Gate( 2278)	cx q[3], q[4]
Gate( 2279)	tdg q[0]
Gate( 2280)	cx q[3], q[0]
Gate( 2281)	tdg q[3]
Gate( 2282)	tdg q[0]
Gate( 2283)	 t q[4]
Gate( 2284)	cx q[4], q[0]
Gate( 2285)	cx q[3], q[4]
Gate( 2286)	cx q[0], q[3]
Gate( 2287)	 h q[4]
Gate( 2288)	 h q[6]
Gate( 2289)	 t q[5]
Gate( 2290)	 t q[4]
Gate( 2291)	 t q[6]
Gate( 2292)	cx q[4], q[5]
Gate( 2293)	cx q[6], q[4]
Gate( 2294)	cx q[5], q[6]
Gate( 2295)	tdg q[4]
Gate( 2296)	cx q[5], q[4]
Gate( 2297)	tdg q[5]
Gate( 2298)	tdg q[4]
Gate( 2299)	 t q[6]
Gate( 2300)	cx q[6], q[4]
Gate( 2301)	cx q[5], q[6]
Gate( 2302)	cx q[4], q[5]
Gate( 2303)	 h q[6]
Gate( 2304)	 h q[4]
Gate( 2305)	 t q[3]
Gate( 2306)	 t q[0]
Gate( 2307)	 t q[4]
Gate( 2308)	cx q[0], q[3]
Gate( 2309)	cx q[4], q[0]
Gate( 2310)	cx q[3], q[4]
Gate( 2311)	tdg q[0]
Gate( 2312)	cx q[3], q[0]
Gate( 2313)	tdg q[3]
Gate( 2314)	tdg q[0]
Gate( 2315)	 t q[4]
Gate( 2316)	cx q[4], q[0]
Gate( 2317)	cx q[3], q[4]
Gate( 2318)	cx q[0], q[3]
Gate( 2319)	 h q[4]
Gate( 2320)	 h q[0]
Gate( 2321)	 t q[1]
Gate( 2322)	 t q[2]
Gate( 2323)	 t q[0]
Gate( 2324)	cx q[2], q[1]
Gate( 2325)	cx q[0], q[2]
Gate( 2326)	cx q[1], q[0]
Gate( 2327)	tdg q[2]
Gate( 2328)	cx q[1], q[2]
Gate( 2329)	tdg q[1]
Gate( 2330)	tdg q[2]
Gate( 2331)	 t q[0]
Gate( 2332)	cx q[0], q[2]
Gate( 2333)	cx q[1], q[0]
Gate( 2334)	cx q[2], q[1]
Gate( 2335)	 h q[0]
Gate( 2336)	 h q[4]
Gate( 2337)	 t q[3]
Gate( 2338)	 t q[0]
Gate( 2339)	 t q[4]
Gate( 2340)	cx q[0], q[3]
Gate( 2341)	cx q[4], q[0]
Gate( 2342)	cx q[3], q[4]
Gate( 2343)	tdg q[0]
Gate( 2344)	cx q[3], q[0]
Gate( 2345)	tdg q[3]
Gate( 2346)	tdg q[0]
Gate( 2347)	 t q[4]
Gate( 2348)	cx q[4], q[0]
Gate( 2349)	cx q[3], q[4]
Gate( 2350)	cx q[0], q[3]
Gate( 2351)	 h q[4]
Gate( 2352)	 h q[6]
Gate( 2353)	 t q[5]
Gate( 2354)	 t q[4]
Gate( 2355)	 t q[6]
Gate( 2356)	cx q[4], q[5]
Gate( 2357)	cx q[6], q[4]
Gate( 2358)	cx q[5], q[6]
Gate( 2359)	tdg q[4]
Gate( 2360)	cx q[5], q[4]
Gate( 2361)	tdg q[5]
Gate( 2362)	tdg q[4]
Gate( 2363)	 t q[6]
Gate( 2364)	cx q[6], q[4]
Gate( 2365)	cx q[5], q[6]
Gate( 2366)	cx q[4], q[5]
Gate( 2367)	 h q[6]
Gate( 2368)	 h q[4]
Gate( 2369)	 t q[3]
Gate( 2370)	 t q[1]
Gate( 2371)	 t q[4]
Gate( 2372)	cx q[1], q[3]
Gate( 2373)	cx q[4], q[1]
Gate( 2374)	cx q[3], q[4]
Gate( 2375)	tdg q[1]
Gate( 2376)	cx q[3], q[1]
Gate( 2377)	tdg q[3]
Gate( 2378)	tdg q[1]
Gate( 2379)	 t q[4]
Gate( 2380)	cx q[4], q[1]
Gate( 2381)	cx q[3], q[4]
Gate( 2382)	cx q[1], q[3]
Gate( 2383)	 h q[4]
Gate( 2384)	 h q[1]
Gate( 2385)	 t q[0]
Gate( 2386)	 t q[2]
Gate( 2387)	 t q[1]
Gate( 2388)	cx q[2], q[0]
Gate( 2389)	cx q[1], q[2]
Gate( 2390)	cx q[0], q[1]
Gate( 2391)	tdg q[2]
Gate( 2392)	cx q[0], q[2]
Gate( 2393)	tdg q[0]
Gate( 2394)	tdg q[2]
Gate( 2395)	 t q[1]
Gate( 2396)	cx q[1], q[2]
Gate( 2397)	cx q[0], q[1]
Gate( 2398)	cx q[2], q[0]
Gate( 2399)	 h q[1]
Gate( 2400)	 h q[4]
Gate( 2401)	 t q[3]
Gate( 2402)	 t q[1]
Gate( 2403)	 t q[4]
Gate( 2404)	cx q[1], q[3]
Gate( 2405)	cx q[4], q[1]
Gate( 2406)	cx q[3], q[4]
Gate( 2407)	tdg q[1]
Gate( 2408)	cx q[3], q[1]
Gate( 2409)	tdg q[3]
Gate( 2410)	tdg q[1]
Gate( 2411)	 t q[4]
Gate( 2412)	cx q[4], q[1]
Gate( 2413)	cx q[3], q[4]
Gate( 2414)	cx q[1], q[3]
Gate( 2415)	 h q[4]
Gate( 2416)	 h q[6]
Gate( 2417)	 t q[5]
Gate( 2418)	 t q[4]
Gate( 2419)	 t q[6]
Gate( 2420)	cx q[4], q[5]
Gate( 2421)	cx q[6], q[4]
Gate( 2422)	cx q[5], q[6]
Gate( 2423)	tdg q[4]
Gate( 2424)	cx q[5], q[4]
Gate( 2425)	tdg q[5]
Gate( 2426)	tdg q[4]
Gate( 2427)	 t q[6]
Gate( 2428)	cx q[6], q[4]
Gate( 2429)	cx q[5], q[6]
Gate( 2430)	cx q[4], q[5]
Gate( 2431)	 h q[6]
Gate( 2432)	 h q[4]
Gate( 2433)	 t q[3]
Gate( 2434)	 t q[1]
Gate( 2435)	 t q[4]
Gate( 2436)	cx q[1], q[3]
Gate( 2437)	cx q[4], q[1]
Gate( 2438)	cx q[3], q[4]
Gate( 2439)	tdg q[1]
Gate( 2440)	cx q[3], q[1]
Gate( 2441)	tdg q[3]
Gate( 2442)	tdg q[1]
Gate( 2443)	 t q[4]
Gate( 2444)	cx q[4], q[1]
Gate( 2445)	cx q[3], q[4]
Gate( 2446)	cx q[1], q[3]
Gate( 2447)	 h q[4]
Gate( 2448)	 h q[1]
Gate( 2449)	 t q[0]
Gate( 2450)	 t q[2]
Gate( 2451)	 t q[1]
Gate( 2452)	cx q[2], q[0]
Gate( 2453)	cx q[1], q[2]
Gate( 2454)	cx q[0], q[1]
Gate( 2455)	tdg q[2]
Gate( 2456)	cx q[0], q[2]
Gate( 2457)	tdg q[0]
Gate( 2458)	tdg q[2]
Gate( 2459)	 t q[1]
Gate( 2460)	cx q[1], q[2]
Gate( 2461)	cx q[0], q[1]
Gate( 2462)	cx q[2], q[0]
Gate( 2463)	 h q[1]
Gate( 2464)	 h q[4]
Gate( 2465)	 t q[3]
Gate( 2466)	 t q[1]
Gate( 2467)	 t q[4]
Gate( 2468)	cx q[1], q[3]
Gate( 2469)	cx q[4], q[1]
Gate( 2470)	cx q[3], q[4]
Gate( 2471)	tdg q[1]
Gate( 2472)	cx q[3], q[1]
Gate( 2473)	tdg q[3]
Gate( 2474)	tdg q[1]
Gate( 2475)	 t q[4]
Gate( 2476)	cx q[4], q[1]
Gate( 2477)	cx q[3], q[4]
Gate( 2478)	cx q[1], q[3]
Gate( 2479)	 h q[4]
Gate( 2480)	 h q[6]
Gate( 2481)	 t q[5]
Gate( 2482)	 t q[4]
Gate( 2483)	 t q[6]
Gate( 2484)	cx q[4], q[5]
Gate( 2485)	cx q[6], q[4]
Gate( 2486)	cx q[5], q[6]
Gate( 2487)	tdg q[4]
Gate( 2488)	cx q[5], q[4]
Gate( 2489)	tdg q[5]
Gate( 2490)	tdg q[4]
Gate( 2491)	 t q[6]
Gate( 2492)	cx q[6], q[4]
Gate( 2493)	cx q[5], q[6]
Gate( 2494)	cx q[4], q[5]
Gate( 2495)	 h q[6]
Gate( 2496)	 h q[4]
Gate( 2497)	 t q[3]
Gate( 2498)	 t q[2]
Gate( 2499)	 t q[4]
Gate( 2500)	cx q[2], q[3]
Gate( 2501)	cx q[4], q[2]
Gate( 2502)	cx q[3], q[4]
Gate( 2503)	tdg q[2]
Gate( 2504)	cx q[3], q[2]
Gate( 2505)	tdg q[3]
Gate( 2506)	tdg q[2]
Gate( 2507)	 t q[4]
Gate( 2508)	cx q[4], q[2]
Gate( 2509)	cx q[3], q[4]
Gate( 2510)	cx q[2], q[3]
Gate( 2511)	 h q[4]
Gate( 2512)	 h q[2]
Gate( 2513)	 t q[0]
Gate( 2514)	 t q[1]
Gate( 2515)	 t q[2]
Gate( 2516)	cx q[1], q[0]
Gate( 2517)	cx q[2], q[1]
Gate( 2518)	cx q[0], q[2]
Gate( 2519)	tdg q[1]
Gate( 2520)	cx q[0], q[1]
Gate( 2521)	tdg q[0]
Gate( 2522)	tdg q[1]
Gate( 2523)	 t q[2]
Gate( 2524)	cx q[2], q[1]
Gate( 2525)	cx q[0], q[2]
Gate( 2526)	cx q[1], q[0]
Gate( 2527)	 h q[2]
Gate( 2528)	 h q[4]
Gate( 2529)	 t q[3]
Gate( 2530)	 t q[2]
Gate( 2531)	 t q[4]
Gate( 2532)	cx q[2], q[3]
Gate( 2533)	cx q[4], q[2]
Gate( 2534)	cx q[3], q[4]
Gate( 2535)	tdg q[2]
Gate( 2536)	cx q[3], q[2]
Gate( 2537)	tdg q[3]
Gate( 2538)	tdg q[2]
Gate( 2539)	 t q[4]
Gate( 2540)	cx q[4], q[2]
Gate( 2541)	cx q[3], q[4]
Gate( 2542)	cx q[2], q[3]
Gate( 2543)	 h q[4]
Gate( 2544)	 h q[6]
Gate( 2545)	 t q[5]
Gate( 2546)	 t q[4]
Gate( 2547)	 t q[6]
Gate( 2548)	cx q[4], q[5]
Gate( 2549)	cx q[6], q[4]
Gate( 2550)	cx q[5], q[6]
Gate( 2551)	tdg q[4]
Gate( 2552)	cx q[5], q[4]
Gate( 2553)	tdg q[5]
Gate( 2554)	tdg q[4]
Gate( 2555)	 t q[6]
Gate( 2556)	cx q[6], q[4]
Gate( 2557)	cx q[5], q[6]
Gate( 2558)	cx q[4], q[5]
Gate( 2559)	 h q[6]
Gate( 2560)	 h q[4]
Gate( 2561)	 t q[3]
Gate( 2562)	 t q[2]
Gate( 2563)	 t q[4]
Gate( 2564)	cx q[2], q[3]
Gate( 2565)	cx q[4], q[2]
Gate( 2566)	cx q[3], q[4]
Gate( 2567)	tdg q[2]
Gate( 2568)	cx q[3], q[2]
Gate( 2569)	tdg q[3]
Gate( 2570)	tdg q[2]
Gate( 2571)	 t q[4]
Gate( 2572)	cx q[4], q[2]
Gate( 2573)	cx q[3], q[4]
Gate( 2574)	cx q[2], q[3]
Gate( 2575)	 h q[4]
Gate( 2576)	 h q[2]
Gate( 2577)	 t q[0]
Gate( 2578)	 t q[1]
Gate( 2579)	 t q[2]
Gate( 2580)	cx q[1], q[0]
Gate( 2581)	cx q[2], q[1]
Gate( 2582)	cx q[0], q[2]
Gate( 2583)	tdg q[1]
Gate( 2584)	cx q[0], q[1]
Gate( 2585)	tdg q[0]
Gate( 2586)	tdg q[1]
Gate( 2587)	 t q[2]
Gate( 2588)	cx q[2], q[1]
Gate( 2589)	cx q[0], q[2]
Gate( 2590)	cx q[1], q[0]
Gate( 2591)	 h q[2]
Gate( 2592)	 h q[4]
Gate( 2593)	 t q[3]
Gate( 2594)	 t q[2]
Gate( 2595)	 t q[4]
Gate( 2596)	cx q[2], q[3]
Gate( 2597)	cx q[4], q[2]
Gate( 2598)	cx q[3], q[4]
Gate( 2599)	tdg q[2]
Gate( 2600)	cx q[3], q[2]
Gate( 2601)	tdg q[3]
Gate( 2602)	tdg q[2]
Gate( 2603)	 t q[4]
Gate( 2604)	cx q[4], q[2]
Gate( 2605)	cx q[3], q[4]
Gate( 2606)	cx q[2], q[3]
Gate( 2607)	 h q[4]
Gate( 2608)	 h q[6]
Gate( 2609)	 t q[3]
Gate( 2610)	 t q[5]
Gate( 2611)	 t q[6]
Gate( 2612)	cx q[5], q[3]
Gate( 2613)	cx q[6], q[5]
Gate( 2614)	cx q[3], q[6]
Gate( 2615)	tdg q[5]
Gate( 2616)	cx q[3], q[5]
Gate( 2617)	tdg q[3]
Gate( 2618)	tdg q[5]
Gate( 2619)	 t q[6]
Gate( 2620)	cx q[6], q[5]
Gate( 2621)	cx q[3], q[6]
Gate( 2622)	cx q[5], q[3]
Gate( 2623)	 h q[6]
Gate( 2624)	 h q[6]
Gate( 2625)	 t q[5]
Gate( 2626)	 t q[4]
Gate( 2627)	 t q[6]
Gate( 2628)	cx q[4], q[5]
Gate( 2629)	cx q[6], q[4]
Gate( 2630)	cx q[5], q[6]
Gate( 2631)	tdg q[4]
Gate( 2632)	cx q[5], q[4]
Gate( 2633)	tdg q[5]
Gate( 2634)	tdg q[4]
Gate( 2635)	 t q[6]
Gate( 2636)	cx q[6], q[4]
Gate( 2637)	cx q[5], q[6]
Gate( 2638)	cx q[4], q[5]
Gate( 2639)	 h q[6]
Gate( 2640)	 h q[4]
Gate( 2641)	 t q[2]
Gate( 2642)	 t q[3]
Gate( 2643)	 t q[4]
Gate( 2644)	cx q[3], q[2]
Gate( 2645)	cx q[4], q[3]
Gate( 2646)	cx q[2], q[4]
Gate( 2647)	tdg q[3]
Gate( 2648)	cx q[2], q[3]
Gate( 2649)	tdg q[2]
Gate( 2650)	tdg q[3]
Gate( 2651)	 t q[4]
Gate( 2652)	cx q[4], q[3]
Gate( 2653)	cx q[2], q[4]
Gate( 2654)	cx q[3], q[2]
Gate( 2655)	 h q[4]
Gate( 2656)	 h q[3]
Gate( 2657)	 t q[0]
Gate( 2658)	 t q[1]
Gate( 2659)	 t q[3]
Gate( 2660)	cx q[1], q[0]
Gate( 2661)	cx q[3], q[1]
Gate( 2662)	cx q[0], q[3]
Gate( 2663)	tdg q[1]
Gate( 2664)	cx q[0], q[1]
Gate( 2665)	tdg q[0]
Gate( 2666)	tdg q[1]
Gate( 2667)	 t q[3]
Gate( 2668)	cx q[3], q[1]
Gate( 2669)	cx q[0], q[3]
Gate( 2670)	cx q[1], q[0]
Gate( 2671)	 h q[3]
Gate( 2672)	 h q[4]
Gate( 2673)	 t q[2]
Gate( 2674)	 t q[3]
Gate( 2675)	 t q[4]
Gate( 2676)	cx q[3], q[2]
Gate( 2677)	cx q[4], q[3]
Gate( 2678)	cx q[2], q[4]
Gate( 2679)	tdg q[3]
Gate( 2680)	cx q[2], q[3]
Gate( 2681)	tdg q[2]
Gate( 2682)	tdg q[3]
Gate( 2683)	 t q[4]
Gate( 2684)	cx q[4], q[3]
Gate( 2685)	cx q[2], q[4]
Gate( 2686)	cx q[3], q[2]
Gate( 2687)	 h q[4]
Gate( 2688)	 h q[6]
Gate( 2689)	 t q[5]
Gate( 2690)	 t q[4]
Gate( 2691)	 t q[6]
Gate( 2692)	cx q[4], q[5]
Gate( 2693)	cx q[6], q[4]
Gate( 2694)	cx q[5], q[6]
Gate( 2695)	tdg q[4]
Gate( 2696)	cx q[5], q[4]
Gate( 2697)	tdg q[5]
Gate( 2698)	tdg q[4]
Gate( 2699)	 t q[6]
Gate( 2700)	cx q[6], q[4]
Gate( 2701)	cx q[5], q[6]
Gate( 2702)	cx q[4], q[5]
Gate( 2703)	 h q[6]
Gate( 2704)	 h q[4]
Gate( 2705)	 t q[2]
Gate( 2706)	 t q[3]
Gate( 2707)	 t q[4]
Gate( 2708)	cx q[3], q[2]
Gate( 2709)	cx q[4], q[3]
Gate( 2710)	cx q[2], q[4]
Gate( 2711)	tdg q[3]
Gate( 2712)	cx q[2], q[3]
Gate( 2713)	tdg q[2]
Gate( 2714)	tdg q[3]
Gate( 2715)	 t q[4]
Gate( 2716)	cx q[4], q[3]
Gate( 2717)	cx q[2], q[4]
Gate( 2718)	cx q[3], q[2]
Gate( 2719)	 h q[4]
Gate( 2720)	 h q[3]
Gate( 2721)	 t q[0]
Gate( 2722)	 t q[1]
Gate( 2723)	 t q[3]
Gate( 2724)	cx q[1], q[0]
Gate( 2725)	cx q[3], q[1]
Gate( 2726)	cx q[0], q[3]
Gate( 2727)	tdg q[1]
Gate( 2728)	cx q[0], q[1]
Gate( 2729)	tdg q[0]
Gate( 2730)	tdg q[1]
Gate( 2731)	 t q[3]
Gate( 2732)	cx q[3], q[1]
Gate( 2733)	cx q[0], q[3]
Gate( 2734)	cx q[1], q[0]
Gate( 2735)	 h q[3]
Gate( 2736)	 h q[4]
Gate( 2737)	 t q[2]
Gate( 2738)	 t q[3]
Gate( 2739)	 t q[4]
Gate( 2740)	cx q[3], q[2]
Gate( 2741)	cx q[4], q[3]
Gate( 2742)	cx q[2], q[4]
Gate( 2743)	tdg q[3]
Gate( 2744)	cx q[2], q[3]
Gate( 2745)	tdg q[2]
Gate( 2746)	tdg q[3]
Gate( 2747)	 t q[4]
Gate( 2748)	cx q[4], q[3]
Gate( 2749)	cx q[2], q[4]
Gate( 2750)	cx q[3], q[2]
Gate( 2751)	 h q[4]
Gate( 2752)	 h q[6]
Gate( 2753)	 t q[2]
Gate( 2754)	 t q[5]
Gate( 2755)	 t q[6]
Gate( 2756)	cx q[5], q[2]
Gate( 2757)	cx q[6], q[5]
Gate( 2758)	cx q[2], q[6]
Gate( 2759)	tdg q[5]
Gate( 2760)	cx q[2], q[5]
Gate( 2761)	tdg q[2]
Gate( 2762)	tdg q[5]
Gate( 2763)	 t q[6]
Gate( 2764)	cx q[6], q[5]
Gate( 2765)	cx q[2], q[6]
Gate( 2766)	cx q[5], q[2]
Gate( 2767)	 h q[6]
Gate( 2768)	 h q[6]
Gate( 2769)	 t q[1]
Gate( 2770)	 t q[5]
Gate( 2771)	 t q[6]
Gate( 2772)	cx q[5], q[1]
Gate( 2773)	cx q[6], q[5]
Gate( 2774)	cx q[1], q[6]
Gate( 2775)	tdg q[5]
Gate( 2776)	cx q[1], q[5]
Gate( 2777)	tdg q[1]
Gate( 2778)	tdg q[5]
Gate( 2779)	 t q[6]
Gate( 2780)	cx q[6], q[5]
Gate( 2781)	cx q[1], q[6]
Gate( 2782)	cx q[5], q[1]
Gate( 2783)	 h q[6]
Gate( 2784)	 h q[6]
Gate( 2785)	 t q[0]
Gate( 2786)	 t q[5]
Gate( 2787)	 t q[6]
Gate( 2788)	cx q[5], q[0]
Gate( 2789)	cx q[6], q[5]
Gate( 2790)	cx q[0], q[6]
Gate( 2791)	tdg q[5]
Gate( 2792)	cx q[0], q[5]
Gate( 2793)	tdg q[0]
Gate( 2794)	tdg q[5]
Gate( 2795)	 t q[6]
Gate( 2796)	cx q[6], q[5]
Gate( 2797)	cx q[0], q[6]
Gate( 2798)	cx q[5], q[0]
Gate( 2799)	 h q[6]
Gate( 2800)	 h q[5]
Gate( 2801)	 t q[0]
Gate( 2802)	 t q[1]
Gate( 2803)	 t q[5]
Gate( 2804)	cx q[1], q[0]
Gate( 2805)	cx q[5], q[1]
Gate( 2806)	cx q[0], q[5]
Gate( 2807)	tdg q[1]
Gate( 2808)	cx q[0], q[1]
Gate( 2809)	tdg q[0]
Gate( 2810)	tdg q[1]
Gate( 2811)	 t q[5]
Gate( 2812)	cx q[5], q[1]
Gate( 2813)	cx q[0], q[5]
Gate( 2814)	cx q[1], q[0]
Gate( 2815)	 h q[5]
Gate( 2816)	 h q[6]
Gate( 2817)	 t q[5]
Gate( 2818)	 t q[1]
Gate( 2819)	 t q[6]
Gate( 2820)	cx q[1], q[5]
Gate( 2821)	cx q[6], q[1]
Gate( 2822)	cx q[5], q[6]
Gate( 2823)	tdg q[1]
Gate( 2824)	cx q[5], q[1]
Gate( 2825)	tdg q[5]
Gate( 2826)	tdg q[1]
Gate( 2827)	 t q[6]
Gate( 2828)	cx q[6], q[1]
Gate( 2829)	cx q[5], q[6]
Gate( 2830)	cx q[1], q[5]
Gate( 2831)	 h q[6]
Gate( 2832)	 h q[1]
Gate( 2833)	 t q[4]
Gate( 2834)	 t q[0]
Gate( 2835)	 t q[1]
Gate( 2836)	cx q[0], q[4]
Gate( 2837)	cx q[1], q[0]
Gate( 2838)	cx q[4], q[1]
Gate( 2839)	tdg q[0]
Gate( 2840)	cx q[4], q[0]
Gate( 2841)	tdg q[4]
Gate( 2842)	tdg q[0]
Gate( 2843)	 t q[1]
Gate( 2844)	cx q[1], q[0]
Gate( 2845)	cx q[4], q[1]
Gate( 2846)	cx q[0], q[4]
Gate( 2847)	 h q[1]
Gate( 2848)	 h q[0]
Gate( 2849)	 t q[2]
Gate( 2850)	 t q[3]
Gate( 2851)	 t q[0]
Gate( 2852)	cx q[3], q[2]
Gate( 2853)	cx q[0], q[3]
Gate( 2854)	cx q[2], q[0]
Gate( 2855)	tdg q[3]
Gate( 2856)	cx q[2], q[3]
Gate( 2857)	tdg q[2]
Gate( 2858)	tdg q[3]
Gate( 2859)	 t q[0]
Gate( 2860)	cx q[0], q[3]
Gate( 2861)	cx q[2], q[0]
Gate( 2862)	cx q[3], q[2]
Gate( 2863)	 h q[0]
Gate( 2864)	 h q[1]
Gate( 2865)	 t q[4]
Gate( 2866)	 t q[0]
Gate( 2867)	 t q[1]
Gate( 2868)	cx q[0], q[4]
Gate( 2869)	cx q[1], q[0]
Gate( 2870)	cx q[4], q[1]
Gate( 2871)	tdg q[0]
Gate( 2872)	cx q[4], q[0]
Gate( 2873)	tdg q[4]
Gate( 2874)	tdg q[0]
Gate( 2875)	 t q[1]
Gate( 2876)	cx q[1], q[0]
Gate( 2877)	cx q[4], q[1]
Gate( 2878)	cx q[0], q[4]
Gate( 2879)	 h q[1]
Gate( 2880)	 h q[6]
Gate( 2881)	 t q[5]
Gate( 2882)	 t q[1]
Gate( 2883)	 t q[6]
Gate( 2884)	cx q[1], q[5]
Gate( 2885)	cx q[6], q[1]
Gate( 2886)	cx q[5], q[6]
Gate( 2887)	tdg q[1]
Gate( 2888)	cx q[5], q[1]
Gate( 2889)	tdg q[5]
Gate( 2890)	tdg q[1]
Gate( 2891)	 t q[6]
Gate( 2892)	cx q[6], q[1]
Gate( 2893)	cx q[5], q[6]
Gate( 2894)	cx q[1], q[5]
Gate( 2895)	 h q[6]
Gate( 2896)	 h q[1]
Gate( 2897)	 t q[4]
Gate( 2898)	 t q[0]
Gate( 2899)	 t q[1]
Gate( 2900)	cx q[0], q[4]
Gate( 2901)	cx q[1], q[0]
Gate( 2902)	cx q[4], q[1]
Gate( 2903)	tdg q[0]
Gate( 2904)	cx q[4], q[0]
Gate( 2905)	tdg q[4]
Gate( 2906)	tdg q[0]
Gate( 2907)	 t q[1]
Gate( 2908)	cx q[1], q[0]
Gate( 2909)	cx q[4], q[1]
Gate( 2910)	cx q[0], q[4]
Gate( 2911)	 h q[1]
Gate( 2912)	 h q[0]
Gate( 2913)	 t q[2]
Gate( 2914)	 t q[3]
Gate( 2915)	 t q[0]
Gate( 2916)	cx q[3], q[2]
Gate( 2917)	cx q[0], q[3]
Gate( 2918)	cx q[2], q[0]
Gate( 2919)	tdg q[3]
Gate( 2920)	cx q[2], q[3]
Gate( 2921)	tdg q[2]
Gate( 2922)	tdg q[3]
Gate( 2923)	 t q[0]
Gate( 2924)	cx q[0], q[3]
Gate( 2925)	cx q[2], q[0]
Gate( 2926)	cx q[3], q[2]
Gate( 2927)	 h q[0]
Gate( 2928)	 h q[1]
Gate( 2929)	 t q[4]
Gate( 2930)	 t q[0]
Gate( 2931)	 t q[1]
Gate( 2932)	cx q[0], q[4]
Gate( 2933)	cx q[1], q[0]
Gate( 2934)	cx q[4], q[1]
Gate( 2935)	tdg q[0]
Gate( 2936)	cx q[4], q[0]
Gate( 2937)	tdg q[4]
Gate( 2938)	tdg q[0]
Gate( 2939)	 t q[1]
Gate( 2940)	cx q[1], q[0]
Gate( 2941)	cx q[4], q[1]
Gate( 2942)	cx q[0], q[4]
Gate( 2943)	 h q[1]
Gate( 2944)	 h q[5]
Gate( 2945)	 t q[0]
Gate( 2946)	 t q[1]
Gate( 2947)	 t q[5]
Gate( 2948)	cx q[1], q[0]
Gate( 2949)	cx q[5], q[1]
Gate( 2950)	cx q[0], q[5]
Gate( 2951)	tdg q[1]
Gate( 2952)	cx q[0], q[1]
Gate( 2953)	tdg q[0]
Gate( 2954)	tdg q[1]
Gate( 2955)	 t q[5]
Gate( 2956)	cx q[5], q[1]
Gate( 2957)	cx q[0], q[5]
Gate( 2958)	cx q[1], q[0]
Gate( 2959)	 h q[5]
Gate( 2960)	 h q[6]
Gate( 2961)	 t q[5]
Gate( 2962)	 t q[1]
Gate( 2963)	 t q[6]
Gate( 2964)	cx q[1], q[5]
Gate( 2965)	cx q[6], q[1]
Gate( 2966)	cx q[5], q[6]
Gate( 2967)	tdg q[1]
Gate( 2968)	cx q[5], q[1]
Gate( 2969)	tdg q[5]
Gate( 2970)	tdg q[1]
Gate( 2971)	 t q[6]
Gate( 2972)	cx q[6], q[1]
Gate( 2973)	cx q[5], q[6]
Gate( 2974)	cx q[1], q[5]
Gate( 2975)	 h q[6]
Gate( 2976)	 h q[1]
Gate( 2977)	 t q[4]
Gate( 2978)	 t q[0]
Gate( 2979)	 t q[1]
Gate( 2980)	cx q[0], q[4]
Gate( 2981)	cx q[1], q[0]
Gate( 2982)	cx q[4], q[1]
Gate( 2983)	tdg q[0]
Gate( 2984)	cx q[4], q[0]
Gate( 2985)	tdg q[4]
Gate( 2986)	tdg q[0]
Gate( 2987)	 t q[1]
Gate( 2988)	cx q[1], q[0]
Gate( 2989)	cx q[4], q[1]
Gate( 2990)	cx q[0], q[4]
Gate( 2991)	 h q[1]
Gate( 2992)	 h q[0]
Gate( 2993)	 t q[2]
Gate( 2994)	 t q[3]
Gate( 2995)	 t q[0]
Gate( 2996)	cx q[3], q[2]
Gate( 2997)	cx q[0], q[3]
Gate( 2998)	cx q[2], q[0]
Gate( 2999)	tdg q[3]
Gate( 3000)	cx q[2], q[3]
Gate( 3001)	tdg q[2]
Gate( 3002)	tdg q[3]
Gate( 3003)	 t q[0]
Gate( 3004)	cx q[0], q[3]
Gate( 3005)	cx q[2], q[0]
Gate( 3006)	cx q[3], q[2]
Gate( 3007)	 h q[0]
Gate( 3008)	 h q[1]
Gate( 3009)	 t q[4]
Gate( 3010)	 t q[0]
Gate( 3011)	 t q[1]
Gate( 3012)	cx q[0], q[4]
Gate( 3013)	cx q[1], q[0]
Gate( 3014)	cx q[4], q[1]
Gate( 3015)	tdg q[0]
Gate( 3016)	cx q[4], q[0]
Gate( 3017)	tdg q[4]
Gate( 3018)	tdg q[0]
Gate( 3019)	 t q[1]
Gate( 3020)	cx q[1], q[0]
Gate( 3021)	cx q[4], q[1]
Gate( 3022)	cx q[0], q[4]
Gate( 3023)	 h q[1]
Gate( 3024)	 h q[6]
Gate( 3025)	 t q[5]
Gate( 3026)	 t q[1]
Gate( 3027)	 t q[6]
Gate( 3028)	cx q[1], q[5]
Gate( 3029)	cx q[6], q[1]
Gate( 3030)	cx q[5], q[6]
Gate( 3031)	tdg q[1]
Gate( 3032)	cx q[5], q[1]
Gate( 3033)	tdg q[5]
Gate( 3034)	tdg q[1]
Gate( 3035)	 t q[6]
Gate( 3036)	cx q[6], q[1]
Gate( 3037)	cx q[5], q[6]
Gate( 3038)	cx q[1], q[5]
Gate( 3039)	 h q[6]
Gate( 3040)	 h q[1]
Gate( 3041)	 t q[4]
Gate( 3042)	 t q[0]
Gate( 3043)	 t q[1]
Gate( 3044)	cx q[0], q[4]
Gate( 3045)	cx q[1], q[0]
Gate( 3046)	cx q[4], q[1]
Gate( 3047)	tdg q[0]
Gate( 3048)	cx q[4], q[0]
Gate( 3049)	tdg q[4]
Gate( 3050)	tdg q[0]
Gate( 3051)	 t q[1]
Gate( 3052)	cx q[1], q[0]
Gate( 3053)	cx q[4], q[1]
Gate( 3054)	cx q[0], q[4]
Gate( 3055)	 h q[1]
Gate( 3056)	 h q[0]
Gate( 3057)	 t q[2]
Gate( 3058)	 t q[3]
Gate( 3059)	 t q[0]
Gate( 3060)	cx q[3], q[2]
Gate( 3061)	cx q[0], q[3]
Gate( 3062)	cx q[2], q[0]
Gate( 3063)	tdg q[3]
Gate( 3064)	cx q[2], q[3]
Gate( 3065)	tdg q[2]
Gate( 3066)	tdg q[3]
Gate( 3067)	 t q[0]
Gate( 3068)	cx q[0], q[3]
Gate( 3069)	cx q[2], q[0]
Gate( 3070)	cx q[3], q[2]
Gate( 3071)	 h q[0]
Gate( 3072)	 h q[1]
Gate( 3073)	 t q[4]
Gate( 3074)	 t q[0]
Gate( 3075)	 t q[1]
Gate( 3076)	cx q[0], q[4]
Gate( 3077)	cx q[1], q[0]
Gate( 3078)	cx q[4], q[1]
Gate( 3079)	tdg q[0]
Gate( 3080)	cx q[4], q[0]
Gate( 3081)	tdg q[4]
Gate( 3082)	tdg q[0]
Gate( 3083)	 t q[1]
Gate( 3084)	cx q[1], q[0]
Gate( 3085)	cx q[4], q[1]
Gate( 3086)	cx q[0], q[4]
Gate( 3087)	 h q[1]
Gate( 3088)	 h q[6]
Gate( 3089)	 t q[4]
Gate( 3090)	 t q[5]
Gate( 3091)	 t q[6]
Gate( 3092)	cx q[5], q[4]
Gate( 3093)	cx q[6], q[5]
Gate( 3094)	cx q[4], q[6]
Gate( 3095)	tdg q[5]
Gate( 3096)	cx q[4], q[5]
Gate( 3097)	tdg q[4]
Gate( 3098)	tdg q[5]
Gate( 3099)	 t q[6]
Gate( 3100)	cx q[6], q[5]
Gate( 3101)	cx q[4], q[6]
Gate( 3102)	cx q[5], q[4]
Gate( 3103)	 h q[6]
Gate( 3104)	 h q[5]
Gate( 3105)	 t q[3]
Gate( 3106)	 t q[0]
Gate( 3107)	 t q[5]
Gate( 3108)	cx q[0], q[3]
Gate( 3109)	cx q[5], q[0]
Gate( 3110)	cx q[3], q[5]
Gate( 3111)	tdg q[0]
Gate( 3112)	cx q[3], q[0]
Gate( 3113)	tdg q[3]
Gate( 3114)	tdg q[0]
Gate( 3115)	 t q[5]
Gate( 3116)	cx q[5], q[0]
Gate( 3117)	cx q[3], q[5]
Gate( 3118)	cx q[0], q[3]
Gate( 3119)	 h q[5]
Gate( 3120)	 h q[0]
Gate( 3121)	 t q[1]
Gate( 3122)	 t q[2]
Gate( 3123)	 t q[0]
Gate( 3124)	cx q[2], q[1]
Gate( 3125)	cx q[0], q[2]
Gate( 3126)	cx q[1], q[0]
Gate( 3127)	tdg q[2]
Gate( 3128)	cx q[1], q[2]
Gate( 3129)	tdg q[1]
Gate( 3130)	tdg q[2]
Gate( 3131)	 t q[0]
Gate( 3132)	cx q[0], q[2]
Gate( 3133)	cx q[1], q[0]
Gate( 3134)	cx q[2], q[1]
Gate( 3135)	 h q[0]
Gate( 3136)	 h q[5]
Gate( 3137)	 t q[3]
Gate( 3138)	 t q[0]
Gate( 3139)	 t q[5]
Gate( 3140)	cx q[0], q[3]
Gate( 3141)	cx q[5], q[0]
Gate( 3142)	cx q[3], q[5]
Gate( 3143)	tdg q[0]
Gate( 3144)	cx q[3], q[0]
Gate( 3145)	tdg q[3]
Gate( 3146)	tdg q[0]
Gate( 3147)	 t q[5]
Gate( 3148)	cx q[5], q[0]
Gate( 3149)	cx q[3], q[5]
Gate( 3150)	cx q[0], q[3]
Gate( 3151)	 h q[5]
Gate( 3152)	 h q[6]
Gate( 3153)	 t q[4]
Gate( 3154)	 t q[5]
Gate( 3155)	 t q[6]
Gate( 3156)	cx q[5], q[4]
Gate( 3157)	cx q[6], q[5]
Gate( 3158)	cx q[4], q[6]
Gate( 3159)	tdg q[5]
Gate( 3160)	cx q[4], q[5]
Gate( 3161)	tdg q[4]
Gate( 3162)	tdg q[5]
Gate( 3163)	 t q[6]
Gate( 3164)	cx q[6], q[5]
Gate( 3165)	cx q[4], q[6]
Gate( 3166)	cx q[5], q[4]
Gate( 3167)	 h q[6]
Gate( 3168)	 h q[5]
Gate( 3169)	 t q[3]
Gate( 3170)	 t q[0]
Gate( 3171)	 t q[5]
Gate( 3172)	cx q[0], q[3]
Gate( 3173)	cx q[5], q[0]
Gate( 3174)	cx q[3], q[5]
Gate( 3175)	tdg q[0]
Gate( 3176)	cx q[3], q[0]
Gate( 3177)	tdg q[3]
Gate( 3178)	tdg q[0]
Gate( 3179)	 t q[5]
Gate( 3180)	cx q[5], q[0]
Gate( 3181)	cx q[3], q[5]
Gate( 3182)	cx q[0], q[3]
Gate( 3183)	 h q[5]
Gate( 3184)	 h q[0]
Gate( 3185)	 t q[1]
Gate( 3186)	 t q[2]
Gate( 3187)	 t q[0]
Gate( 3188)	cx q[2], q[1]
Gate( 3189)	cx q[0], q[2]
Gate( 3190)	cx q[1], q[0]
Gate( 3191)	tdg q[2]
Gate( 3192)	cx q[1], q[2]
Gate( 3193)	tdg q[1]
Gate( 3194)	tdg q[2]
Gate( 3195)	 t q[0]
Gate( 3196)	cx q[0], q[2]
Gate( 3197)	cx q[1], q[0]
Gate( 3198)	cx q[2], q[1]
Gate( 3199)	 h q[0]
Gate( 3200)	 h q[5]
Gate( 3201)	 t q[3]
Gate( 3202)	 t q[0]
Gate( 3203)	 t q[5]
Gate( 3204)	cx q[0], q[3]
Gate( 3205)	cx q[5], q[0]
Gate( 3206)	cx q[3], q[5]
Gate( 3207)	tdg q[0]
Gate( 3208)	cx q[3], q[0]
Gate( 3209)	tdg q[3]
Gate( 3210)	tdg q[0]
Gate( 3211)	 t q[5]
Gate( 3212)	cx q[5], q[0]
Gate( 3213)	cx q[3], q[5]
Gate( 3214)	cx q[0], q[3]
Gate( 3215)	 h q[5]
Gate( 3216)	 h q[6]
Gate( 3217)	 t q[4]
Gate( 3218)	 t q[5]
Gate( 3219)	 t q[6]
Gate( 3220)	cx q[5], q[4]
Gate( 3221)	cx q[6], q[5]
Gate( 3222)	cx q[4], q[6]
Gate( 3223)	tdg q[5]
Gate( 3224)	cx q[4], q[5]
Gate( 3225)	tdg q[4]
Gate( 3226)	tdg q[5]
Gate( 3227)	 t q[6]
Gate( 3228)	cx q[6], q[5]
Gate( 3229)	cx q[4], q[6]
Gate( 3230)	cx q[5], q[4]
Gate( 3231)	 h q[6]
Gate( 3232)	 h q[5]
Gate( 3233)	 t q[3]
Gate( 3234)	 t q[1]
Gate( 3235)	 t q[5]
Gate( 3236)	cx q[1], q[3]
Gate( 3237)	cx q[5], q[1]
Gate( 3238)	cx q[3], q[5]
Gate( 3239)	tdg q[1]
Gate( 3240)	cx q[3], q[1]
Gate( 3241)	tdg q[3]
Gate( 3242)	tdg q[1]
Gate( 3243)	 t q[5]
Gate( 3244)	cx q[5], q[1]
Gate( 3245)	cx q[3], q[5]
Gate( 3246)	cx q[1], q[3]
Gate( 3247)	 h q[5]
Gate( 3248)	 h q[1]
Gate( 3249)	 t q[0]
Gate( 3250)	 t q[2]
Gate( 3251)	 t q[1]
Gate( 3252)	cx q[2], q[0]
Gate( 3253)	cx q[1], q[2]
Gate( 3254)	cx q[0], q[1]
Gate( 3255)	tdg q[2]
Gate( 3256)	cx q[0], q[2]
Gate( 3257)	tdg q[0]
Gate( 3258)	tdg q[2]
Gate( 3259)	 t q[1]
Gate( 3260)	cx q[1], q[2]
Gate( 3261)	cx q[0], q[1]
Gate( 3262)	cx q[2], q[0]
Gate( 3263)	 h q[1]
Gate( 3264)	 h q[5]
Gate( 3265)	 t q[3]
Gate( 3266)	 t q[1]
Gate( 3267)	 t q[5]
Gate( 3268)	cx q[1], q[3]
Gate( 3269)	cx q[5], q[1]
Gate( 3270)	cx q[3], q[5]
Gate( 3271)	tdg q[1]
Gate( 3272)	cx q[3], q[1]
Gate( 3273)	tdg q[3]
Gate( 3274)	tdg q[1]
Gate( 3275)	 t q[5]
Gate( 3276)	cx q[5], q[1]
Gate( 3277)	cx q[3], q[5]
Gate( 3278)	cx q[1], q[3]
Gate( 3279)	 h q[5]
Gate( 3280)	 h q[6]
Gate( 3281)	 t q[4]
Gate( 3282)	 t q[5]
Gate( 3283)	 t q[6]
Gate( 3284)	cx q[5], q[4]
Gate( 3285)	cx q[6], q[5]
Gate( 3286)	cx q[4], q[6]
Gate( 3287)	tdg q[5]
Gate( 3288)	cx q[4], q[5]
Gate( 3289)	tdg q[4]
Gate( 3290)	tdg q[5]
Gate( 3291)	 t q[6]
Gate( 3292)	cx q[6], q[5]
Gate( 3293)	cx q[4], q[6]
Gate( 3294)	cx q[5], q[4]
Gate( 3295)	 h q[6]
Gate( 3296)	 h q[5]
Gate( 3297)	 t q[3]
Gate( 3298)	 t q[1]
Gate( 3299)	 t q[5]
Gate( 3300)	cx q[1], q[3]
Gate( 3301)	cx q[5], q[1]
Gate( 3302)	cx q[3], q[5]
Gate( 3303)	tdg q[1]
Gate( 3304)	cx q[3], q[1]
Gate( 3305)	tdg q[3]
Gate( 3306)	tdg q[1]
Gate( 3307)	 t q[5]
Gate( 3308)	cx q[5], q[1]
Gate( 3309)	cx q[3], q[5]
Gate( 3310)	cx q[1], q[3]
Gate( 3311)	 h q[5]
Gate( 3312)	 h q[1]
Gate( 3313)	 t q[0]
Gate( 3314)	 t q[2]
Gate( 3315)	 t q[1]
Gate( 3316)	cx q[2], q[0]
Gate( 3317)	cx q[1], q[2]
Gate( 3318)	cx q[0], q[1]
Gate( 3319)	tdg q[2]
Gate( 3320)	cx q[0], q[2]
Gate( 3321)	tdg q[0]
Gate( 3322)	tdg q[2]
Gate( 3323)	 t q[1]
Gate( 3324)	cx q[1], q[2]
Gate( 3325)	cx q[0], q[1]
Gate( 3326)	cx q[2], q[0]
Gate( 3327)	 h q[1]
Gate( 3328)	 h q[5]
Gate( 3329)	 t q[3]
Gate( 3330)	 t q[1]
Gate( 3331)	 t q[5]
Gate( 3332)	cx q[1], q[3]
Gate( 3333)	cx q[5], q[1]
Gate( 3334)	cx q[3], q[5]
Gate( 3335)	tdg q[1]
Gate( 3336)	cx q[3], q[1]
Gate( 3337)	tdg q[3]
Gate( 3338)	tdg q[1]
Gate( 3339)	 t q[5]
Gate( 3340)	cx q[5], q[1]
Gate( 3341)	cx q[3], q[5]
Gate( 3342)	cx q[1], q[3]
Gate( 3343)	 h q[5]
Gate( 3344)	 h q[6]
Gate( 3345)	 t q[4]
Gate( 3346)	 t q[5]
Gate( 3347)	 t q[6]
Gate( 3348)	cx q[5], q[4]
Gate( 3349)	cx q[6], q[5]
Gate( 3350)	cx q[4], q[6]
Gate( 3351)	tdg q[5]
Gate( 3352)	cx q[4], q[5]
Gate( 3353)	tdg q[4]
Gate( 3354)	tdg q[5]
Gate( 3355)	 t q[6]
Gate( 3356)	cx q[6], q[5]
Gate( 3357)	cx q[4], q[6]
Gate( 3358)	cx q[5], q[4]
Gate( 3359)	 h q[6]
Gate( 3360)	 h q[5]
Gate( 3361)	 t q[3]
Gate( 3362)	 t q[2]
Gate( 3363)	 t q[5]
Gate( 3364)	cx q[2], q[3]
Gate( 3365)	cx q[5], q[2]
Gate( 3366)	cx q[3], q[5]
Gate( 3367)	tdg q[2]
Gate( 3368)	cx q[3], q[2]
Gate( 3369)	tdg q[3]
Gate( 3370)	tdg q[2]
Gate( 3371)	 t q[5]
Gate( 3372)	cx q[5], q[2]
Gate( 3373)	cx q[3], q[5]
Gate( 3374)	cx q[2], q[3]
Gate( 3375)	 h q[5]
Gate( 3376)	 h q[2]
Gate( 3377)	 t q[0]
Gate( 3378)	 t q[1]
Gate( 3379)	 t q[2]
Gate( 3380)	cx q[1], q[0]
Gate( 3381)	cx q[2], q[1]
Gate( 3382)	cx q[0], q[2]
Gate( 3383)	tdg q[1]
Gate( 3384)	cx q[0], q[1]
Gate( 3385)	tdg q[0]
Gate( 3386)	tdg q[1]
Gate( 3387)	 t q[2]
Gate( 3388)	cx q[2], q[1]
Gate( 3389)	cx q[0], q[2]
Gate( 3390)	cx q[1], q[0]
Gate( 3391)	 h q[2]
Gate( 3392)	 h q[5]
Gate( 3393)	 t q[3]
Gate( 3394)	 t q[2]
Gate( 3395)	 t q[5]
Gate( 3396)	cx q[2], q[3]
Gate( 3397)	cx q[5], q[2]
Gate( 3398)	cx q[3], q[5]
Gate( 3399)	tdg q[2]
Gate( 3400)	cx q[3], q[2]
Gate( 3401)	tdg q[3]
Gate( 3402)	tdg q[2]
Gate( 3403)	 t q[5]
Gate( 3404)	cx q[5], q[2]
Gate( 3405)	cx q[3], q[5]
Gate( 3406)	cx q[2], q[3]
Gate( 3407)	 h q[5]
Gate( 3408)	 h q[6]
Gate( 3409)	 t q[4]
Gate( 3410)	 t q[5]
Gate( 3411)	 t q[6]
Gate( 3412)	cx q[5], q[4]
Gate( 3413)	cx q[6], q[5]
Gate( 3414)	cx q[4], q[6]
Gate( 3415)	tdg q[5]
Gate( 3416)	cx q[4], q[5]
Gate( 3417)	tdg q[4]
Gate( 3418)	tdg q[5]
Gate( 3419)	 t q[6]
Gate( 3420)	cx q[6], q[5]
Gate( 3421)	cx q[4], q[6]
Gate( 3422)	cx q[5], q[4]
Gate( 3423)	 h q[6]
Gate( 3424)	 h q[5]
Gate( 3425)	 t q[3]
Gate( 3426)	 t q[2]
Gate( 3427)	 t q[5]
Gate( 3428)	cx q[2], q[3]
Gate( 3429)	cx q[5], q[2]
Gate( 3430)	cx q[3], q[5]
Gate( 3431)	tdg q[2]
Gate( 3432)	cx q[3], q[2]
Gate( 3433)	tdg q[3]
Gate( 3434)	tdg q[2]
Gate( 3435)	 t q[5]
Gate( 3436)	cx q[5], q[2]
Gate( 3437)	cx q[3], q[5]
Gate( 3438)	cx q[2], q[3]
Gate( 3439)	 h q[5]
Gate( 3440)	 h q[2]
Gate( 3441)	 t q[0]
Gate( 3442)	 t q[1]
Gate( 3443)	 t q[2]
Gate( 3444)	cx q[1], q[0]
Gate( 3445)	cx q[2], q[1]
Gate( 3446)	cx q[0], q[2]
Gate( 3447)	tdg q[1]
Gate( 3448)	cx q[0], q[1]
Gate( 3449)	tdg q[0]
Gate( 3450)	tdg q[1]
Gate( 3451)	 t q[2]
Gate( 3452)	cx q[2], q[1]
Gate( 3453)	cx q[0], q[2]
Gate( 3454)	cx q[1], q[0]
Gate( 3455)	 h q[2]
Gate( 3456)	 h q[5]
Gate( 3457)	 t q[3]
Gate( 3458)	 t q[2]
Gate( 3459)	 t q[5]
Gate( 3460)	cx q[2], q[3]
Gate( 3461)	cx q[5], q[2]
Gate( 3462)	cx q[3], q[5]
Gate( 3463)	tdg q[2]
Gate( 3464)	cx q[3], q[2]
Gate( 3465)	tdg q[3]
Gate( 3466)	tdg q[2]
Gate( 3467)	 t q[5]
Gate( 3468)	cx q[5], q[2]
Gate( 3469)	cx q[3], q[5]
Gate( 3470)	cx q[2], q[3]
Gate( 3471)	 h q[5]
Gate( 3472)	 h q[6]
Gate( 3473)	 t q[3]
Gate( 3474)	 t q[4]
Gate( 3475)	 t q[6]
Gate( 3476)	cx q[4], q[3]
Gate( 3477)	cx q[6], q[4]
Gate( 3478)	cx q[3], q[6]
Gate( 3479)	tdg q[4]
Gate( 3480)	cx q[3], q[4]
Gate( 3481)	tdg q[3]
Gate( 3482)	tdg q[4]
Gate( 3483)	 t q[6]
Gate( 3484)	cx q[6], q[4]
Gate( 3485)	cx q[3], q[6]
Gate( 3486)	cx q[4], q[3]
Gate( 3487)	 h q[6]
Gate( 3488)	 h q[6]
Gate( 3489)	 t q[4]
Gate( 3490)	 t q[5]
Gate( 3491)	 t q[6]
Gate( 3492)	cx q[5], q[4]
Gate( 3493)	cx q[6], q[5]
Gate( 3494)	cx q[4], q[6]
Gate( 3495)	tdg q[5]
Gate( 3496)	cx q[4], q[5]
Gate( 3497)	tdg q[4]
Gate( 3498)	tdg q[5]
Gate( 3499)	 t q[6]
Gate( 3500)	cx q[6], q[5]
Gate( 3501)	cx q[4], q[6]
Gate( 3502)	cx q[5], q[4]
Gate( 3503)	 h q[6]
Gate( 3504)	 h q[5]
Gate( 3505)	 t q[2]
Gate( 3506)	 t q[3]
Gate( 3507)	 t q[5]
Gate( 3508)	cx q[3], q[2]
Gate( 3509)	cx q[5], q[3]
Gate( 3510)	cx q[2], q[5]
Gate( 3511)	tdg q[3]
Gate( 3512)	cx q[2], q[3]
Gate( 3513)	tdg q[2]
Gate( 3514)	tdg q[3]
Gate( 3515)	 t q[5]
Gate( 3516)	cx q[5], q[3]
Gate( 3517)	cx q[2], q[5]
Gate( 3518)	cx q[3], q[2]
Gate( 3519)	 h q[5]
Gate( 3520)	 h q[3]
Gate( 3521)	 t q[0]
Gate( 3522)	 t q[1]
Gate( 3523)	 t q[3]
Gate( 3524)	cx q[1], q[0]
Gate( 3525)	cx q[3], q[1]
Gate( 3526)	cx q[0], q[3]
Gate( 3527)	tdg q[1]
Gate( 3528)	cx q[0], q[1]
Gate( 3529)	tdg q[0]
Gate( 3530)	tdg q[1]
Gate( 3531)	 t q[3]
Gate( 3532)	cx q[3], q[1]
Gate( 3533)	cx q[0], q[3]
Gate( 3534)	cx q[1], q[0]
Gate( 3535)	 h q[3]
Gate( 3536)	 h q[5]
Gate( 3537)	 t q[2]
Gate( 3538)	 t q[3]
Gate( 3539)	 t q[5]
Gate( 3540)	cx q[3], q[2]
Gate( 3541)	cx q[5], q[3]
Gate( 3542)	cx q[2], q[5]
Gate( 3543)	tdg q[3]
Gate( 3544)	cx q[2], q[3]
Gate( 3545)	tdg q[2]
Gate( 3546)	tdg q[3]
Gate( 3547)	 t q[5]
Gate( 3548)	cx q[5], q[3]
Gate( 3549)	cx q[2], q[5]
Gate( 3550)	cx q[3], q[2]
Gate( 3551)	 h q[5]
Gate( 3552)	 h q[6]
Gate( 3553)	 t q[4]
Gate( 3554)	 t q[5]
Gate( 3555)	 t q[6]
Gate( 3556)	cx q[5], q[4]
Gate( 3557)	cx q[6], q[5]
Gate( 3558)	cx q[4], q[6]
Gate( 3559)	tdg q[5]
Gate( 3560)	cx q[4], q[5]
Gate( 3561)	tdg q[4]
Gate( 3562)	tdg q[5]
Gate( 3563)	 t q[6]
Gate( 3564)	cx q[6], q[5]
Gate( 3565)	cx q[4], q[6]
Gate( 3566)	cx q[5], q[4]
Gate( 3567)	 h q[6]
Gate( 3568)	 h q[5]
Gate( 3569)	 t q[2]
Gate( 3570)	 t q[3]
Gate( 3571)	 t q[5]
Gate( 3572)	cx q[3], q[2]
Gate( 3573)	cx q[5], q[3]
Gate( 3574)	cx q[2], q[5]
Gate( 3575)	tdg q[3]
Gate( 3576)	cx q[2], q[3]
Gate( 3577)	tdg q[2]
Gate( 3578)	tdg q[3]
Gate( 3579)	 t q[5]
Gate( 3580)	cx q[5], q[3]
Gate( 3581)	cx q[2], q[5]
Gate( 3582)	cx q[3], q[2]
Gate( 3583)	 h q[5]
Gate( 3584)	 h q[3]
Gate( 3585)	 t q[0]
Gate( 3586)	 t q[1]
Gate( 3587)	 t q[3]
Gate( 3588)	cx q[1], q[0]
Gate( 3589)	cx q[3], q[1]
Gate( 3590)	cx q[0], q[3]
Gate( 3591)	tdg q[1]
Gate( 3592)	cx q[0], q[1]
Gate( 3593)	tdg q[0]
Gate( 3594)	tdg q[1]
Gate( 3595)	 t q[3]
Gate( 3596)	cx q[3], q[1]
Gate( 3597)	cx q[0], q[3]
Gate( 3598)	cx q[1], q[0]
Gate( 3599)	 h q[3]
Gate( 3600)	 h q[5]
Gate( 3601)	 t q[2]
Gate( 3602)	 t q[3]
Gate( 3603)	 t q[5]
Gate( 3604)	cx q[3], q[2]
Gate( 3605)	cx q[5], q[3]
Gate( 3606)	cx q[2], q[5]
Gate( 3607)	tdg q[3]
Gate( 3608)	cx q[2], q[3]
Gate( 3609)	tdg q[2]
Gate( 3610)	tdg q[3]
Gate( 3611)	 t q[5]
Gate( 3612)	cx q[5], q[3]
Gate( 3613)	cx q[2], q[5]
Gate( 3614)	cx q[3], q[2]
Gate( 3615)	 h q[5]
Gate( 3616)	 h q[6]
Gate( 3617)	 t q[2]
Gate( 3618)	 t q[4]
Gate( 3619)	 t q[6]
Gate( 3620)	cx q[4], q[2]
Gate( 3621)	cx q[6], q[4]
Gate( 3622)	cx q[2], q[6]
Gate( 3623)	tdg q[4]
Gate( 3624)	cx q[2], q[4]
Gate( 3625)	tdg q[2]
Gate( 3626)	tdg q[4]
Gate( 3627)	 t q[6]
Gate( 3628)	cx q[6], q[4]
Gate( 3629)	cx q[2], q[6]
Gate( 3630)	cx q[4], q[2]
Gate( 3631)	 h q[6]
Gate( 3632)	 h q[6]
Gate( 3633)	 t q[1]
Gate( 3634)	 t q[4]
Gate( 3635)	 t q[6]
Gate( 3636)	cx q[4], q[1]
Gate( 3637)	cx q[6], q[4]
Gate( 3638)	cx q[1], q[6]
Gate( 3639)	tdg q[4]
Gate( 3640)	cx q[1], q[4]
Gate( 3641)	tdg q[1]
Gate( 3642)	tdg q[4]
Gate( 3643)	 t q[6]
Gate( 3644)	cx q[6], q[4]
Gate( 3645)	cx q[1], q[6]
Gate( 3646)	cx q[4], q[1]
Gate( 3647)	 h q[6]
Gate( 3648)	 h q[6]
Gate( 3649)	 t q[0]
Gate( 3650)	 t q[4]
Gate( 3651)	 t q[6]
Gate( 3652)	cx q[4], q[0]
Gate( 3653)	cx q[6], q[4]
Gate( 3654)	cx q[0], q[6]
Gate( 3655)	tdg q[4]
Gate( 3656)	cx q[0], q[4]
Gate( 3657)	tdg q[0]
Gate( 3658)	tdg q[4]
Gate( 3659)	 t q[6]
Gate( 3660)	cx q[6], q[4]
Gate( 3661)	cx q[0], q[6]
Gate( 3662)	cx q[4], q[0]
Gate( 3663)	 h q[6]
Gate( 3664)	 h q[6]
Gate( 3665)	 t q[3]
Gate( 3666)	 t q[5]
Gate( 3667)	 t q[6]
Gate( 3668)	cx q[5], q[3]
Gate( 3669)	cx q[6], q[5]
Gate( 3670)	cx q[3], q[6]
Gate( 3671)	tdg q[5]
Gate( 3672)	cx q[3], q[5]
Gate( 3673)	tdg q[3]
Gate( 3674)	tdg q[5]
Gate( 3675)	 t q[6]
Gate( 3676)	cx q[6], q[5]
Gate( 3677)	cx q[3], q[6]
Gate( 3678)	cx q[5], q[3]
Gate( 3679)	 h q[6]
Gate( 3680)	 h q[5]
Gate( 3681)	 t q[2]
Gate( 3682)	 t q[4]
Gate( 3683)	 t q[5]
Gate( 3684)	cx q[4], q[2]
Gate( 3685)	cx q[5], q[4]
Gate( 3686)	cx q[2], q[5]
Gate( 3687)	tdg q[4]
Gate( 3688)	cx q[2], q[4]
Gate( 3689)	tdg q[2]
Gate( 3690)	tdg q[4]
Gate( 3691)	 t q[5]
Gate( 3692)	cx q[5], q[4]
Gate( 3693)	cx q[2], q[5]
Gate( 3694)	cx q[4], q[2]
Gate( 3695)	 h q[5]
Gate( 3696)	 h q[4]
Gate( 3697)	 t q[0]
Gate( 3698)	 t q[1]
Gate( 3699)	 t q[4]
Gate( 3700)	cx q[1], q[0]
Gate( 3701)	cx q[4], q[1]
Gate( 3702)	cx q[0], q[4]
Gate( 3703)	tdg q[1]
Gate( 3704)	cx q[0], q[1]
Gate( 3705)	tdg q[0]
Gate( 3706)	tdg q[1]
Gate( 3707)	 t q[4]
Gate( 3708)	cx q[4], q[1]
Gate( 3709)	cx q[0], q[4]
Gate( 3710)	cx q[1], q[0]
Gate( 3711)	 h q[4]
Gate( 3712)	 h q[5]
Gate( 3713)	 t q[2]
Gate( 3714)	 t q[4]
Gate( 3715)	 t q[5]
Gate( 3716)	cx q[4], q[2]
Gate( 3717)	cx q[5], q[4]
Gate( 3718)	cx q[2], q[5]
Gate( 3719)	tdg q[4]
Gate( 3720)	cx q[2], q[4]
Gate( 3721)	tdg q[2]
Gate( 3722)	tdg q[4]
Gate( 3723)	 t q[5]
Gate( 3724)	cx q[5], q[4]
Gate( 3725)	cx q[2], q[5]
Gate( 3726)	cx q[4], q[2]
Gate( 3727)	 h q[5]
Gate( 3728)	 h q[6]
Gate( 3729)	 t q[3]
Gate( 3730)	 t q[5]
Gate( 3731)	 t q[6]
Gate( 3732)	cx q[5], q[3]
Gate( 3733)	cx q[6], q[5]
Gate( 3734)	cx q[3], q[6]
Gate( 3735)	tdg q[5]
Gate( 3736)	cx q[3], q[5]
Gate( 3737)	tdg q[3]
Gate( 3738)	tdg q[5]
Gate( 3739)	 t q[6]
Gate( 3740)	cx q[6], q[5]
Gate( 3741)	cx q[3], q[6]
Gate( 3742)	cx q[5], q[3]
Gate( 3743)	 h q[6]
Gate( 3744)	 h q[5]
Gate( 3745)	 t q[2]
Gate( 3746)	 t q[4]
Gate( 3747)	 t q[5]
Gate( 3748)	cx q[4], q[2]
Gate( 3749)	cx q[5], q[4]
Gate( 3750)	cx q[2], q[5]
Gate( 3751)	tdg q[4]
Gate( 3752)	cx q[2], q[4]
Gate( 3753)	tdg q[2]
Gate( 3754)	tdg q[4]
Gate( 3755)	 t q[5]
Gate( 3756)	cx q[5], q[4]
Gate( 3757)	cx q[2], q[5]
Gate( 3758)	cx q[4], q[2]
Gate( 3759)	 h q[5]
Gate( 3760)	 h q[4]
Gate( 3761)	 t q[0]
Gate( 3762)	 t q[1]
Gate( 3763)	 t q[4]
Gate( 3764)	cx q[1], q[0]
Gate( 3765)	cx q[4], q[1]
Gate( 3766)	cx q[0], q[4]
Gate( 3767)	tdg q[1]
Gate( 3768)	cx q[0], q[1]
Gate( 3769)	tdg q[0]
Gate( 3770)	tdg q[1]
Gate( 3771)	 t q[4]
Gate( 3772)	cx q[4], q[1]
Gate( 3773)	cx q[0], q[4]
Gate( 3774)	cx q[1], q[0]
Gate( 3775)	 h q[4]
Gate( 3776)	 h q[5]
Gate( 3777)	 t q[2]
Gate( 3778)	 t q[4]
Gate( 3779)	 t q[5]
Gate( 3780)	cx q[4], q[2]
Gate( 3781)	cx q[5], q[4]
Gate( 3782)	cx q[2], q[5]
Gate( 3783)	tdg q[4]
Gate( 3784)	cx q[2], q[4]
Gate( 3785)	tdg q[2]
Gate( 3786)	tdg q[4]
Gate( 3787)	 t q[5]
Gate( 3788)	cx q[5], q[4]
Gate( 3789)	cx q[2], q[5]
Gate( 3790)	cx q[4], q[2]
Gate( 3791)	 h q[5]
Gate( 3792)	 h q[6]
Gate( 3793)	 t q[2]
Gate( 3794)	 t q[3]
Gate( 3795)	 t q[6]
Gate( 3796)	cx q[3], q[2]
Gate( 3797)	cx q[6], q[3]
Gate( 3798)	cx q[2], q[6]
Gate( 3799)	tdg q[3]
Gate( 3800)	cx q[2], q[3]
Gate( 3801)	tdg q[2]
Gate( 3802)	tdg q[3]
Gate( 3803)	 t q[6]
Gate( 3804)	cx q[6], q[3]
Gate( 3805)	cx q[2], q[6]
Gate( 3806)	cx q[3], q[2]
Gate( 3807)	 h q[6]
Gate( 3808)	 h q[6]
Gate( 3809)	 t q[1]
Gate( 3810)	 t q[3]
Gate( 3811)	 t q[6]
Gate( 3812)	cx q[3], q[1]
Gate( 3813)	cx q[6], q[3]
Gate( 3814)	cx q[1], q[6]
Gate( 3815)	tdg q[3]
Gate( 3816)	cx q[1], q[3]
Gate( 3817)	tdg q[1]
Gate( 3818)	tdg q[3]
Gate( 3819)	 t q[6]
Gate( 3820)	cx q[6], q[3]
Gate( 3821)	cx q[1], q[6]
Gate( 3822)	cx q[3], q[1]
Gate( 3823)	 h q[6]
Gate( 3824)	 h q[6]
Gate( 3825)	 t q[0]
Gate( 3826)	 t q[3]
Gate( 3827)	 t q[6]
Gate( 3828)	cx q[3], q[0]
Gate( 3829)	cx q[6], q[3]
Gate( 3830)	cx q[0], q[6]
Gate( 3831)	tdg q[3]
Gate( 3832)	cx q[0], q[3]
Gate( 3833)	tdg q[0]
Gate( 3834)	tdg q[3]
Gate( 3835)	 t q[6]
Gate( 3836)	cx q[6], q[3]
Gate( 3837)	cx q[0], q[6]
Gate( 3838)	cx q[3], q[0]
Gate( 3839)	 h q[6]
Gate( 3840)	 h q[6]
Gate( 3841)	 t q[1]
Gate( 3842)	 t q[2]
Gate( 3843)	 t q[6]
Gate( 3844)	cx q[2], q[1]
Gate( 3845)	cx q[6], q[2]
Gate( 3846)	cx q[1], q[6]
Gate( 3847)	tdg q[2]
Gate( 3848)	cx q[1], q[2]
Gate( 3849)	tdg q[1]
Gate( 3850)	tdg q[2]
Gate( 3851)	 t q[6]
Gate( 3852)	cx q[6], q[2]
Gate( 3853)	cx q[1], q[6]
Gate( 3854)	cx q[2], q[1]
Gate( 3855)	 h q[6]
Gate( 3856)	 h q[6]
Gate( 3857)	 t q[0]
Gate( 3858)	 t q[2]
Gate( 3859)	 t q[6]
Gate( 3860)	cx q[2], q[0]
Gate( 3861)	cx q[6], q[2]
Gate( 3862)	cx q[0], q[6]
Gate( 3863)	tdg q[2]
Gate( 3864)	cx q[0], q[2]
Gate( 3865)	tdg q[0]
Gate( 3866)	tdg q[2]
Gate( 3867)	 t q[6]
Gate( 3868)	cx q[6], q[2]
Gate( 3869)	cx q[0], q[6]
Gate( 3870)	cx q[2], q[0]
Gate( 3871)	 h q[6]
Gate( 3872)	 h q[6]
Gate( 3873)	 t q[0]
Gate( 3874)	 t q[1]
Gate( 3875)	 t q[6]
Gate( 3876)	cx q[1], q[0]
Gate( 3877)	cx q[6], q[1]
Gate( 3878)	cx q[0], q[6]
Gate( 3879)	tdg q[1]
Gate( 3880)	cx q[0], q[1]
Gate( 3881)	tdg q[0]
Gate( 3882)	tdg q[1]
Gate( 3883)	 t q[6]
Gate( 3884)	cx q[6], q[1]
Gate( 3885)	cx q[0], q[6]
Gate( 3886)	cx q[1], q[0]
Gate( 3887)	 h q[6]

*** Option ***
Input file  : ../example/sym6_145.qasm
Output file : ../output/sym6_145.qasm

Generating Multi-QPU Architecture: 3 QPUs, each with 9 qubits

Skipping complex QPU Degree Graph (Using simple Star Topology meta-info)

=== Multi-QPU Interconnect Edges ===
initial_mapping

================ Interaction Graph ================
[Nodes]
  Node 0 (weight=1): edges -> 1 2 4 11 12 13 
  Node 1 (weight=1): edges -> 0 2 5 8 9 10 
  Node 2 (weight=1): edges -> 0 1 3 6 15 16 
  Node 3 (weight=1): edges -> 7 9 13 15 17 18 
  Node 4 (weight=1): edges -> 7 8 12 16 19 20 
  Node 5 (weight=1): edges -> 5 6 11 14 18 19 
  Node 6 (weight=1): edges -> 3 4 10 14 17 20 

[Edges]
  Edge 0 : q1 -- q2  weight=1061
  Edge 1 : q2 -- q0  weight=1221
  Edge 2 : q0 -- q1  weight=1741
  Edge 3 : q2 -- q6  weight=411
  Edge 4 : q6 -- q0  weight=171
  Edge 5 : q5 -- q1  weight=1041
  Edge 6 : q2 -- q5  weight=701
  Edge 7 : q3 -- q4  weight=941
  Edge 8 : q4 -- q1  weight=861
  Edge 9 : q1 -- q3  weight=761
  Edge 10 : q6 -- q1  weight=531
  Edge 11 : q5 -- q0  weight=1101
  Edge 12 : q4 -- q0  weight=1021
  Edge 13 : q0 -- q3  weight=921
  Edge 14 : q6 -- q5  weight=771
  Edge 15 : q2 -- q3  weight=881
  Edge 16 : q2 -- q4  weight=701
  Edge 17 : q6 -- q3  weight=331
  Edge 18 : q5 -- q3  weight=581
  Edge 19 : q4 -- q5  weight=581
  Edge 20 : q6 -- q4  weight=491
===================================================


[METIS] Partitioning complete
Total Sum of Weight: 11086

===== InteractionGraph Subsets Complete =====

===== Building inter_Sub_edge (Cross-Sub Edges) =====

========== Cross-Subgraph Weighted Sums (Sorted) ==========

===== MATCHING START =====
[MATCH] Sub0 -> QPU0
[MATCH] Sub1 -> QPU1
[MATCH] Sub2 -> QPU2

===== MATCHING DONE =====

===================== initial_mapping END =====================
[START] main_mapping (Integrated Version)
[END] main_mapping completed. Added SWAP count: 123
*** Final Circuit ***
# add_2q_num: 123
# fidelity: 0

*** Time & Memory Measure ***
tasks                          Wtime      Ctime
PARSING                        0.151      0.017
GENERATE MULTI-QPU             0.154      0.020
INITIAL MAPPING                0.157      0.022
MAIN MAPPING                   0.164      0.029
END PROGRAM                    0.196      0.032

----------------------------------------
### VmPeak         FDSize:	64
### Memory Usage           : 9.48047 MB
