
================================================================
         Multi-QPU Mapping by Ajou University QCSS Lab          
================================================================
Gate(    0)	cx q[4], q[0]
Gate(    1)	cx q[10], q[0]
Gate(    2)	 h q[3]
Gate(    3)	 t q[4]
Gate(    4)	 t q[10]
Gate(    5)	 t q[3]
Gate(    6)	cx q[10], q[4]
Gate(    7)	cx q[3], q[10]
Gate(    8)	cx q[4], q[3]
Gate(    9)	tdg q[10]
Gate(   10)	cx q[4], q[10]
Gate(   11)	tdg q[4]
Gate(   12)	tdg q[10]
Gate(   13)	 t q[3]
Gate(   14)	cx q[3], q[10]
Gate(   15)	cx q[4], q[3]
Gate(   16)	cx q[10], q[4]
Gate(   17)	 h q[3]
Gate(   18)	 h q[10]
Gate(   19)	 t q[7]
Gate(   20)	 t q[5]
Gate(   21)	 t q[10]
Gate(   22)	cx q[5], q[7]
Gate(   23)	cx q[10], q[5]
Gate(   24)	cx q[7], q[10]
Gate(   25)	tdg q[5]
Gate(   26)	cx q[7], q[5]
Gate(   27)	tdg q[7]
Gate(   28)	tdg q[5]
Gate(   29)	 t q[10]
Gate(   30)	cx q[10], q[5]
Gate(   31)	cx q[7], q[10]
Gate(   32)	cx q[5], q[7]
Gate(   33)	 h q[10]
Gate(   34)	 h q[3]
Gate(   35)	 t q[4]
Gate(   36)	 t q[10]
Gate(   37)	 t q[3]
Gate(   38)	cx q[10], q[4]
Gate(   39)	cx q[3], q[10]
Gate(   40)	cx q[4], q[3]
Gate(   41)	tdg q[10]
Gate(   42)	cx q[4], q[10]
Gate(   43)	tdg q[4]
Gate(   44)	tdg q[10]
Gate(   45)	 t q[3]
Gate(   46)	cx q[3], q[10]
Gate(   47)	cx q[4], q[3]
Gate(   48)	cx q[10], q[4]
Gate(   49)	 h q[3]
Gate(   50)	 h q[10]
Gate(   51)	 t q[7]
Gate(   52)	 t q[5]
Gate(   53)	 t q[10]
Gate(   54)	cx q[5], q[7]
Gate(   55)	cx q[10], q[5]
Gate(   56)	cx q[7], q[10]
Gate(   57)	tdg q[5]
Gate(   58)	cx q[7], q[5]
Gate(   59)	tdg q[7]
Gate(   60)	tdg q[5]
Gate(   61)	 t q[10]
Gate(   62)	cx q[10], q[5]
Gate(   63)	cx q[7], q[10]
Gate(   64)	cx q[5], q[7]
Gate(   65)	 h q[10]
Gate(   66)	 h q[2]
Gate(   67)	 t q[4]
Gate(   68)	 t q[10]
Gate(   69)	 t q[2]
Gate(   70)	cx q[10], q[4]
Gate(   71)	cx q[2], q[10]
Gate(   72)	cx q[4], q[2]
Gate(   73)	tdg q[10]
Gate(   74)	cx q[4], q[10]
Gate(   75)	tdg q[4]
Gate(   76)	tdg q[10]
Gate(   77)	 t q[2]
Gate(   78)	cx q[2], q[10]
Gate(   79)	cx q[4], q[2]
Gate(   80)	cx q[10], q[4]
Gate(   81)	 h q[2]
Gate(   82)	 h q[10]
Gate(   83)	 t q[7]
Gate(   84)	 t q[5]
Gate(   85)	 t q[10]
Gate(   86)	cx q[5], q[7]
Gate(   87)	cx q[10], q[5]
Gate(   88)	cx q[7], q[10]
Gate(   89)	tdg q[5]
Gate(   90)	cx q[7], q[5]
Gate(   91)	tdg q[7]
Gate(   92)	tdg q[5]
Gate(   93)	 t q[10]
Gate(   94)	cx q[10], q[5]
Gate(   95)	cx q[7], q[10]
Gate(   96)	cx q[5], q[7]
Gate(   97)	 h q[10]
Gate(   98)	 h q[2]
Gate(   99)	 t q[4]
Gate(  100)	 t q[10]
Gate(  101)	 t q[2]
Gate(  102)	cx q[10], q[4]
Gate(  103)	cx q[2], q[10]
Gate(  104)	cx q[4], q[2]
Gate(  105)	tdg q[10]
Gate(  106)	cx q[4], q[10]
Gate(  107)	tdg q[4]
Gate(  108)	tdg q[10]
Gate(  109)	 t q[2]
Gate(  110)	cx q[2], q[10]
Gate(  111)	cx q[4], q[2]
Gate(  112)	cx q[10], q[4]
Gate(  113)	 h q[2]
Gate(  114)	 h q[10]
Gate(  115)	 t q[7]
Gate(  116)	 t q[5]
Gate(  117)	 t q[10]
Gate(  118)	cx q[5], q[7]
Gate(  119)	cx q[10], q[5]
Gate(  120)	cx q[7], q[10]
Gate(  121)	tdg q[5]
Gate(  122)	cx q[7], q[5]
Gate(  123)	tdg q[7]
Gate(  124)	tdg q[5]
Gate(  125)	 t q[10]
Gate(  126)	cx q[10], q[5]
Gate(  127)	cx q[7], q[10]
Gate(  128)	cx q[5], q[7]
Gate(  129)	 h q[10]
Gate(  130)	cx q[7], q[1]
Gate(  131)	cx q[7], q[0]
Gate(  132)	 x q[7]
Gate(  133)	 h q[3]
Gate(  134)	 t q[4]
Gate(  135)	 t q[8]
Gate(  136)	 t q[3]
Gate(  137)	cx q[8], q[4]
Gate(  138)	cx q[3], q[8]
Gate(  139)	cx q[4], q[3]
Gate(  140)	tdg q[8]
Gate(  141)	cx q[4], q[8]
Gate(  142)	tdg q[4]
Gate(  143)	tdg q[8]
Gate(  144)	 t q[3]
Gate(  145)	cx q[3], q[8]
Gate(  146)	cx q[4], q[3]
Gate(  147)	cx q[8], q[4]
Gate(  148)	 h q[3]
Gate(  149)	 h q[8]
Gate(  150)	 t q[5]
Gate(  151)	 t q[6]
Gate(  152)	 t q[8]
Gate(  153)	cx q[6], q[5]
Gate(  154)	cx q[8], q[6]
Gate(  155)	cx q[5], q[8]
Gate(  156)	tdg q[6]
Gate(  157)	cx q[5], q[6]
Gate(  158)	tdg q[5]
Gate(  159)	tdg q[6]
Gate(  160)	 t q[8]
Gate(  161)	cx q[8], q[6]
Gate(  162)	cx q[5], q[8]
Gate(  163)	cx q[6], q[5]
Gate(  164)	 h q[8]
Gate(  165)	 h q[6]
Gate(  166)	 t q[7]
Gate(  167)	 t q[2]
Gate(  168)	 t q[6]
Gate(  169)	cx q[2], q[7]
Gate(  170)	cx q[6], q[2]
Gate(  171)	cx q[7], q[6]
Gate(  172)	tdg q[2]
Gate(  173)	cx q[7], q[2]
Gate(  174)	tdg q[7]
Gate(  175)	tdg q[2]
Gate(  176)	 t q[6]
Gate(  177)	cx q[6], q[2]
Gate(  178)	cx q[7], q[6]
Gate(  179)	cx q[2], q[7]
Gate(  180)	 h q[6]
Gate(  181)	 h q[2]
Gate(  182)	 t q[10]
Gate(  183)	 t q[9]
Gate(  184)	 t q[2]
Gate(  185)	cx q[9], q[10]
Gate(  186)	cx q[2], q[9]
Gate(  187)	cx q[10], q[2]
Gate(  188)	tdg q[9]
Gate(  189)	cx q[10], q[9]
Gate(  190)	tdg q[10]
Gate(  191)	tdg q[9]
Gate(  192)	 t q[2]
Gate(  193)	cx q[2], q[9]
Gate(  194)	cx q[10], q[2]
Gate(  195)	cx q[9], q[10]
Gate(  196)	 h q[2]
Gate(  197)	 h q[6]
Gate(  198)	 t q[7]
Gate(  199)	 t q[2]
Gate(  200)	 t q[6]
Gate(  201)	cx q[2], q[7]
Gate(  202)	cx q[6], q[2]
Gate(  203)	cx q[7], q[6]
Gate(  204)	tdg q[2]
Gate(  205)	cx q[7], q[2]
Gate(  206)	tdg q[7]
Gate(  207)	tdg q[2]
Gate(  208)	 t q[6]
Gate(  209)	cx q[6], q[2]
Gate(  210)	cx q[7], q[6]
Gate(  211)	cx q[2], q[7]
Gate(  212)	 h q[6]
Gate(  213)	 h q[8]
Gate(  214)	 t q[5]
Gate(  215)	 t q[6]
Gate(  216)	 t q[8]
Gate(  217)	cx q[6], q[5]
Gate(  218)	cx q[8], q[6]
Gate(  219)	cx q[5], q[8]
Gate(  220)	tdg q[6]
Gate(  221)	cx q[5], q[6]
Gate(  222)	tdg q[5]
Gate(  223)	tdg q[6]
Gate(  224)	 t q[8]
Gate(  225)	cx q[8], q[6]
Gate(  226)	cx q[5], q[8]
Gate(  227)	cx q[6], q[5]
Gate(  228)	 h q[8]
Gate(  229)	 h q[3]
Gate(  230)	 t q[4]
Gate(  231)	 t q[8]
Gate(  232)	 t q[3]
Gate(  233)	cx q[8], q[4]
Gate(  234)	cx q[3], q[8]
Gate(  235)	cx q[4], q[3]
Gate(  236)	tdg q[8]
Gate(  237)	cx q[4], q[8]
Gate(  238)	tdg q[4]
Gate(  239)	tdg q[8]
Gate(  240)	 t q[3]
Gate(  241)	cx q[3], q[8]
Gate(  242)	cx q[4], q[3]
Gate(  243)	cx q[8], q[4]
Gate(  244)	 h q[3]
Gate(  245)	 h q[8]
Gate(  246)	 t q[5]
Gate(  247)	 t q[6]
Gate(  248)	 t q[8]
Gate(  249)	cx q[6], q[5]
Gate(  250)	cx q[8], q[6]
Gate(  251)	cx q[5], q[8]
Gate(  252)	tdg q[6]
Gate(  253)	cx q[5], q[6]
Gate(  254)	tdg q[5]
Gate(  255)	tdg q[6]
Gate(  256)	 t q[8]
Gate(  257)	cx q[8], q[6]
Gate(  258)	cx q[5], q[8]
Gate(  259)	cx q[6], q[5]
Gate(  260)	 h q[8]
Gate(  261)	 h q[6]
Gate(  262)	 t q[7]
Gate(  263)	 t q[2]
Gate(  264)	 t q[6]
Gate(  265)	cx q[2], q[7]
Gate(  266)	cx q[6], q[2]
Gate(  267)	cx q[7], q[6]
Gate(  268)	tdg q[2]
Gate(  269)	cx q[7], q[2]
Gate(  270)	tdg q[7]
Gate(  271)	tdg q[2]
Gate(  272)	 t q[6]
Gate(  273)	cx q[6], q[2]
Gate(  274)	cx q[7], q[6]
Gate(  275)	cx q[2], q[7]
Gate(  276)	 h q[6]
Gate(  277)	 h q[2]
Gate(  278)	 t q[10]
Gate(  279)	 t q[9]
Gate(  280)	 t q[2]
Gate(  281)	cx q[9], q[10]
Gate(  282)	cx q[2], q[9]
Gate(  283)	cx q[10], q[2]
Gate(  284)	tdg q[9]
Gate(  285)	cx q[10], q[9]
Gate(  286)	tdg q[10]
Gate(  287)	tdg q[9]
Gate(  288)	 t q[2]
Gate(  289)	cx q[2], q[9]
Gate(  290)	cx q[10], q[2]
Gate(  291)	cx q[9], q[10]
Gate(  292)	 h q[2]
Gate(  293)	 h q[6]
Gate(  294)	 t q[7]
Gate(  295)	 t q[2]
Gate(  296)	 t q[6]
Gate(  297)	cx q[2], q[7]
Gate(  298)	cx q[6], q[2]
Gate(  299)	cx q[7], q[6]
Gate(  300)	tdg q[2]
Gate(  301)	cx q[7], q[2]
Gate(  302)	tdg q[7]
Gate(  303)	tdg q[2]
Gate(  304)	 t q[6]
Gate(  305)	cx q[6], q[2]
Gate(  306)	cx q[7], q[6]
Gate(  307)	cx q[2], q[7]
Gate(  308)	 h q[6]
Gate(  309)	 h q[8]
Gate(  310)	 t q[5]
Gate(  311)	 t q[6]
Gate(  312)	 t q[8]
Gate(  313)	cx q[6], q[5]
Gate(  314)	cx q[8], q[6]
Gate(  315)	cx q[5], q[8]
Gate(  316)	tdg q[6]
Gate(  317)	cx q[5], q[6]
Gate(  318)	tdg q[5]
Gate(  319)	tdg q[6]
Gate(  320)	 t q[8]
Gate(  321)	cx q[8], q[6]
Gate(  322)	cx q[5], q[8]
Gate(  323)	cx q[6], q[5]
Gate(  324)	 h q[8]
Gate(  325)	 h q[3]
Gate(  326)	 t q[4]
Gate(  327)	 t q[6]
Gate(  328)	 t q[3]
Gate(  329)	cx q[6], q[4]
Gate(  330)	cx q[3], q[6]
Gate(  331)	cx q[4], q[3]
Gate(  332)	tdg q[6]
Gate(  333)	cx q[4], q[6]
Gate(  334)	tdg q[4]
Gate(  335)	tdg q[6]
Gate(  336)	 t q[3]
Gate(  337)	cx q[3], q[6]
Gate(  338)	cx q[4], q[3]
Gate(  339)	cx q[6], q[4]
Gate(  340)	 h q[3]
Gate(  341)	 h q[6]
Gate(  342)	 t q[7]
Gate(  343)	 t q[5]
Gate(  344)	 t q[6]
Gate(  345)	cx q[5], q[7]
Gate(  346)	cx q[6], q[5]
Gate(  347)	cx q[7], q[6]
Gate(  348)	tdg q[5]
Gate(  349)	cx q[7], q[5]
Gate(  350)	tdg q[7]
Gate(  351)	tdg q[5]
Gate(  352)	 t q[6]
Gate(  353)	cx q[6], q[5]
Gate(  354)	cx q[7], q[6]
Gate(  355)	cx q[5], q[7]
Gate(  356)	 h q[6]
Gate(  357)	 h q[5]
Gate(  358)	 t q[8]
Gate(  359)	 t q[2]
Gate(  360)	 t q[5]
Gate(  361)	cx q[2], q[8]
Gate(  362)	cx q[5], q[2]
Gate(  363)	cx q[8], q[5]
Gate(  364)	tdg q[2]
Gate(  365)	cx q[8], q[2]
Gate(  366)	tdg q[8]
Gate(  367)	tdg q[2]
Gate(  368)	 t q[5]
Gate(  369)	cx q[5], q[2]
Gate(  370)	cx q[8], q[5]
Gate(  371)	cx q[2], q[8]
Gate(  372)	 h q[5]
Gate(  373)	 h q[2]
Gate(  374)	 t q[10]
Gate(  375)	 t q[9]
Gate(  376)	 t q[2]
Gate(  377)	cx q[9], q[10]
Gate(  378)	cx q[2], q[9]
Gate(  379)	cx q[10], q[2]
Gate(  380)	tdg q[9]
Gate(  381)	cx q[10], q[9]
Gate(  382)	tdg q[10]
Gate(  383)	tdg q[9]
Gate(  384)	 t q[2]
Gate(  385)	cx q[2], q[9]
Gate(  386)	cx q[10], q[2]
Gate(  387)	cx q[9], q[10]
Gate(  388)	 h q[2]
Gate(  389)	 h q[5]
Gate(  390)	 t q[8]
Gate(  391)	 t q[2]
Gate(  392)	 t q[5]
Gate(  393)	cx q[2], q[8]
Gate(  394)	cx q[5], q[2]
Gate(  395)	cx q[8], q[5]
Gate(  396)	tdg q[2]
Gate(  397)	cx q[8], q[2]
Gate(  398)	tdg q[8]
Gate(  399)	tdg q[2]
Gate(  400)	 t q[5]
Gate(  401)	cx q[5], q[2]
Gate(  402)	cx q[8], q[5]
Gate(  403)	cx q[2], q[8]
Gate(  404)	 h q[5]
Gate(  405)	 h q[6]
Gate(  406)	 t q[7]
Gate(  407)	 t q[5]
Gate(  408)	 t q[6]
Gate(  409)	cx q[5], q[7]
Gate(  410)	cx q[6], q[5]
Gate(  411)	cx q[7], q[6]
Gate(  412)	tdg q[5]
Gate(  413)	cx q[7], q[5]
Gate(  414)	tdg q[7]
Gate(  415)	tdg q[5]
Gate(  416)	 t q[6]
Gate(  417)	cx q[6], q[5]
Gate(  418)	cx q[7], q[6]
Gate(  419)	cx q[5], q[7]
Gate(  420)	 h q[6]
Gate(  421)	 h q[3]
Gate(  422)	 t q[4]
Gate(  423)	 t q[6]
Gate(  424)	 t q[3]
Gate(  425)	cx q[6], q[4]
Gate(  426)	cx q[3], q[6]
Gate(  427)	cx q[4], q[3]
Gate(  428)	tdg q[6]
Gate(  429)	cx q[4], q[6]
Gate(  430)	tdg q[4]
Gate(  431)	tdg q[6]
Gate(  432)	 t q[3]
Gate(  433)	cx q[3], q[6]
Gate(  434)	cx q[4], q[3]
Gate(  435)	cx q[6], q[4]
Gate(  436)	 h q[3]
Gate(  437)	 h q[6]
Gate(  438)	 t q[7]
Gate(  439)	 t q[5]
Gate(  440)	 t q[6]
Gate(  441)	cx q[5], q[7]
Gate(  442)	cx q[6], q[5]
Gate(  443)	cx q[7], q[6]
Gate(  444)	tdg q[5]
Gate(  445)	cx q[7], q[5]
Gate(  446)	tdg q[7]
Gate(  447)	tdg q[5]
Gate(  448)	 t q[6]
Gate(  449)	cx q[6], q[5]
Gate(  450)	cx q[7], q[6]
Gate(  451)	cx q[5], q[7]
Gate(  452)	 h q[6]
Gate(  453)	 h q[5]
Gate(  454)	 t q[8]
Gate(  455)	 t q[2]
Gate(  456)	 t q[5]
Gate(  457)	cx q[2], q[8]
Gate(  458)	cx q[5], q[2]
Gate(  459)	cx q[8], q[5]
Gate(  460)	tdg q[2]
Gate(  461)	cx q[8], q[2]
Gate(  462)	tdg q[8]
Gate(  463)	tdg q[2]
Gate(  464)	 t q[5]
Gate(  465)	cx q[5], q[2]
Gate(  466)	cx q[8], q[5]
Gate(  467)	cx q[2], q[8]
Gate(  468)	 h q[5]
Gate(  469)	 h q[2]
Gate(  470)	 t q[10]
Gate(  471)	 t q[9]
Gate(  472)	 t q[2]
Gate(  473)	cx q[9], q[10]
Gate(  474)	cx q[2], q[9]
Gate(  475)	cx q[10], q[2]
Gate(  476)	tdg q[9]
Gate(  477)	cx q[10], q[9]
Gate(  478)	tdg q[10]
Gate(  479)	tdg q[9]
Gate(  480)	 t q[2]
Gate(  481)	cx q[2], q[9]
Gate(  482)	cx q[10], q[2]
Gate(  483)	cx q[9], q[10]
Gate(  484)	 h q[2]
Gate(  485)	 h q[5]
Gate(  486)	 t q[8]
Gate(  487)	 t q[2]
Gate(  488)	 t q[5]
Gate(  489)	cx q[2], q[8]
Gate(  490)	cx q[5], q[2]
Gate(  491)	cx q[8], q[5]
Gate(  492)	tdg q[2]
Gate(  493)	cx q[8], q[2]
Gate(  494)	tdg q[8]
Gate(  495)	tdg q[2]
Gate(  496)	 t q[5]
Gate(  497)	cx q[5], q[2]
Gate(  498)	cx q[8], q[5]
Gate(  499)	cx q[2], q[8]
Gate(  500)	 h q[5]
Gate(  501)	 h q[6]
Gate(  502)	 t q[7]
Gate(  503)	 t q[5]
Gate(  504)	 t q[6]
Gate(  505)	cx q[5], q[7]
Gate(  506)	cx q[6], q[5]
Gate(  507)	cx q[7], q[6]
Gate(  508)	tdg q[5]
Gate(  509)	cx q[7], q[5]
Gate(  510)	tdg q[7]
Gate(  511)	tdg q[5]
Gate(  512)	 t q[6]
Gate(  513)	cx q[6], q[5]
Gate(  514)	cx q[7], q[6]
Gate(  515)	cx q[5], q[7]
Gate(  516)	 h q[6]
Gate(  517)	 h q[1]
Gate(  518)	 t q[4]
Gate(  519)	 t q[9]
Gate(  520)	 t q[1]
Gate(  521)	cx q[9], q[4]
Gate(  522)	cx q[1], q[9]
Gate(  523)	cx q[4], q[1]
Gate(  524)	tdg q[9]
Gate(  525)	cx q[4], q[9]
Gate(  526)	tdg q[4]
Gate(  527)	tdg q[9]
Gate(  528)	 t q[1]
Gate(  529)	cx q[1], q[9]
Gate(  530)	cx q[4], q[1]
Gate(  531)	cx q[9], q[4]
Gate(  532)	 h q[1]
Gate(  533)	 h q[9]
Gate(  534)	 t q[10]
Gate(  535)	 t q[7]
Gate(  536)	 t q[9]
Gate(  537)	cx q[7], q[10]
Gate(  538)	cx q[9], q[7]
Gate(  539)	cx q[10], q[9]
Gate(  540)	tdg q[7]
Gate(  541)	cx q[10], q[7]
Gate(  542)	tdg q[10]
Gate(  543)	tdg q[7]
Gate(  544)	 t q[9]
Gate(  545)	cx q[9], q[7]
Gate(  546)	cx q[10], q[9]
Gate(  547)	cx q[7], q[10]
Gate(  548)	 h q[9]
Gate(  549)	 h q[1]
Gate(  550)	 t q[4]
Gate(  551)	 t q[9]
Gate(  552)	 t q[1]
Gate(  553)	cx q[9], q[4]
Gate(  554)	cx q[1], q[9]
Gate(  555)	cx q[4], q[1]
Gate(  556)	tdg q[9]
Gate(  557)	cx q[4], q[9]
Gate(  558)	tdg q[4]
Gate(  559)	tdg q[9]
Gate(  560)	 t q[1]
Gate(  561)	cx q[1], q[9]
Gate(  562)	cx q[4], q[1]
Gate(  563)	cx q[9], q[4]
Gate(  564)	 h q[1]
Gate(  565)	 h q[9]
Gate(  566)	 t q[10]
Gate(  567)	 t q[7]
Gate(  568)	 t q[9]
Gate(  569)	cx q[7], q[10]
Gate(  570)	cx q[9], q[7]
Gate(  571)	cx q[10], q[9]
Gate(  572)	tdg q[7]
Gate(  573)	cx q[10], q[7]
Gate(  574)	tdg q[10]
Gate(  575)	tdg q[7]
Gate(  576)	 t q[9]
Gate(  577)	cx q[9], q[7]
Gate(  578)	cx q[10], q[9]
Gate(  579)	cx q[7], q[10]
Gate(  580)	 h q[9]
Gate(  581)	 h q[2]
Gate(  582)	 t q[4]
Gate(  583)	 t q[9]
Gate(  584)	 t q[2]
Gate(  585)	cx q[9], q[4]
Gate(  586)	cx q[2], q[9]
Gate(  587)	cx q[4], q[2]
Gate(  588)	tdg q[9]
Gate(  589)	cx q[4], q[9]
Gate(  590)	tdg q[4]
Gate(  591)	tdg q[9]
Gate(  592)	 t q[2]
Gate(  593)	cx q[2], q[9]
Gate(  594)	cx q[4], q[2]
Gate(  595)	cx q[9], q[4]
Gate(  596)	 h q[2]
Gate(  597)	 h q[9]
Gate(  598)	 t q[7]
Gate(  599)	 t q[6]
Gate(  600)	 t q[9]
Gate(  601)	cx q[6], q[7]
Gate(  602)	cx q[9], q[6]
Gate(  603)	cx q[7], q[9]
Gate(  604)	tdg q[6]
Gate(  605)	cx q[7], q[6]
Gate(  606)	tdg q[7]
Gate(  607)	tdg q[6]
Gate(  608)	 t q[9]
Gate(  609)	cx q[9], q[6]
Gate(  610)	cx q[7], q[9]
Gate(  611)	cx q[6], q[7]
Gate(  612)	 h q[9]
Gate(  613)	 h q[6]
Gate(  614)	 t q[10]
Gate(  615)	 t q[8]
Gate(  616)	 t q[6]
Gate(  617)	cx q[8], q[10]
Gate(  618)	cx q[6], q[8]
Gate(  619)	cx q[10], q[6]
Gate(  620)	tdg q[8]
Gate(  621)	cx q[10], q[8]
Gate(  622)	tdg q[10]
Gate(  623)	tdg q[8]
Gate(  624)	 t q[6]
Gate(  625)	cx q[6], q[8]
Gate(  626)	cx q[10], q[6]
Gate(  627)	cx q[8], q[10]
Gate(  628)	 h q[6]
Gate(  629)	 h q[9]
Gate(  630)	 t q[7]
Gate(  631)	 t q[6]
Gate(  632)	 t q[9]
Gate(  633)	cx q[6], q[7]
Gate(  634)	cx q[9], q[6]
Gate(  635)	cx q[7], q[9]
Gate(  636)	tdg q[6]
Gate(  637)	cx q[7], q[6]
Gate(  638)	tdg q[7]
Gate(  639)	tdg q[6]
Gate(  640)	 t q[9]
Gate(  641)	cx q[9], q[6]
Gate(  642)	cx q[7], q[9]
Gate(  643)	cx q[6], q[7]
Gate(  644)	 h q[9]
Gate(  645)	 h q[2]
Gate(  646)	 t q[4]
Gate(  647)	 t q[9]
Gate(  648)	 t q[2]
Gate(  649)	cx q[9], q[4]
Gate(  650)	cx q[2], q[9]
Gate(  651)	cx q[4], q[2]
Gate(  652)	tdg q[9]
Gate(  653)	cx q[4], q[9]
Gate(  654)	tdg q[4]
Gate(  655)	tdg q[9]
Gate(  656)	 t q[2]
Gate(  657)	cx q[2], q[9]
Gate(  658)	cx q[4], q[2]
Gate(  659)	cx q[9], q[4]
Gate(  660)	 h q[2]
Gate(  661)	 h q[9]
Gate(  662)	 t q[7]
Gate(  663)	 t q[6]
Gate(  664)	 t q[9]
Gate(  665)	cx q[6], q[7]
Gate(  666)	cx q[9], q[6]
Gate(  667)	cx q[7], q[9]
Gate(  668)	tdg q[6]
Gate(  669)	cx q[7], q[6]
Gate(  670)	tdg q[7]
Gate(  671)	tdg q[6]
Gate(  672)	 t q[9]
Gate(  673)	cx q[9], q[6]
Gate(  674)	cx q[7], q[9]
Gate(  675)	cx q[6], q[7]
Gate(  676)	 h q[9]
Gate(  677)	 h q[6]
Gate(  678)	 t q[10]
Gate(  679)	 t q[8]
Gate(  680)	 t q[6]
Gate(  681)	cx q[8], q[10]
Gate(  682)	cx q[6], q[8]
Gate(  683)	cx q[10], q[6]
Gate(  684)	tdg q[8]
Gate(  685)	cx q[10], q[8]
Gate(  686)	tdg q[10]
Gate(  687)	tdg q[8]
Gate(  688)	 t q[6]
Gate(  689)	cx q[6], q[8]
Gate(  690)	cx q[10], q[6]
Gate(  691)	cx q[8], q[10]
Gate(  692)	 h q[6]
Gate(  693)	 h q[9]
Gate(  694)	 t q[7]
Gate(  695)	 t q[6]
Gate(  696)	 t q[9]
Gate(  697)	cx q[6], q[7]
Gate(  698)	cx q[9], q[6]
Gate(  699)	cx q[7], q[9]
Gate(  700)	tdg q[6]
Gate(  701)	cx q[7], q[6]
Gate(  702)	tdg q[7]
Gate(  703)	tdg q[6]
Gate(  704)	 t q[9]
Gate(  705)	cx q[9], q[6]
Gate(  706)	cx q[7], q[9]
Gate(  707)	cx q[6], q[7]
Gate(  708)	 h q[9]
Gate(  709)	 h q[3]
Gate(  710)	 t q[5]
Gate(  711)	 t q[9]
Gate(  712)	 t q[3]
Gate(  713)	cx q[9], q[5]
Gate(  714)	cx q[3], q[9]
Gate(  715)	cx q[5], q[3]
Gate(  716)	tdg q[9]
Gate(  717)	cx q[5], q[9]
Gate(  718)	tdg q[5]
Gate(  719)	tdg q[9]
Gate(  720)	 t q[3]
Gate(  721)	cx q[3], q[9]
Gate(  722)	cx q[5], q[3]
Gate(  723)	cx q[9], q[5]
Gate(  724)	 h q[3]
Gate(  725)	 h q[9]
Gate(  726)	 t q[10]
Gate(  727)	 t q[7]
Gate(  728)	 t q[9]
Gate(  729)	cx q[7], q[10]
Gate(  730)	cx q[9], q[7]
Gate(  731)	cx q[10], q[9]
Gate(  732)	tdg q[7]
Gate(  733)	cx q[10], q[7]
Gate(  734)	tdg q[10]
Gate(  735)	tdg q[7]
Gate(  736)	 t q[9]
Gate(  737)	cx q[9], q[7]
Gate(  738)	cx q[10], q[9]
Gate(  739)	cx q[7], q[10]
Gate(  740)	 h q[9]
Gate(  741)	 h q[3]
Gate(  742)	 t q[5]
Gate(  743)	 t q[9]
Gate(  744)	 t q[3]
Gate(  745)	cx q[9], q[5]
Gate(  746)	cx q[3], q[9]
Gate(  747)	cx q[5], q[3]
Gate(  748)	tdg q[9]
Gate(  749)	cx q[5], q[9]
Gate(  750)	tdg q[5]
Gate(  751)	tdg q[9]
Gate(  752)	 t q[3]
Gate(  753)	cx q[3], q[9]
Gate(  754)	cx q[5], q[3]
Gate(  755)	cx q[9], q[5]
Gate(  756)	 h q[3]
Gate(  757)	 h q[9]
Gate(  758)	 t q[10]
Gate(  759)	 t q[7]
Gate(  760)	 t q[9]
Gate(  761)	cx q[7], q[10]
Gate(  762)	cx q[9], q[7]
Gate(  763)	cx q[10], q[9]
Gate(  764)	tdg q[7]
Gate(  765)	cx q[10], q[7]
Gate(  766)	tdg q[10]
Gate(  767)	tdg q[7]
Gate(  768)	 t q[9]
Gate(  769)	cx q[9], q[7]
Gate(  770)	cx q[10], q[9]
Gate(  771)	cx q[7], q[10]
Gate(  772)	 h q[9]
Gate(  773)	 h q[2]
Gate(  774)	 t q[5]
Gate(  775)	 t q[9]
Gate(  776)	 t q[2]
Gate(  777)	cx q[9], q[5]
Gate(  778)	cx q[2], q[9]
Gate(  779)	cx q[5], q[2]
Gate(  780)	tdg q[9]
Gate(  781)	cx q[5], q[9]
Gate(  782)	tdg q[5]
Gate(  783)	tdg q[9]
Gate(  784)	 t q[2]
Gate(  785)	cx q[2], q[9]
Gate(  786)	cx q[5], q[2]
Gate(  787)	cx q[9], q[5]
Gate(  788)	 h q[2]
Gate(  789)	 h q[9]
Gate(  790)	 t q[10]
Gate(  791)	 t q[7]
Gate(  792)	 t q[9]
Gate(  793)	cx q[7], q[10]
Gate(  794)	cx q[9], q[7]
Gate(  795)	cx q[10], q[9]
Gate(  796)	tdg q[7]
Gate(  797)	cx q[10], q[7]
Gate(  798)	tdg q[10]
Gate(  799)	tdg q[7]
Gate(  800)	 t q[9]
Gate(  801)	cx q[9], q[7]
Gate(  802)	cx q[10], q[9]
Gate(  803)	cx q[7], q[10]
Gate(  804)	 h q[9]
Gate(  805)	 h q[2]
Gate(  806)	 t q[5]
Gate(  807)	 t q[9]
Gate(  808)	 t q[2]
Gate(  809)	cx q[9], q[5]
Gate(  810)	cx q[2], q[9]
Gate(  811)	cx q[5], q[2]
Gate(  812)	tdg q[9]
Gate(  813)	cx q[5], q[9]
Gate(  814)	tdg q[5]
Gate(  815)	tdg q[9]
Gate(  816)	 t q[2]
Gate(  817)	cx q[2], q[9]
Gate(  818)	cx q[5], q[2]
Gate(  819)	cx q[9], q[5]
Gate(  820)	 h q[2]
Gate(  821)	 h q[9]
Gate(  822)	 t q[10]
Gate(  823)	 t q[7]
Gate(  824)	 t q[9]
Gate(  825)	cx q[7], q[10]
Gate(  826)	cx q[9], q[7]
Gate(  827)	cx q[10], q[9]
Gate(  828)	tdg q[7]
Gate(  829)	cx q[10], q[7]
Gate(  830)	tdg q[10]
Gate(  831)	tdg q[7]
Gate(  832)	 t q[9]
Gate(  833)	cx q[9], q[7]
Gate(  834)	cx q[10], q[9]
Gate(  835)	cx q[7], q[10]
Gate(  836)	 h q[9]
Gate(  837)	 h q[3]
Gate(  838)	 t q[4]
Gate(  839)	 t q[9]
Gate(  840)	 t q[3]
Gate(  841)	cx q[9], q[4]
Gate(  842)	cx q[3], q[9]
Gate(  843)	cx q[4], q[3]
Gate(  844)	tdg q[9]
Gate(  845)	cx q[4], q[9]
Gate(  846)	tdg q[4]
Gate(  847)	tdg q[9]
Gate(  848)	 t q[3]
Gate(  849)	cx q[3], q[9]
Gate(  850)	cx q[4], q[3]
Gate(  851)	cx q[9], q[4]
Gate(  852)	 h q[3]
Gate(  853)	 h q[9]
Gate(  854)	 t q[6]
Gate(  855)	 t q[5]
Gate(  856)	 t q[9]
Gate(  857)	cx q[5], q[6]
Gate(  858)	cx q[9], q[5]
Gate(  859)	cx q[6], q[9]
Gate(  860)	tdg q[5]
Gate(  861)	cx q[6], q[5]
Gate(  862)	tdg q[6]
Gate(  863)	tdg q[5]
Gate(  864)	 t q[9]
Gate(  865)	cx q[9], q[5]
Gate(  866)	cx q[6], q[9]
Gate(  867)	cx q[5], q[6]
Gate(  868)	 h q[9]
Gate(  869)	 h q[5]
Gate(  870)	 t q[7]
Gate(  871)	 t q[2]
Gate(  872)	 t q[5]
Gate(  873)	cx q[2], q[7]
Gate(  874)	cx q[5], q[2]
Gate(  875)	cx q[7], q[5]
Gate(  876)	tdg q[2]
Gate(  877)	cx q[7], q[2]
Gate(  878)	tdg q[7]
Gate(  879)	tdg q[2]
Gate(  880)	 t q[5]
Gate(  881)	cx q[5], q[2]
Gate(  882)	cx q[7], q[5]
Gate(  883)	cx q[2], q[7]
Gate(  884)	 h q[5]
Gate(  885)	 h q[2]
Gate(  886)	 t q[10]
Gate(  887)	 t q[8]
Gate(  888)	 t q[2]
Gate(  889)	cx q[8], q[10]
Gate(  890)	cx q[2], q[8]
Gate(  891)	cx q[10], q[2]
Gate(  892)	tdg q[8]
Gate(  893)	cx q[10], q[8]
Gate(  894)	tdg q[10]
Gate(  895)	tdg q[8]
Gate(  896)	 t q[2]
Gate(  897)	cx q[2], q[8]
Gate(  898)	cx q[10], q[2]
Gate(  899)	cx q[8], q[10]
Gate(  900)	 h q[2]
Gate(  901)	 h q[5]
Gate(  902)	 t q[7]
Gate(  903)	 t q[2]
Gate(  904)	 t q[5]
Gate(  905)	cx q[2], q[7]
Gate(  906)	cx q[5], q[2]
Gate(  907)	cx q[7], q[5]
Gate(  908)	tdg q[2]
Gate(  909)	cx q[7], q[2]
Gate(  910)	tdg q[7]
Gate(  911)	tdg q[2]
Gate(  912)	 t q[5]
Gate(  913)	cx q[5], q[2]
Gate(  914)	cx q[7], q[5]
Gate(  915)	cx q[2], q[7]
Gate(  916)	 h q[5]
Gate(  917)	 h q[9]
Gate(  918)	 t q[6]
Gate(  919)	 t q[5]
Gate(  920)	 t q[9]
Gate(  921)	cx q[5], q[6]
Gate(  922)	cx q[9], q[5]
Gate(  923)	cx q[6], q[9]
Gate(  924)	tdg q[5]
Gate(  925)	cx q[6], q[5]
Gate(  926)	tdg q[6]
Gate(  927)	tdg q[5]
Gate(  928)	 t q[9]
Gate(  929)	cx q[9], q[5]
Gate(  930)	cx q[6], q[9]
Gate(  931)	cx q[5], q[6]
Gate(  932)	 h q[9]
Gate(  933)	 h q[3]
Gate(  934)	 t q[4]
Gate(  935)	 t q[9]
Gate(  936)	 t q[3]
Gate(  937)	cx q[9], q[4]
Gate(  938)	cx q[3], q[9]
Gate(  939)	cx q[4], q[3]
Gate(  940)	tdg q[9]
Gate(  941)	cx q[4], q[9]
Gate(  942)	tdg q[4]
Gate(  943)	tdg q[9]
Gate(  944)	 t q[3]
Gate(  945)	cx q[3], q[9]
Gate(  946)	cx q[4], q[3]
Gate(  947)	cx q[9], q[4]
Gate(  948)	 h q[3]
Gate(  949)	 h q[9]
Gate(  950)	 t q[6]
Gate(  951)	 t q[5]
Gate(  952)	 t q[9]
Gate(  953)	cx q[5], q[6]
Gate(  954)	cx q[9], q[5]
Gate(  955)	cx q[6], q[9]
Gate(  956)	tdg q[5]
Gate(  957)	cx q[6], q[5]
Gate(  958)	tdg q[6]
Gate(  959)	tdg q[5]
Gate(  960)	 t q[9]
Gate(  961)	cx q[9], q[5]
Gate(  962)	cx q[6], q[9]
Gate(  963)	cx q[5], q[6]
Gate(  964)	 h q[9]
Gate(  965)	 h q[5]
Gate(  966)	 t q[7]
Gate(  967)	 t q[2]
Gate(  968)	 t q[5]
Gate(  969)	cx q[2], q[7]
Gate(  970)	cx q[5], q[2]
Gate(  971)	cx q[7], q[5]
Gate(  972)	tdg q[2]
Gate(  973)	cx q[7], q[2]
Gate(  974)	tdg q[7]
Gate(  975)	tdg q[2]
Gate(  976)	 t q[5]
Gate(  977)	cx q[5], q[2]
Gate(  978)	cx q[7], q[5]
Gate(  979)	cx q[2], q[7]
Gate(  980)	 h q[5]
Gate(  981)	 h q[2]
Gate(  982)	 t q[10]
Gate(  983)	 t q[8]
Gate(  984)	 t q[2]
Gate(  985)	cx q[8], q[10]
Gate(  986)	cx q[2], q[8]
Gate(  987)	cx q[10], q[2]
Gate(  988)	tdg q[8]
Gate(  989)	cx q[10], q[8]
Gate(  990)	tdg q[10]
Gate(  991)	tdg q[8]
Gate(  992)	 t q[2]
Gate(  993)	cx q[2], q[8]
Gate(  994)	cx q[10], q[2]
Gate(  995)	cx q[8], q[10]
Gate(  996)	 h q[2]
Gate(  997)	 h q[5]
Gate(  998)	 t q[7]
Gate(  999)	 t q[2]
Gate( 1000)	 t q[5]
Gate( 1001)	cx q[2], q[7]
Gate( 1002)	cx q[5], q[2]
Gate( 1003)	cx q[7], q[5]
Gate( 1004)	tdg q[2]
Gate( 1005)	cx q[7], q[2]
Gate( 1006)	tdg q[7]
Gate( 1007)	tdg q[2]
Gate( 1008)	 t q[5]
Gate( 1009)	cx q[5], q[2]
Gate( 1010)	cx q[7], q[5]
Gate( 1011)	cx q[2], q[7]
Gate( 1012)	 h q[5]
Gate( 1013)	 h q[9]
Gate( 1014)	 t q[6]
Gate( 1015)	 t q[5]
Gate( 1016)	 t q[9]
Gate( 1017)	cx q[5], q[6]
Gate( 1018)	cx q[9], q[5]
Gate( 1019)	cx q[6], q[9]
Gate( 1020)	tdg q[5]
Gate( 1021)	cx q[6], q[5]
Gate( 1022)	tdg q[6]
Gate( 1023)	tdg q[5]
Gate( 1024)	 t q[9]
Gate( 1025)	cx q[9], q[5]
Gate( 1026)	cx q[6], q[9]
Gate( 1027)	cx q[5], q[6]
Gate( 1028)	 h q[9]
Gate( 1029)	 h q[2]
Gate( 1030)	 t q[8]
Gate( 1031)	 t q[7]
Gate( 1032)	 t q[2]
Gate( 1033)	cx q[7], q[8]
Gate( 1034)	cx q[2], q[7]
Gate( 1035)	cx q[8], q[2]
Gate( 1036)	tdg q[7]
Gate( 1037)	cx q[8], q[7]
Gate( 1038)	tdg q[8]
Gate( 1039)	tdg q[7]
Gate( 1040)	 t q[2]
Gate( 1041)	cx q[2], q[7]
Gate( 1042)	cx q[8], q[2]
Gate( 1043)	cx q[7], q[8]
Gate( 1044)	 h q[2]
Gate( 1045)	 h q[3]
Gate( 1046)	 t q[5]
Gate( 1047)	 t q[10]
Gate( 1048)	 t q[3]
Gate( 1049)	cx q[10], q[5]
Gate( 1050)	cx q[3], q[10]
Gate( 1051)	cx q[5], q[3]
Gate( 1052)	tdg q[10]
Gate( 1053)	cx q[5], q[10]
Gate( 1054)	tdg q[5]
Gate( 1055)	tdg q[10]
Gate( 1056)	 t q[3]
Gate( 1057)	cx q[3], q[10]
Gate( 1058)	cx q[5], q[3]
Gate( 1059)	cx q[10], q[5]
Gate( 1060)	 h q[3]
Gate( 1061)	 h q[10]
Gate( 1062)	 t q[6]
Gate( 1063)	 t q[9]
Gate( 1064)	 t q[10]
Gate( 1065)	cx q[9], q[6]
Gate( 1066)	cx q[10], q[9]
Gate( 1067)	cx q[6], q[10]
Gate( 1068)	tdg q[9]
Gate( 1069)	cx q[6], q[9]
Gate( 1070)	tdg q[6]
Gate( 1071)	tdg q[9]
Gate( 1072)	 t q[10]
Gate( 1073)	cx q[10], q[9]
Gate( 1074)	cx q[6], q[10]
Gate( 1075)	cx q[9], q[6]
Gate( 1076)	 h q[10]
Gate( 1077)	 h q[9]
Gate( 1078)	 t q[8]
Gate( 1079)	 t q[7]
Gate( 1080)	 t q[9]
Gate( 1081)	cx q[7], q[8]
Gate( 1082)	cx q[9], q[7]
Gate( 1083)	cx q[8], q[9]
Gate( 1084)	tdg q[7]
Gate( 1085)	cx q[8], q[7]
Gate( 1086)	tdg q[8]
Gate( 1087)	tdg q[7]
Gate( 1088)	 t q[9]
Gate( 1089)	cx q[9], q[7]
Gate( 1090)	cx q[8], q[9]
Gate( 1091)	cx q[7], q[8]
Gate( 1092)	 h q[9]
Gate( 1093)	 h q[10]
Gate( 1094)	 t q[6]
Gate( 1095)	 t q[9]
Gate( 1096)	 t q[10]
Gate( 1097)	cx q[9], q[6]
Gate( 1098)	cx q[10], q[9]
Gate( 1099)	cx q[6], q[10]
Gate( 1100)	tdg q[9]
Gate( 1101)	cx q[6], q[9]
Gate( 1102)	tdg q[6]
Gate( 1103)	tdg q[9]
Gate( 1104)	 t q[10]
Gate( 1105)	cx q[10], q[9]
Gate( 1106)	cx q[6], q[10]
Gate( 1107)	cx q[9], q[6]
Gate( 1108)	 h q[10]
Gate( 1109)	 h q[3]
Gate( 1110)	 t q[5]
Gate( 1111)	 t q[10]
Gate( 1112)	 t q[3]
Gate( 1113)	cx q[10], q[5]
Gate( 1114)	cx q[3], q[10]
Gate( 1115)	cx q[5], q[3]
Gate( 1116)	tdg q[10]
Gate( 1117)	cx q[5], q[10]
Gate( 1118)	tdg q[5]
Gate( 1119)	tdg q[10]
Gate( 1120)	 t q[3]
Gate( 1121)	cx q[3], q[10]
Gate( 1122)	cx q[5], q[3]
Gate( 1123)	cx q[10], q[5]
Gate( 1124)	 h q[3]
Gate( 1125)	 h q[10]
Gate( 1126)	 t q[6]
Gate( 1127)	 t q[9]
Gate( 1128)	 t q[10]
Gate( 1129)	cx q[9], q[6]
Gate( 1130)	cx q[10], q[9]
Gate( 1131)	cx q[6], q[10]
Gate( 1132)	tdg q[9]
Gate( 1133)	cx q[6], q[9]
Gate( 1134)	tdg q[6]
Gate( 1135)	tdg q[9]
Gate( 1136)	 t q[10]
Gate( 1137)	cx q[10], q[9]
Gate( 1138)	cx q[6], q[10]
Gate( 1139)	cx q[9], q[6]
Gate( 1140)	 h q[10]
Gate( 1141)	 h q[9]
Gate( 1142)	 t q[8]
Gate( 1143)	 t q[7]
Gate( 1144)	 t q[9]
Gate( 1145)	cx q[7], q[8]
Gate( 1146)	cx q[9], q[7]
Gate( 1147)	cx q[8], q[9]
Gate( 1148)	tdg q[7]
Gate( 1149)	cx q[8], q[7]
Gate( 1150)	tdg q[8]
Gate( 1151)	tdg q[7]
Gate( 1152)	 t q[9]
Gate( 1153)	cx q[9], q[7]
Gate( 1154)	cx q[8], q[9]
Gate( 1155)	cx q[7], q[8]
Gate( 1156)	 h q[9]
Gate( 1157)	 h q[10]
Gate( 1158)	 t q[6]
Gate( 1159)	 t q[9]
Gate( 1160)	 t q[10]
Gate( 1161)	cx q[9], q[6]
Gate( 1162)	cx q[10], q[9]
Gate( 1163)	cx q[6], q[10]
Gate( 1164)	tdg q[9]
Gate( 1165)	cx q[6], q[9]
Gate( 1166)	tdg q[6]
Gate( 1167)	tdg q[9]
Gate( 1168)	 t q[10]
Gate( 1169)	cx q[10], q[9]
Gate( 1170)	cx q[6], q[10]
Gate( 1171)	cx q[9], q[6]
Gate( 1172)	 h q[10]
Gate( 1173)	 x q[6]
Gate( 1174)	 h q[3]
Gate( 1175)	 t q[9]
Gate( 1176)	 t q[6]
Gate( 1177)	 t q[3]
Gate( 1178)	cx q[6], q[9]
Gate( 1179)	cx q[3], q[6]
Gate( 1180)	cx q[9], q[3]
Gate( 1181)	tdg q[6]
Gate( 1182)	cx q[9], q[6]
Gate( 1183)	tdg q[9]
Gate( 1184)	tdg q[6]
Gate( 1185)	 t q[3]
Gate( 1186)	cx q[3], q[6]
Gate( 1187)	cx q[9], q[3]
Gate( 1188)	cx q[6], q[9]
Gate( 1189)	 h q[3]
Gate( 1190)	 h q[3]
Gate( 1191)	 t q[4]
Gate( 1192)	 t q[9]
Gate( 1193)	 t q[3]
Gate( 1194)	cx q[9], q[4]
Gate( 1195)	cx q[3], q[9]
Gate( 1196)	cx q[4], q[3]
Gate( 1197)	tdg q[9]
Gate( 1198)	cx q[4], q[9]
Gate( 1199)	tdg q[4]
Gate( 1200)	tdg q[9]
Gate( 1201)	 t q[3]
Gate( 1202)	cx q[3], q[9]
Gate( 1203)	cx q[4], q[3]
Gate( 1204)	cx q[9], q[4]
Gate( 1205)	 h q[3]
Gate( 1206)	 h q[9]
Gate( 1207)	 t q[5]
Gate( 1208)	 t q[8]
Gate( 1209)	 t q[9]
Gate( 1210)	cx q[8], q[5]
Gate( 1211)	cx q[9], q[8]
Gate( 1212)	cx q[5], q[9]
Gate( 1213)	tdg q[8]
Gate( 1214)	cx q[5], q[8]
Gate( 1215)	tdg q[5]
Gate( 1216)	tdg q[8]
Gate( 1217)	 t q[9]
Gate( 1218)	cx q[9], q[8]
Gate( 1219)	cx q[5], q[9]
Gate( 1220)	cx q[8], q[5]
Gate( 1221)	 h q[9]
Gate( 1222)	 h q[8]
Gate( 1223)	 t q[6]
Gate( 1224)	 t q[2]
Gate( 1225)	 t q[8]
Gate( 1226)	cx q[2], q[6]
Gate( 1227)	cx q[8], q[2]
Gate( 1228)	cx q[6], q[8]
Gate( 1229)	tdg q[2]
Gate( 1230)	cx q[6], q[2]
Gate( 1231)	tdg q[6]
Gate( 1232)	tdg q[2]
Gate( 1233)	 t q[8]
Gate( 1234)	cx q[8], q[2]
Gate( 1235)	cx q[6], q[8]
Gate( 1236)	cx q[2], q[6]
Gate( 1237)	 h q[8]
Gate( 1238)	 h q[2]
Gate( 1239)	 t q[10]
Gate( 1240)	 t q[7]
Gate( 1241)	 t q[2]
Gate( 1242)	cx q[7], q[10]
Gate( 1243)	cx q[2], q[7]
Gate( 1244)	cx q[10], q[2]
Gate( 1245)	tdg q[7]
Gate( 1246)	cx q[10], q[7]
Gate( 1247)	tdg q[10]
Gate( 1248)	tdg q[7]
Gate( 1249)	 t q[2]
Gate( 1250)	cx q[2], q[7]
Gate( 1251)	cx q[10], q[2]
Gate( 1252)	cx q[7], q[10]
Gate( 1253)	 h q[2]
Gate( 1254)	 h q[8]
Gate( 1255)	 t q[6]
Gate( 1256)	 t q[2]
Gate( 1257)	 t q[8]
Gate( 1258)	cx q[2], q[6]
Gate( 1259)	cx q[8], q[2]
Gate( 1260)	cx q[6], q[8]
Gate( 1261)	tdg q[2]
Gate( 1262)	cx q[6], q[2]
Gate( 1263)	tdg q[6]
Gate( 1264)	tdg q[2]
Gate( 1265)	 t q[8]
Gate( 1266)	cx q[8], q[2]
Gate( 1267)	cx q[6], q[8]
Gate( 1268)	cx q[2], q[6]
Gate( 1269)	 h q[8]
Gate( 1270)	 h q[9]
Gate( 1271)	 t q[5]
Gate( 1272)	 t q[8]
Gate( 1273)	 t q[9]
Gate( 1274)	cx q[8], q[5]
Gate( 1275)	cx q[9], q[8]
Gate( 1276)	cx q[5], q[9]
Gate( 1277)	tdg q[8]
Gate( 1278)	cx q[5], q[8]
Gate( 1279)	tdg q[5]
Gate( 1280)	tdg q[8]
Gate( 1281)	 t q[9]
Gate( 1282)	cx q[9], q[8]
Gate( 1283)	cx q[5], q[9]
Gate( 1284)	cx q[8], q[5]
Gate( 1285)	 h q[9]
Gate( 1286)	 h q[3]
Gate( 1287)	 t q[4]
Gate( 1288)	 t q[9]
Gate( 1289)	 t q[3]
Gate( 1290)	cx q[9], q[4]
Gate( 1291)	cx q[3], q[9]
Gate( 1292)	cx q[4], q[3]
Gate( 1293)	tdg q[9]
Gate( 1294)	cx q[4], q[9]
Gate( 1295)	tdg q[4]
Gate( 1296)	tdg q[9]
Gate( 1297)	 t q[3]
Gate( 1298)	cx q[3], q[9]
Gate( 1299)	cx q[4], q[3]
Gate( 1300)	cx q[9], q[4]
Gate( 1301)	 h q[3]
Gate( 1302)	 h q[9]
Gate( 1303)	 t q[5]
Gate( 1304)	 t q[8]
Gate( 1305)	 t q[9]
Gate( 1306)	cx q[8], q[5]
Gate( 1307)	cx q[9], q[8]
Gate( 1308)	cx q[5], q[9]
Gate( 1309)	tdg q[8]
Gate( 1310)	cx q[5], q[8]
Gate( 1311)	tdg q[5]
Gate( 1312)	tdg q[8]
Gate( 1313)	 t q[9]
Gate( 1314)	cx q[9], q[8]
Gate( 1315)	cx q[5], q[9]
Gate( 1316)	cx q[8], q[5]
Gate( 1317)	 h q[9]
Gate( 1318)	 h q[8]
Gate( 1319)	 t q[6]
Gate( 1320)	 t q[2]
Gate( 1321)	 t q[8]
Gate( 1322)	cx q[2], q[6]
Gate( 1323)	cx q[8], q[2]
Gate( 1324)	cx q[6], q[8]
Gate( 1325)	tdg q[2]
Gate( 1326)	cx q[6], q[2]
Gate( 1327)	tdg q[6]
Gate( 1328)	tdg q[2]
Gate( 1329)	 t q[8]
Gate( 1330)	cx q[8], q[2]
Gate( 1331)	cx q[6], q[8]
Gate( 1332)	cx q[2], q[6]
Gate( 1333)	 h q[8]
Gate( 1334)	 h q[2]
Gate( 1335)	 t q[10]
Gate( 1336)	 t q[7]
Gate( 1337)	 t q[2]
Gate( 1338)	cx q[7], q[10]
Gate( 1339)	cx q[2], q[7]
Gate( 1340)	cx q[10], q[2]
Gate( 1341)	tdg q[7]
Gate( 1342)	cx q[10], q[7]
Gate( 1343)	tdg q[10]
Gate( 1344)	tdg q[7]
Gate( 1345)	 t q[2]
Gate( 1346)	cx q[2], q[7]
Gate( 1347)	cx q[10], q[2]
Gate( 1348)	cx q[7], q[10]
Gate( 1349)	 h q[2]
Gate( 1350)	 h q[8]
Gate( 1351)	 t q[6]
Gate( 1352)	 t q[2]
Gate( 1353)	 t q[8]
Gate( 1354)	cx q[2], q[6]
Gate( 1355)	cx q[8], q[2]
Gate( 1356)	cx q[6], q[8]
Gate( 1357)	tdg q[2]
Gate( 1358)	cx q[6], q[2]
Gate( 1359)	tdg q[6]
Gate( 1360)	tdg q[2]
Gate( 1361)	 t q[8]
Gate( 1362)	cx q[8], q[2]
Gate( 1363)	cx q[6], q[8]
Gate( 1364)	cx q[2], q[6]
Gate( 1365)	 h q[8]
Gate( 1366)	 h q[9]
Gate( 1367)	 t q[5]
Gate( 1368)	 t q[8]
Gate( 1369)	 t q[9]
Gate( 1370)	cx q[8], q[5]
Gate( 1371)	cx q[9], q[8]
Gate( 1372)	cx q[5], q[9]
Gate( 1373)	tdg q[8]
Gate( 1374)	cx q[5], q[8]
Gate( 1375)	tdg q[5]
Gate( 1376)	tdg q[8]
Gate( 1377)	 t q[9]
Gate( 1378)	cx q[9], q[8]
Gate( 1379)	cx q[5], q[9]
Gate( 1380)	cx q[8], q[5]
Gate( 1381)	 h q[9]
Gate( 1382)	 x q[7]
Gate( 1383)	 h q[3]
Gate( 1384)	 t q[7]
Gate( 1385)	 t q[6]
Gate( 1386)	 t q[3]
Gate( 1387)	cx q[6], q[7]
Gate( 1388)	cx q[3], q[6]
Gate( 1389)	cx q[7], q[3]
Gate( 1390)	tdg q[6]
Gate( 1391)	cx q[7], q[6]
Gate( 1392)	tdg q[7]
Gate( 1393)	tdg q[6]
Gate( 1394)	 t q[3]
Gate( 1395)	cx q[3], q[6]
Gate( 1396)	cx q[7], q[3]
Gate( 1397)	cx q[6], q[7]
Gate( 1398)	 h q[3]
Gate( 1399)	 x q[4]
Gate( 1400)	 h q[3]
Gate( 1401)	 t q[4]
Gate( 1402)	 t q[9]
Gate( 1403)	 t q[3]
Gate( 1404)	cx q[9], q[4]
Gate( 1405)	cx q[3], q[9]
Gate( 1406)	cx q[4], q[3]
Gate( 1407)	tdg q[9]
Gate( 1408)	cx q[4], q[9]
Gate( 1409)	tdg q[4]
Gate( 1410)	tdg q[9]
Gate( 1411)	 t q[3]
Gate( 1412)	cx q[3], q[9]
Gate( 1413)	cx q[4], q[3]
Gate( 1414)	cx q[9], q[4]
Gate( 1415)	 h q[3]
Gate( 1416)	 h q[9]
Gate( 1417)	 t q[10]
Gate( 1418)	 t q[5]
Gate( 1419)	 t q[9]
Gate( 1420)	cx q[5], q[10]
Gate( 1421)	cx q[9], q[5]
Gate( 1422)	cx q[10], q[9]
Gate( 1423)	tdg q[5]
Gate( 1424)	cx q[10], q[5]
Gate( 1425)	tdg q[10]
Gate( 1426)	tdg q[5]
Gate( 1427)	 t q[9]
Gate( 1428)	cx q[9], q[5]
Gate( 1429)	cx q[10], q[9]
Gate( 1430)	cx q[5], q[10]
Gate( 1431)	 h q[9]
Gate( 1432)	 h q[3]
Gate( 1433)	 t q[4]
Gate( 1434)	 t q[9]
Gate( 1435)	 t q[3]
Gate( 1436)	cx q[9], q[4]
Gate( 1437)	cx q[3], q[9]
Gate( 1438)	cx q[4], q[3]
Gate( 1439)	tdg q[9]
Gate( 1440)	cx q[4], q[9]
Gate( 1441)	tdg q[4]
Gate( 1442)	tdg q[9]
Gate( 1443)	 t q[3]
Gate( 1444)	cx q[3], q[9]
Gate( 1445)	cx q[4], q[3]
Gate( 1446)	cx q[9], q[4]
Gate( 1447)	 h q[3]
Gate( 1448)	 h q[9]
Gate( 1449)	 t q[10]
Gate( 1450)	 t q[5]
Gate( 1451)	 t q[9]
Gate( 1452)	cx q[5], q[10]
Gate( 1453)	cx q[9], q[5]
Gate( 1454)	cx q[10], q[9]
Gate( 1455)	tdg q[5]
Gate( 1456)	cx q[10], q[5]
Gate( 1457)	tdg q[10]
Gate( 1458)	tdg q[5]
Gate( 1459)	 t q[9]
Gate( 1460)	cx q[9], q[5]
Gate( 1461)	cx q[10], q[9]
Gate( 1462)	cx q[5], q[10]
Gate( 1463)	 h q[9]
Gate( 1464)	 h q[2]
Gate( 1465)	 t q[4]
Gate( 1466)	 t q[9]
Gate( 1467)	 t q[2]
Gate( 1468)	cx q[9], q[4]
Gate( 1469)	cx q[2], q[9]
Gate( 1470)	cx q[4], q[2]
Gate( 1471)	tdg q[9]
Gate( 1472)	cx q[4], q[9]
Gate( 1473)	tdg q[4]
Gate( 1474)	tdg q[9]
Gate( 1475)	 t q[2]
Gate( 1476)	cx q[2], q[9]
Gate( 1477)	cx q[4], q[2]
Gate( 1478)	cx q[9], q[4]
Gate( 1479)	 h q[2]
Gate( 1480)	 h q[9]
Gate( 1481)	 t q[10]
Gate( 1482)	 t q[5]
Gate( 1483)	 t q[9]
Gate( 1484)	cx q[5], q[10]
Gate( 1485)	cx q[9], q[5]
Gate( 1486)	cx q[10], q[9]
Gate( 1487)	tdg q[5]
Gate( 1488)	cx q[10], q[5]
Gate( 1489)	tdg q[10]
Gate( 1490)	tdg q[5]
Gate( 1491)	 t q[9]
Gate( 1492)	cx q[9], q[5]
Gate( 1493)	cx q[10], q[9]
Gate( 1494)	cx q[5], q[10]
Gate( 1495)	 h q[9]
Gate( 1496)	 h q[2]
Gate( 1497)	 t q[4]
Gate( 1498)	 t q[9]
Gate( 1499)	 t q[2]
Gate( 1500)	cx q[9], q[4]
Gate( 1501)	cx q[2], q[9]
Gate( 1502)	cx q[4], q[2]
Gate( 1503)	tdg q[9]
Gate( 1504)	cx q[4], q[9]
Gate( 1505)	tdg q[4]
Gate( 1506)	tdg q[9]
Gate( 1507)	 t q[2]
Gate( 1508)	cx q[2], q[9]
Gate( 1509)	cx q[4], q[2]
Gate( 1510)	cx q[9], q[4]
Gate( 1511)	 h q[2]
Gate( 1512)	 h q[9]
Gate( 1513)	 t q[10]
Gate( 1514)	 t q[5]
Gate( 1515)	 t q[9]
Gate( 1516)	cx q[5], q[10]
Gate( 1517)	cx q[9], q[5]
Gate( 1518)	cx q[10], q[9]
Gate( 1519)	tdg q[5]
Gate( 1520)	cx q[10], q[5]
Gate( 1521)	tdg q[10]
Gate( 1522)	tdg q[5]
Gate( 1523)	 t q[9]
Gate( 1524)	cx q[9], q[5]
Gate( 1525)	cx q[10], q[9]
Gate( 1526)	cx q[5], q[10]
Gate( 1527)	 h q[9]
Gate( 1528)	 x q[10]
Gate( 1529)	 h q[3]
Gate( 1530)	 t q[4]
Gate( 1531)	 t q[8]
Gate( 1532)	 t q[3]
Gate( 1533)	cx q[8], q[4]
Gate( 1534)	cx q[3], q[8]
Gate( 1535)	cx q[4], q[3]
Gate( 1536)	tdg q[8]
Gate( 1537)	cx q[4], q[8]
Gate( 1538)	tdg q[4]
Gate( 1539)	tdg q[8]
Gate( 1540)	 t q[3]
Gate( 1541)	cx q[3], q[8]
Gate( 1542)	cx q[4], q[3]
Gate( 1543)	cx q[8], q[4]
Gate( 1544)	 h q[3]
Gate( 1545)	 h q[8]
Gate( 1546)	 t q[5]
Gate( 1547)	 t q[6]
Gate( 1548)	 t q[8]
Gate( 1549)	cx q[6], q[5]
Gate( 1550)	cx q[8], q[6]
Gate( 1551)	cx q[5], q[8]
Gate( 1552)	tdg q[6]
Gate( 1553)	cx q[5], q[6]
Gate( 1554)	tdg q[5]
Gate( 1555)	tdg q[6]
Gate( 1556)	 t q[8]
Gate( 1557)	cx q[8], q[6]
Gate( 1558)	cx q[5], q[8]
Gate( 1559)	cx q[6], q[5]
Gate( 1560)	 h q[8]
Gate( 1561)	 h q[6]
Gate( 1562)	 t q[7]
Gate( 1563)	 t q[2]
Gate( 1564)	 t q[6]
Gate( 1565)	cx q[2], q[7]
Gate( 1566)	cx q[6], q[2]
Gate( 1567)	cx q[7], q[6]
Gate( 1568)	tdg q[2]
Gate( 1569)	cx q[7], q[2]
Gate( 1570)	tdg q[7]
Gate( 1571)	tdg q[2]
Gate( 1572)	 t q[6]
Gate( 1573)	cx q[6], q[2]
Gate( 1574)	cx q[7], q[6]
Gate( 1575)	cx q[2], q[7]
Gate( 1576)	 h q[6]
Gate( 1577)	 h q[2]
Gate( 1578)	 t q[10]
Gate( 1579)	 t q[9]
Gate( 1580)	 t q[2]
Gate( 1581)	cx q[9], q[10]
Gate( 1582)	cx q[2], q[9]
Gate( 1583)	cx q[10], q[2]
Gate( 1584)	tdg q[9]
Gate( 1585)	cx q[10], q[9]
Gate( 1586)	tdg q[10]
Gate( 1587)	tdg q[9]
Gate( 1588)	 t q[2]
Gate( 1589)	cx q[2], q[9]
Gate( 1590)	cx q[10], q[2]
Gate( 1591)	cx q[9], q[10]
Gate( 1592)	 h q[2]
Gate( 1593)	 h q[6]
Gate( 1594)	 t q[7]
Gate( 1595)	 t q[2]
Gate( 1596)	 t q[6]
Gate( 1597)	cx q[2], q[7]
Gate( 1598)	cx q[6], q[2]
Gate( 1599)	cx q[7], q[6]
Gate( 1600)	tdg q[2]
Gate( 1601)	cx q[7], q[2]
Gate( 1602)	tdg q[7]
Gate( 1603)	tdg q[2]
Gate( 1604)	 t q[6]
Gate( 1605)	cx q[6], q[2]
Gate( 1606)	cx q[7], q[6]
Gate( 1607)	cx q[2], q[7]
Gate( 1608)	 h q[6]
Gate( 1609)	 h q[8]
Gate( 1610)	 t q[5]
Gate( 1611)	 t q[6]
Gate( 1612)	 t q[8]
Gate( 1613)	cx q[6], q[5]
Gate( 1614)	cx q[8], q[6]
Gate( 1615)	cx q[5], q[8]
Gate( 1616)	tdg q[6]
Gate( 1617)	cx q[5], q[6]
Gate( 1618)	tdg q[5]
Gate( 1619)	tdg q[6]
Gate( 1620)	 t q[8]
Gate( 1621)	cx q[8], q[6]
Gate( 1622)	cx q[5], q[8]
Gate( 1623)	cx q[6], q[5]
Gate( 1624)	 h q[8]
Gate( 1625)	 h q[3]
Gate( 1626)	 t q[4]
Gate( 1627)	 t q[8]
Gate( 1628)	 t q[3]
Gate( 1629)	cx q[8], q[4]
Gate( 1630)	cx q[3], q[8]
Gate( 1631)	cx q[4], q[3]
Gate( 1632)	tdg q[8]
Gate( 1633)	cx q[4], q[8]
Gate( 1634)	tdg q[4]
Gate( 1635)	tdg q[8]
Gate( 1636)	 t q[3]
Gate( 1637)	cx q[3], q[8]
Gate( 1638)	cx q[4], q[3]
Gate( 1639)	cx q[8], q[4]
Gate( 1640)	 h q[3]
Gate( 1641)	 h q[8]
Gate( 1642)	 t q[5]
Gate( 1643)	 t q[6]
Gate( 1644)	 t q[8]
Gate( 1645)	cx q[6], q[5]
Gate( 1646)	cx q[8], q[6]
Gate( 1647)	cx q[5], q[8]
Gate( 1648)	tdg q[6]
Gate( 1649)	cx q[5], q[6]
Gate( 1650)	tdg q[5]
Gate( 1651)	tdg q[6]
Gate( 1652)	 t q[8]
Gate( 1653)	cx q[8], q[6]
Gate( 1654)	cx q[5], q[8]
Gate( 1655)	cx q[6], q[5]
Gate( 1656)	 h q[8]
Gate( 1657)	 h q[6]
Gate( 1658)	 t q[7]
Gate( 1659)	 t q[2]
Gate( 1660)	 t q[6]
Gate( 1661)	cx q[2], q[7]
Gate( 1662)	cx q[6], q[2]
Gate( 1663)	cx q[7], q[6]
Gate( 1664)	tdg q[2]
Gate( 1665)	cx q[7], q[2]
Gate( 1666)	tdg q[7]
Gate( 1667)	tdg q[2]
Gate( 1668)	 t q[6]
Gate( 1669)	cx q[6], q[2]
Gate( 1670)	cx q[7], q[6]
Gate( 1671)	cx q[2], q[7]
Gate( 1672)	 h q[6]
Gate( 1673)	 h q[2]
Gate( 1674)	 t q[10]
Gate( 1675)	 t q[9]
Gate( 1676)	 t q[2]
Gate( 1677)	cx q[9], q[10]
Gate( 1678)	cx q[2], q[9]
Gate( 1679)	cx q[10], q[2]
Gate( 1680)	tdg q[9]
Gate( 1681)	cx q[10], q[9]
Gate( 1682)	tdg q[10]
Gate( 1683)	tdg q[9]
Gate( 1684)	 t q[2]
Gate( 1685)	cx q[2], q[9]
Gate( 1686)	cx q[10], q[2]
Gate( 1687)	cx q[9], q[10]
Gate( 1688)	 h q[2]
Gate( 1689)	 h q[6]
Gate( 1690)	 t q[7]
Gate( 1691)	 t q[2]
Gate( 1692)	 t q[6]
Gate( 1693)	cx q[2], q[7]
Gate( 1694)	cx q[6], q[2]
Gate( 1695)	cx q[7], q[6]
Gate( 1696)	tdg q[2]
Gate( 1697)	cx q[7], q[2]
Gate( 1698)	tdg q[7]
Gate( 1699)	tdg q[2]
Gate( 1700)	 t q[6]
Gate( 1701)	cx q[6], q[2]
Gate( 1702)	cx q[7], q[6]
Gate( 1703)	cx q[2], q[7]
Gate( 1704)	 h q[6]
Gate( 1705)	 h q[8]
Gate( 1706)	 t q[5]
Gate( 1707)	 t q[6]
Gate( 1708)	 t q[8]
Gate( 1709)	cx q[6], q[5]
Gate( 1710)	cx q[8], q[6]
Gate( 1711)	cx q[5], q[8]
Gate( 1712)	tdg q[6]
Gate( 1713)	cx q[5], q[6]
Gate( 1714)	tdg q[5]
Gate( 1715)	tdg q[6]
Gate( 1716)	 t q[8]
Gate( 1717)	cx q[8], q[6]
Gate( 1718)	cx q[5], q[8]
Gate( 1719)	cx q[6], q[5]
Gate( 1720)	 h q[8]
Gate( 1721)	 h q[1]
Gate( 1722)	 t q[4]
Gate( 1723)	 t q[9]
Gate( 1724)	 t q[1]
Gate( 1725)	cx q[9], q[4]
Gate( 1726)	cx q[1], q[9]
Gate( 1727)	cx q[4], q[1]
Gate( 1728)	tdg q[9]
Gate( 1729)	cx q[4], q[9]
Gate( 1730)	tdg q[4]
Gate( 1731)	tdg q[9]
Gate( 1732)	 t q[1]
Gate( 1733)	cx q[1], q[9]
Gate( 1734)	cx q[4], q[1]
Gate( 1735)	cx q[9], q[4]
Gate( 1736)	 h q[1]
Gate( 1737)	 h q[9]
Gate( 1738)	 t q[10]
Gate( 1739)	 t q[7]
Gate( 1740)	 t q[9]
Gate( 1741)	cx q[7], q[10]
Gate( 1742)	cx q[9], q[7]
Gate( 1743)	cx q[10], q[9]
Gate( 1744)	tdg q[7]
Gate( 1745)	cx q[10], q[7]
Gate( 1746)	tdg q[10]
Gate( 1747)	tdg q[7]
Gate( 1748)	 t q[9]
Gate( 1749)	cx q[9], q[7]
Gate( 1750)	cx q[10], q[9]
Gate( 1751)	cx q[7], q[10]
Gate( 1752)	 h q[9]
Gate( 1753)	 h q[1]
Gate( 1754)	 t q[4]
Gate( 1755)	 t q[9]
Gate( 1756)	 t q[1]
Gate( 1757)	cx q[9], q[4]
Gate( 1758)	cx q[1], q[9]
Gate( 1759)	cx q[4], q[1]
Gate( 1760)	tdg q[9]
Gate( 1761)	cx q[4], q[9]
Gate( 1762)	tdg q[4]
Gate( 1763)	tdg q[9]
Gate( 1764)	 t q[1]
Gate( 1765)	cx q[1], q[9]
Gate( 1766)	cx q[4], q[1]
Gate( 1767)	cx q[9], q[4]
Gate( 1768)	 h q[1]
Gate( 1769)	 h q[9]
Gate( 1770)	 t q[10]
Gate( 1771)	 t q[7]
Gate( 1772)	 t q[9]
Gate( 1773)	cx q[7], q[10]
Gate( 1774)	cx q[9], q[7]
Gate( 1775)	cx q[10], q[9]
Gate( 1776)	tdg q[7]
Gate( 1777)	cx q[10], q[7]
Gate( 1778)	tdg q[10]
Gate( 1779)	tdg q[7]
Gate( 1780)	 t q[9]
Gate( 1781)	cx q[9], q[7]
Gate( 1782)	cx q[10], q[9]
Gate( 1783)	cx q[7], q[10]
Gate( 1784)	 h q[9]
Gate( 1785)	 h q[3]
Gate( 1786)	 t q[4]
Gate( 1787)	 t q[6]
Gate( 1788)	 t q[3]
Gate( 1789)	cx q[6], q[4]
Gate( 1790)	cx q[3], q[6]
Gate( 1791)	cx q[4], q[3]
Gate( 1792)	tdg q[6]
Gate( 1793)	cx q[4], q[6]
Gate( 1794)	tdg q[4]
Gate( 1795)	tdg q[6]
Gate( 1796)	 t q[3]
Gate( 1797)	cx q[3], q[6]
Gate( 1798)	cx q[4], q[3]
Gate( 1799)	cx q[6], q[4]
Gate( 1800)	 h q[3]
Gate( 1801)	 h q[6]
Gate( 1802)	 t q[7]
Gate( 1803)	 t q[5]
Gate( 1804)	 t q[6]
Gate( 1805)	cx q[5], q[7]
Gate( 1806)	cx q[6], q[5]
Gate( 1807)	cx q[7], q[6]
Gate( 1808)	tdg q[5]
Gate( 1809)	cx q[7], q[5]
Gate( 1810)	tdg q[7]
Gate( 1811)	tdg q[5]
Gate( 1812)	 t q[6]
Gate( 1813)	cx q[6], q[5]
Gate( 1814)	cx q[7], q[6]
Gate( 1815)	cx q[5], q[7]
Gate( 1816)	 h q[6]
Gate( 1817)	 h q[5]
Gate( 1818)	 t q[8]
Gate( 1819)	 t q[2]
Gate( 1820)	 t q[5]
Gate( 1821)	cx q[2], q[8]
Gate( 1822)	cx q[5], q[2]
Gate( 1823)	cx q[8], q[5]
Gate( 1824)	tdg q[2]
Gate( 1825)	cx q[8], q[2]
Gate( 1826)	tdg q[8]
Gate( 1827)	tdg q[2]
Gate( 1828)	 t q[5]
Gate( 1829)	cx q[5], q[2]
Gate( 1830)	cx q[8], q[5]
Gate( 1831)	cx q[2], q[8]
Gate( 1832)	 h q[5]
Gate( 1833)	 h q[2]
Gate( 1834)	 t q[10]
Gate( 1835)	 t q[9]
Gate( 1836)	 t q[2]
Gate( 1837)	cx q[9], q[10]
Gate( 1838)	cx q[2], q[9]
Gate( 1839)	cx q[10], q[2]
Gate( 1840)	tdg q[9]
Gate( 1841)	cx q[10], q[9]
Gate( 1842)	tdg q[10]
Gate( 1843)	tdg q[9]
Gate( 1844)	 t q[2]
Gate( 1845)	cx q[2], q[9]
Gate( 1846)	cx q[10], q[2]
Gate( 1847)	cx q[9], q[10]
Gate( 1848)	 h q[2]
Gate( 1849)	 h q[5]
Gate( 1850)	 t q[8]
Gate( 1851)	 t q[2]
Gate( 1852)	 t q[5]
Gate( 1853)	cx q[2], q[8]
Gate( 1854)	cx q[5], q[2]
Gate( 1855)	cx q[8], q[5]
Gate( 1856)	tdg q[2]
Gate( 1857)	cx q[8], q[2]
Gate( 1858)	tdg q[8]
Gate( 1859)	tdg q[2]
Gate( 1860)	 t q[5]
Gate( 1861)	cx q[5], q[2]
Gate( 1862)	cx q[8], q[5]
Gate( 1863)	cx q[2], q[8]
Gate( 1864)	 h q[5]
Gate( 1865)	 h q[6]
Gate( 1866)	 t q[7]
Gate( 1867)	 t q[5]
Gate( 1868)	 t q[6]
Gate( 1869)	cx q[5], q[7]
Gate( 1870)	cx q[6], q[5]
Gate( 1871)	cx q[7], q[6]
Gate( 1872)	tdg q[5]
Gate( 1873)	cx q[7], q[5]
Gate( 1874)	tdg q[7]
Gate( 1875)	tdg q[5]
Gate( 1876)	 t q[6]
Gate( 1877)	cx q[6], q[5]
Gate( 1878)	cx q[7], q[6]
Gate( 1879)	cx q[5], q[7]
Gate( 1880)	 h q[6]
Gate( 1881)	 h q[3]
Gate( 1882)	 t q[4]
Gate( 1883)	 t q[6]
Gate( 1884)	 t q[3]
Gate( 1885)	cx q[6], q[4]
Gate( 1886)	cx q[3], q[6]
Gate( 1887)	cx q[4], q[3]
Gate( 1888)	tdg q[6]
Gate( 1889)	cx q[4], q[6]
Gate( 1890)	tdg q[4]
Gate( 1891)	tdg q[6]
Gate( 1892)	 t q[3]
Gate( 1893)	cx q[3], q[6]
Gate( 1894)	cx q[4], q[3]
Gate( 1895)	cx q[6], q[4]
Gate( 1896)	 h q[3]
Gate( 1897)	 h q[6]
Gate( 1898)	 t q[7]
Gate( 1899)	 t q[5]
Gate( 1900)	 t q[6]
Gate( 1901)	cx q[5], q[7]
Gate( 1902)	cx q[6], q[5]
Gate( 1903)	cx q[7], q[6]
Gate( 1904)	tdg q[5]
Gate( 1905)	cx q[7], q[5]
Gate( 1906)	tdg q[7]
Gate( 1907)	tdg q[5]
Gate( 1908)	 t q[6]
Gate( 1909)	cx q[6], q[5]
Gate( 1910)	cx q[7], q[6]
Gate( 1911)	cx q[5], q[7]
Gate( 1912)	 h q[6]
Gate( 1913)	 h q[5]
Gate( 1914)	 t q[8]
Gate( 1915)	 t q[2]
Gate( 1916)	 t q[5]
Gate( 1917)	cx q[2], q[8]
Gate( 1918)	cx q[5], q[2]
Gate( 1919)	cx q[8], q[5]
Gate( 1920)	tdg q[2]
Gate( 1921)	cx q[8], q[2]
Gate( 1922)	tdg q[8]
Gate( 1923)	tdg q[2]
Gate( 1924)	 t q[5]
Gate( 1925)	cx q[5], q[2]
Gate( 1926)	cx q[8], q[5]
Gate( 1927)	cx q[2], q[8]
Gate( 1928)	 h q[5]
Gate( 1929)	 h q[2]
Gate( 1930)	 t q[10]
Gate( 1931)	 t q[9]
Gate( 1932)	 t q[2]
Gate( 1933)	cx q[9], q[10]
Gate( 1934)	cx q[2], q[9]
Gate( 1935)	cx q[10], q[2]
Gate( 1936)	tdg q[9]
Gate( 1937)	cx q[10], q[9]
Gate( 1938)	tdg q[10]
Gate( 1939)	tdg q[9]
Gate( 1940)	 t q[2]
Gate( 1941)	cx q[2], q[9]
Gate( 1942)	cx q[10], q[2]
Gate( 1943)	cx q[9], q[10]
Gate( 1944)	 h q[2]
Gate( 1945)	 h q[5]
Gate( 1946)	 t q[8]
Gate( 1947)	 t q[2]
Gate( 1948)	 t q[5]
Gate( 1949)	cx q[2], q[8]
Gate( 1950)	cx q[5], q[2]
Gate( 1951)	cx q[8], q[5]
Gate( 1952)	tdg q[2]
Gate( 1953)	cx q[8], q[2]
Gate( 1954)	tdg q[8]
Gate( 1955)	tdg q[2]
Gate( 1956)	 t q[5]
Gate( 1957)	cx q[5], q[2]
Gate( 1958)	cx q[8], q[5]
Gate( 1959)	cx q[2], q[8]
Gate( 1960)	 h q[5]
Gate( 1961)	 h q[6]
Gate( 1962)	 t q[7]
Gate( 1963)	 t q[5]
Gate( 1964)	 t q[6]
Gate( 1965)	cx q[5], q[7]
Gate( 1966)	cx q[6], q[5]
Gate( 1967)	cx q[7], q[6]
Gate( 1968)	tdg q[5]
Gate( 1969)	cx q[7], q[5]
Gate( 1970)	tdg q[7]
Gate( 1971)	tdg q[5]
Gate( 1972)	 t q[6]
Gate( 1973)	cx q[6], q[5]
Gate( 1974)	cx q[7], q[6]
Gate( 1975)	cx q[5], q[7]
Gate( 1976)	 h q[6]
Gate( 1977)	 h q[2]
Gate( 1978)	 t q[4]
Gate( 1979)	 t q[9]
Gate( 1980)	 t q[2]
Gate( 1981)	cx q[9], q[4]
Gate( 1982)	cx q[2], q[9]
Gate( 1983)	cx q[4], q[2]
Gate( 1984)	tdg q[9]
Gate( 1985)	cx q[4], q[9]
Gate( 1986)	tdg q[4]
Gate( 1987)	tdg q[9]
Gate( 1988)	 t q[2]
Gate( 1989)	cx q[2], q[9]
Gate( 1990)	cx q[4], q[2]
Gate( 1991)	cx q[9], q[4]
Gate( 1992)	 h q[2]
Gate( 1993)	 h q[9]
Gate( 1994)	 t q[7]
Gate( 1995)	 t q[6]
Gate( 1996)	 t q[9]
Gate( 1997)	cx q[6], q[7]
Gate( 1998)	cx q[9], q[6]
Gate( 1999)	cx q[7], q[9]
Gate( 2000)	tdg q[6]
Gate( 2001)	cx q[7], q[6]
Gate( 2002)	tdg q[7]
Gate( 2003)	tdg q[6]
Gate( 2004)	 t q[9]
Gate( 2005)	cx q[9], q[6]
Gate( 2006)	cx q[7], q[9]
Gate( 2007)	cx q[6], q[7]
Gate( 2008)	 h q[9]
Gate( 2009)	 h q[6]
Gate( 2010)	 t q[10]
Gate( 2011)	 t q[8]
Gate( 2012)	 t q[6]
Gate( 2013)	cx q[8], q[10]
Gate( 2014)	cx q[6], q[8]
Gate( 2015)	cx q[10], q[6]
Gate( 2016)	tdg q[8]
Gate( 2017)	cx q[10], q[8]
Gate( 2018)	tdg q[10]
Gate( 2019)	tdg q[8]
Gate( 2020)	 t q[6]
Gate( 2021)	cx q[6], q[8]
Gate( 2022)	cx q[10], q[6]
Gate( 2023)	cx q[8], q[10]
Gate( 2024)	 h q[6]
Gate( 2025)	 h q[9]
Gate( 2026)	 t q[7]
Gate( 2027)	 t q[6]
Gate( 2028)	 t q[9]
Gate( 2029)	cx q[6], q[7]
Gate( 2030)	cx q[9], q[6]
Gate( 2031)	cx q[7], q[9]
Gate( 2032)	tdg q[6]
Gate( 2033)	cx q[7], q[6]
Gate( 2034)	tdg q[7]
Gate( 2035)	tdg q[6]
Gate( 2036)	 t q[9]
Gate( 2037)	cx q[9], q[6]
Gate( 2038)	cx q[7], q[9]
Gate( 2039)	cx q[6], q[7]
Gate( 2040)	 h q[9]
Gate( 2041)	 h q[2]
Gate( 2042)	 t q[4]
Gate( 2043)	 t q[9]
Gate( 2044)	 t q[2]
Gate( 2045)	cx q[9], q[4]
Gate( 2046)	cx q[2], q[9]
Gate( 2047)	cx q[4], q[2]
Gate( 2048)	tdg q[9]
Gate( 2049)	cx q[4], q[9]
Gate( 2050)	tdg q[4]
Gate( 2051)	tdg q[9]
Gate( 2052)	 t q[2]
Gate( 2053)	cx q[2], q[9]
Gate( 2054)	cx q[4], q[2]
Gate( 2055)	cx q[9], q[4]
Gate( 2056)	 h q[2]
Gate( 2057)	 h q[9]
Gate( 2058)	 t q[7]
Gate( 2059)	 t q[6]
Gate( 2060)	 t q[9]
Gate( 2061)	cx q[6], q[7]
Gate( 2062)	cx q[9], q[6]
Gate( 2063)	cx q[7], q[9]
Gate( 2064)	tdg q[6]
Gate( 2065)	cx q[7], q[6]
Gate( 2066)	tdg q[7]
Gate( 2067)	tdg q[6]
Gate( 2068)	 t q[9]
Gate( 2069)	cx q[9], q[6]
Gate( 2070)	cx q[7], q[9]
Gate( 2071)	cx q[6], q[7]
Gate( 2072)	 h q[9]
Gate( 2073)	 h q[6]
Gate( 2074)	 t q[10]
Gate( 2075)	 t q[8]
Gate( 2076)	 t q[6]
Gate( 2077)	cx q[8], q[10]
Gate( 2078)	cx q[6], q[8]
Gate( 2079)	cx q[10], q[6]
Gate( 2080)	tdg q[8]
Gate( 2081)	cx q[10], q[8]
Gate( 2082)	tdg q[10]
Gate( 2083)	tdg q[8]
Gate( 2084)	 t q[6]
Gate( 2085)	cx q[6], q[8]
Gate( 2086)	cx q[10], q[6]
Gate( 2087)	cx q[8], q[10]
Gate( 2088)	 h q[6]
Gate( 2089)	 h q[9]
Gate( 2090)	 t q[7]
Gate( 2091)	 t q[6]
Gate( 2092)	 t q[9]
Gate( 2093)	cx q[6], q[7]
Gate( 2094)	cx q[9], q[6]
Gate( 2095)	cx q[7], q[9]
Gate( 2096)	tdg q[6]
Gate( 2097)	cx q[7], q[6]
Gate( 2098)	tdg q[7]
Gate( 2099)	tdg q[6]
Gate( 2100)	 t q[9]
Gate( 2101)	cx q[9], q[6]
Gate( 2102)	cx q[7], q[9]
Gate( 2103)	cx q[6], q[7]
Gate( 2104)	 h q[9]
Gate( 2105)	 h q[3]
Gate( 2106)	 t q[4]
Gate( 2107)	 t q[9]
Gate( 2108)	 t q[3]
Gate( 2109)	cx q[9], q[4]
Gate( 2110)	cx q[3], q[9]
Gate( 2111)	cx q[4], q[3]
Gate( 2112)	tdg q[9]
Gate( 2113)	cx q[4], q[9]
Gate( 2114)	tdg q[4]
Gate( 2115)	tdg q[9]
Gate( 2116)	 t q[3]
Gate( 2117)	cx q[3], q[9]
Gate( 2118)	cx q[4], q[3]
Gate( 2119)	cx q[9], q[4]
Gate( 2120)	 h q[3]
Gate( 2121)	 h q[9]
Gate( 2122)	 t q[5]
Gate( 2123)	 t q[8]
Gate( 2124)	 t q[9]
Gate( 2125)	cx q[8], q[5]
Gate( 2126)	cx q[9], q[8]
Gate( 2127)	cx q[5], q[9]
Gate( 2128)	tdg q[8]
Gate( 2129)	cx q[5], q[8]
Gate( 2130)	tdg q[5]
Gate( 2131)	tdg q[8]
Gate( 2132)	 t q[9]
Gate( 2133)	cx q[9], q[8]
Gate( 2134)	cx q[5], q[9]
Gate( 2135)	cx q[8], q[5]
Gate( 2136)	 h q[9]
Gate( 2137)	 h q[8]
Gate( 2138)	 t q[6]
Gate( 2139)	 t q[2]
Gate( 2140)	 t q[8]
Gate( 2141)	cx q[2], q[6]
Gate( 2142)	cx q[8], q[2]
Gate( 2143)	cx q[6], q[8]
Gate( 2144)	tdg q[2]
Gate( 2145)	cx q[6], q[2]
Gate( 2146)	tdg q[6]
Gate( 2147)	tdg q[2]
Gate( 2148)	 t q[8]
Gate( 2149)	cx q[8], q[2]
Gate( 2150)	cx q[6], q[8]
Gate( 2151)	cx q[2], q[6]
Gate( 2152)	 h q[8]
Gate( 2153)	 h q[2]
Gate( 2154)	 t q[10]
Gate( 2155)	 t q[7]
Gate( 2156)	 t q[2]
Gate( 2157)	cx q[7], q[10]
Gate( 2158)	cx q[2], q[7]
Gate( 2159)	cx q[10], q[2]
Gate( 2160)	tdg q[7]
Gate( 2161)	cx q[10], q[7]
Gate( 2162)	tdg q[10]
Gate( 2163)	tdg q[7]
Gate( 2164)	 t q[2]
Gate( 2165)	cx q[2], q[7]
Gate( 2166)	cx q[10], q[2]
Gate( 2167)	cx q[7], q[10]
Gate( 2168)	 h q[2]
Gate( 2169)	 h q[8]
Gate( 2170)	 t q[6]
Gate( 2171)	 t q[2]
Gate( 2172)	 t q[8]
Gate( 2173)	cx q[2], q[6]
Gate( 2174)	cx q[8], q[2]
Gate( 2175)	cx q[6], q[8]
Gate( 2176)	tdg q[2]
Gate( 2177)	cx q[6], q[2]
Gate( 2178)	tdg q[6]
Gate( 2179)	tdg q[2]
Gate( 2180)	 t q[8]
Gate( 2181)	cx q[8], q[2]
Gate( 2182)	cx q[6], q[8]
Gate( 2183)	cx q[2], q[6]
Gate( 2184)	 h q[8]
Gate( 2185)	 h q[9]
Gate( 2186)	 t q[5]
Gate( 2187)	 t q[8]
Gate( 2188)	 t q[9]
Gate( 2189)	cx q[8], q[5]
Gate( 2190)	cx q[9], q[8]
Gate( 2191)	cx q[5], q[9]
Gate( 2192)	tdg q[8]
Gate( 2193)	cx q[5], q[8]
Gate( 2194)	tdg q[5]
Gate( 2195)	tdg q[8]
Gate( 2196)	 t q[9]
Gate( 2197)	cx q[9], q[8]
Gate( 2198)	cx q[5], q[9]
Gate( 2199)	cx q[8], q[5]
Gate( 2200)	 h q[9]
Gate( 2201)	 h q[3]
Gate( 2202)	 t q[4]
Gate( 2203)	 t q[9]
Gate( 2204)	 t q[3]
Gate( 2205)	cx q[9], q[4]
Gate( 2206)	cx q[3], q[9]
Gate( 2207)	cx q[4], q[3]
Gate( 2208)	tdg q[9]
Gate( 2209)	cx q[4], q[9]
Gate( 2210)	tdg q[4]
Gate( 2211)	tdg q[9]
Gate( 2212)	 t q[3]
Gate( 2213)	cx q[3], q[9]
Gate( 2214)	cx q[4], q[3]
Gate( 2215)	cx q[9], q[4]
Gate( 2216)	 h q[3]
Gate( 2217)	 h q[9]
Gate( 2218)	 t q[5]
Gate( 2219)	 t q[8]
Gate( 2220)	 t q[9]
Gate( 2221)	cx q[8], q[5]
Gate( 2222)	cx q[9], q[8]
Gate( 2223)	cx q[5], q[9]
Gate( 2224)	tdg q[8]
Gate( 2225)	cx q[5], q[8]
Gate( 2226)	tdg q[5]
Gate( 2227)	tdg q[8]
Gate( 2228)	 t q[9]
Gate( 2229)	cx q[9], q[8]
Gate( 2230)	cx q[5], q[9]
Gate( 2231)	cx q[8], q[5]
Gate( 2232)	 h q[9]
Gate( 2233)	 h q[8]
Gate( 2234)	 t q[6]
Gate( 2235)	 t q[2]
Gate( 2236)	 t q[8]
Gate( 2237)	cx q[2], q[6]
Gate( 2238)	cx q[8], q[2]
Gate( 2239)	cx q[6], q[8]
Gate( 2240)	tdg q[2]
Gate( 2241)	cx q[6], q[2]
Gate( 2242)	tdg q[6]
Gate( 2243)	tdg q[2]
Gate( 2244)	 t q[8]
Gate( 2245)	cx q[8], q[2]
Gate( 2246)	cx q[6], q[8]
Gate( 2247)	cx q[2], q[6]
Gate( 2248)	 h q[8]
Gate( 2249)	 h q[2]
Gate( 2250)	 t q[10]
Gate( 2251)	 t q[7]
Gate( 2252)	 t q[2]
Gate( 2253)	cx q[7], q[10]
Gate( 2254)	cx q[2], q[7]
Gate( 2255)	cx q[10], q[2]
Gate( 2256)	tdg q[7]
Gate( 2257)	cx q[10], q[7]
Gate( 2258)	tdg q[10]
Gate( 2259)	tdg q[7]
Gate( 2260)	 t q[2]
Gate( 2261)	cx q[2], q[7]
Gate( 2262)	cx q[10], q[2]
Gate( 2263)	cx q[7], q[10]
Gate( 2264)	 h q[2]
Gate( 2265)	 h q[8]
Gate( 2266)	 t q[6]
Gate( 2267)	 t q[2]
Gate( 2268)	 t q[8]
Gate( 2269)	cx q[2], q[6]
Gate( 2270)	cx q[8], q[2]
Gate( 2271)	cx q[6], q[8]
Gate( 2272)	tdg q[2]
Gate( 2273)	cx q[6], q[2]
Gate( 2274)	tdg q[6]
Gate( 2275)	tdg q[2]
Gate( 2276)	 t q[8]
Gate( 2277)	cx q[8], q[2]
Gate( 2278)	cx q[6], q[8]
Gate( 2279)	cx q[2], q[6]
Gate( 2280)	 h q[8]
Gate( 2281)	 h q[9]
Gate( 2282)	 t q[5]
Gate( 2283)	 t q[8]
Gate( 2284)	 t q[9]
Gate( 2285)	cx q[8], q[5]
Gate( 2286)	cx q[9], q[8]
Gate( 2287)	cx q[5], q[9]
Gate( 2288)	tdg q[8]
Gate( 2289)	cx q[5], q[8]
Gate( 2290)	tdg q[5]
Gate( 2291)	tdg q[8]
Gate( 2292)	 t q[9]
Gate( 2293)	cx q[9], q[8]
Gate( 2294)	cx q[5], q[9]
Gate( 2295)	cx q[8], q[5]
Gate( 2296)	 h q[9]
Gate( 2297)	cx q[9], q[2]
Gate( 2298)	 x q[6]
Gate( 2299)	 h q[3]
Gate( 2300)	 t q[4]
Gate( 2301)	 t q[9]
Gate( 2302)	 t q[3]
Gate( 2303)	cx q[9], q[4]
Gate( 2304)	cx q[3], q[9]
Gate( 2305)	cx q[4], q[3]
Gate( 2306)	tdg q[9]
Gate( 2307)	cx q[4], q[9]
Gate( 2308)	tdg q[4]
Gate( 2309)	tdg q[9]
Gate( 2310)	 t q[3]
Gate( 2311)	cx q[3], q[9]
Gate( 2312)	cx q[4], q[3]
Gate( 2313)	cx q[9], q[4]
Gate( 2314)	 h q[3]
Gate( 2315)	 h q[9]
Gate( 2316)	 t q[6]
Gate( 2317)	 t q[5]
Gate( 2318)	 t q[9]
Gate( 2319)	cx q[5], q[6]
Gate( 2320)	cx q[9], q[5]
Gate( 2321)	cx q[6], q[9]
Gate( 2322)	tdg q[5]
Gate( 2323)	cx q[6], q[5]
Gate( 2324)	tdg q[6]
Gate( 2325)	tdg q[5]
Gate( 2326)	 t q[9]
Gate( 2327)	cx q[9], q[5]
Gate( 2328)	cx q[6], q[9]
Gate( 2329)	cx q[5], q[6]
Gate( 2330)	 h q[9]
Gate( 2331)	 h q[5]
Gate( 2332)	 t q[7]
Gate( 2333)	 t q[2]
Gate( 2334)	 t q[5]
Gate( 2335)	cx q[2], q[7]
Gate( 2336)	cx q[5], q[2]
Gate( 2337)	cx q[7], q[5]
Gate( 2338)	tdg q[2]
Gate( 2339)	cx q[7], q[2]
Gate( 2340)	tdg q[7]
Gate( 2341)	tdg q[2]
Gate( 2342)	 t q[5]
Gate( 2343)	cx q[5], q[2]
Gate( 2344)	cx q[7], q[5]
Gate( 2345)	cx q[2], q[7]
Gate( 2346)	 h q[5]
Gate( 2347)	 h q[2]
Gate( 2348)	 t q[10]
Gate( 2349)	 t q[8]
Gate( 2350)	 t q[2]
Gate( 2351)	cx q[8], q[10]
Gate( 2352)	cx q[2], q[8]
Gate( 2353)	cx q[10], q[2]
Gate( 2354)	tdg q[8]
Gate( 2355)	cx q[10], q[8]
Gate( 2356)	tdg q[10]
Gate( 2357)	tdg q[8]
Gate( 2358)	 t q[2]
Gate( 2359)	cx q[2], q[8]
Gate( 2360)	cx q[10], q[2]
Gate( 2361)	cx q[8], q[10]
Gate( 2362)	 h q[2]
Gate( 2363)	 h q[5]
Gate( 2364)	 t q[7]
Gate( 2365)	 t q[2]
Gate( 2366)	 t q[5]
Gate( 2367)	cx q[2], q[7]
Gate( 2368)	cx q[5], q[2]
Gate( 2369)	cx q[7], q[5]
Gate( 2370)	tdg q[2]
Gate( 2371)	cx q[7], q[2]
Gate( 2372)	tdg q[7]
Gate( 2373)	tdg q[2]
Gate( 2374)	 t q[5]
Gate( 2375)	cx q[5], q[2]
Gate( 2376)	cx q[7], q[5]
Gate( 2377)	cx q[2], q[7]
Gate( 2378)	 h q[5]
Gate( 2379)	 h q[9]
Gate( 2380)	 t q[6]
Gate( 2381)	 t q[5]
Gate( 2382)	 t q[9]
Gate( 2383)	cx q[5], q[6]
Gate( 2384)	cx q[9], q[5]
Gate( 2385)	cx q[6], q[9]
Gate( 2386)	tdg q[5]
Gate( 2387)	cx q[6], q[5]
Gate( 2388)	tdg q[6]
Gate( 2389)	tdg q[5]
Gate( 2390)	 t q[9]
Gate( 2391)	cx q[9], q[5]
Gate( 2392)	cx q[6], q[9]
Gate( 2393)	cx q[5], q[6]
Gate( 2394)	 h q[9]
Gate( 2395)	 h q[3]
Gate( 2396)	 t q[4]
Gate( 2397)	 t q[9]
Gate( 2398)	 t q[3]
Gate( 2399)	cx q[9], q[4]
Gate( 2400)	cx q[3], q[9]
Gate( 2401)	cx q[4], q[3]
Gate( 2402)	tdg q[9]
Gate( 2403)	cx q[4], q[9]
Gate( 2404)	tdg q[4]
Gate( 2405)	tdg q[9]
Gate( 2406)	 t q[3]
Gate( 2407)	cx q[3], q[9]
Gate( 2408)	cx q[4], q[3]
Gate( 2409)	cx q[9], q[4]
Gate( 2410)	 h q[3]
Gate( 2411)	 h q[9]
Gate( 2412)	 t q[6]
Gate( 2413)	 t q[5]
Gate( 2414)	 t q[9]
Gate( 2415)	cx q[5], q[6]
Gate( 2416)	cx q[9], q[5]
Gate( 2417)	cx q[6], q[9]
Gate( 2418)	tdg q[5]
Gate( 2419)	cx q[6], q[5]
Gate( 2420)	tdg q[6]
Gate( 2421)	tdg q[5]
Gate( 2422)	 t q[9]
Gate( 2423)	cx q[9], q[5]
Gate( 2424)	cx q[6], q[9]
Gate( 2425)	cx q[5], q[6]
Gate( 2426)	 h q[9]
Gate( 2427)	 h q[5]
Gate( 2428)	 t q[7]
Gate( 2429)	 t q[2]
Gate( 2430)	 t q[5]
Gate( 2431)	cx q[2], q[7]
Gate( 2432)	cx q[5], q[2]
Gate( 2433)	cx q[7], q[5]
Gate( 2434)	tdg q[2]
Gate( 2435)	cx q[7], q[2]
Gate( 2436)	tdg q[7]
Gate( 2437)	tdg q[2]
Gate( 2438)	 t q[5]
Gate( 2439)	cx q[5], q[2]
Gate( 2440)	cx q[7], q[5]
Gate( 2441)	cx q[2], q[7]
Gate( 2442)	 h q[5]
Gate( 2443)	 h q[2]
Gate( 2444)	 t q[10]
Gate( 2445)	 t q[8]
Gate( 2446)	 t q[2]
Gate( 2447)	cx q[8], q[10]
Gate( 2448)	cx q[2], q[8]
Gate( 2449)	cx q[10], q[2]
Gate( 2450)	tdg q[8]
Gate( 2451)	cx q[10], q[8]
Gate( 2452)	tdg q[10]
Gate( 2453)	tdg q[8]
Gate( 2454)	 t q[2]
Gate( 2455)	cx q[2], q[8]
Gate( 2456)	cx q[10], q[2]
Gate( 2457)	cx q[8], q[10]
Gate( 2458)	 h q[2]
Gate( 2459)	 h q[5]
Gate( 2460)	 t q[7]
Gate( 2461)	 t q[2]
Gate( 2462)	 t q[5]
Gate( 2463)	cx q[2], q[7]
Gate( 2464)	cx q[5], q[2]
Gate( 2465)	cx q[7], q[5]
Gate( 2466)	tdg q[2]
Gate( 2467)	cx q[7], q[2]
Gate( 2468)	tdg q[7]
Gate( 2469)	tdg q[2]
Gate( 2470)	 t q[5]
Gate( 2471)	cx q[5], q[2]
Gate( 2472)	cx q[7], q[5]
Gate( 2473)	cx q[2], q[7]
Gate( 2474)	 h q[5]
Gate( 2475)	 h q[9]
Gate( 2476)	 t q[6]
Gate( 2477)	 t q[5]
Gate( 2478)	 t q[9]
Gate( 2479)	cx q[5], q[6]
Gate( 2480)	cx q[9], q[5]
Gate( 2481)	cx q[6], q[9]
Gate( 2482)	tdg q[5]
Gate( 2483)	cx q[6], q[5]
Gate( 2484)	tdg q[6]
Gate( 2485)	tdg q[5]
Gate( 2486)	 t q[9]
Gate( 2487)	cx q[9], q[5]
Gate( 2488)	cx q[6], q[9]
Gate( 2489)	cx q[5], q[6]
Gate( 2490)	 h q[9]
Gate( 2491)	cx q[6], q[2]
Gate( 2492)	 x q[5]
Gate( 2493)	 h q[2]
Gate( 2494)	 t q[8]
Gate( 2495)	 t q[5]
Gate( 2496)	 t q[2]
Gate( 2497)	cx q[5], q[8]
Gate( 2498)	cx q[2], q[5]
Gate( 2499)	cx q[8], q[2]
Gate( 2500)	tdg q[5]
Gate( 2501)	cx q[8], q[5]
Gate( 2502)	tdg q[8]
Gate( 2503)	tdg q[5]
Gate( 2504)	 t q[2]
Gate( 2505)	cx q[2], q[5]
Gate( 2506)	cx q[8], q[2]
Gate( 2507)	cx q[5], q[8]
Gate( 2508)	 h q[2]
Gate( 2509)	 h q[1]
Gate( 2510)	 t q[8]
Gate( 2511)	 t q[5]
Gate( 2512)	 t q[1]
Gate( 2513)	cx q[5], q[8]
Gate( 2514)	cx q[1], q[5]
Gate( 2515)	cx q[8], q[1]
Gate( 2516)	tdg q[5]
Gate( 2517)	cx q[8], q[5]
Gate( 2518)	tdg q[8]
Gate( 2519)	tdg q[5]
Gate( 2520)	 t q[1]
Gate( 2521)	cx q[1], q[5]
Gate( 2522)	cx q[8], q[1]
Gate( 2523)	cx q[5], q[8]
Gate( 2524)	 h q[1]
Gate( 2525)	 h q[3]
Gate( 2526)	 t q[9]
Gate( 2527)	 t q[5]
Gate( 2528)	 t q[3]
Gate( 2529)	cx q[5], q[9]
Gate( 2530)	cx q[3], q[5]
Gate( 2531)	cx q[9], q[3]
Gate( 2532)	tdg q[5]
Gate( 2533)	cx q[9], q[5]
Gate( 2534)	tdg q[9]
Gate( 2535)	tdg q[5]
Gate( 2536)	 t q[3]
Gate( 2537)	cx q[3], q[5]
Gate( 2538)	cx q[9], q[3]
Gate( 2539)	cx q[5], q[9]
Gate( 2540)	 h q[3]
Gate( 2541)	 h q[3]
Gate( 2542)	 t q[5]
Gate( 2543)	 t q[10]
Gate( 2544)	 t q[3]
Gate( 2545)	cx q[10], q[5]
Gate( 2546)	cx q[3], q[10]
Gate( 2547)	cx q[5], q[3]
Gate( 2548)	tdg q[10]
Gate( 2549)	cx q[5], q[10]
Gate( 2550)	tdg q[5]
Gate( 2551)	tdg q[10]
Gate( 2552)	 t q[3]
Gate( 2553)	cx q[3], q[10]
Gate( 2554)	cx q[5], q[3]
Gate( 2555)	cx q[10], q[5]
Gate( 2556)	 h q[3]
Gate( 2557)	 h q[10]
Gate( 2558)	 t q[7]
Gate( 2559)	 t q[6]
Gate( 2560)	 t q[10]
Gate( 2561)	cx q[6], q[7]
Gate( 2562)	cx q[10], q[6]
Gate( 2563)	cx q[7], q[10]
Gate( 2564)	tdg q[6]
Gate( 2565)	cx q[7], q[6]
Gate( 2566)	tdg q[7]
Gate( 2567)	tdg q[6]
Gate( 2568)	 t q[10]
Gate( 2569)	cx q[10], q[6]
Gate( 2570)	cx q[7], q[10]
Gate( 2571)	cx q[6], q[7]
Gate( 2572)	 h q[10]
Gate( 2573)	 h q[6]
Gate( 2574)	 t q[9]
Gate( 2575)	 t q[8]
Gate( 2576)	 t q[6]
Gate( 2577)	cx q[8], q[9]
Gate( 2578)	cx q[6], q[8]
Gate( 2579)	cx q[9], q[6]
Gate( 2580)	tdg q[8]
Gate( 2581)	cx q[9], q[8]
Gate( 2582)	tdg q[9]
Gate( 2583)	tdg q[8]
Gate( 2584)	 t q[6]
Gate( 2585)	cx q[6], q[8]
Gate( 2586)	cx q[9], q[6]
Gate( 2587)	cx q[8], q[9]
Gate( 2588)	 h q[6]
Gate( 2589)	 h q[10]
Gate( 2590)	 t q[7]
Gate( 2591)	 t q[6]
Gate( 2592)	 t q[10]
Gate( 2593)	cx q[6], q[7]
Gate( 2594)	cx q[10], q[6]
Gate( 2595)	cx q[7], q[10]
Gate( 2596)	tdg q[6]
Gate( 2597)	cx q[7], q[6]
Gate( 2598)	tdg q[7]
Gate( 2599)	tdg q[6]
Gate( 2600)	 t q[10]
Gate( 2601)	cx q[10], q[6]
Gate( 2602)	cx q[7], q[10]
Gate( 2603)	cx q[6], q[7]
Gate( 2604)	 h q[10]
Gate( 2605)	 h q[3]
Gate( 2606)	 t q[5]
Gate( 2607)	 t q[10]
Gate( 2608)	 t q[3]
Gate( 2609)	cx q[10], q[5]
Gate( 2610)	cx q[3], q[10]
Gate( 2611)	cx q[5], q[3]
Gate( 2612)	tdg q[10]
Gate( 2613)	cx q[5], q[10]
Gate( 2614)	tdg q[5]
Gate( 2615)	tdg q[10]
Gate( 2616)	 t q[3]
Gate( 2617)	cx q[3], q[10]
Gate( 2618)	cx q[5], q[3]
Gate( 2619)	cx q[10], q[5]
Gate( 2620)	 h q[3]
Gate( 2621)	 h q[10]
Gate( 2622)	 t q[7]
Gate( 2623)	 t q[6]
Gate( 2624)	 t q[10]
Gate( 2625)	cx q[6], q[7]
Gate( 2626)	cx q[10], q[6]
Gate( 2627)	cx q[7], q[10]
Gate( 2628)	tdg q[6]
Gate( 2629)	cx q[7], q[6]
Gate( 2630)	tdg q[7]
Gate( 2631)	tdg q[6]
Gate( 2632)	 t q[10]
Gate( 2633)	cx q[10], q[6]
Gate( 2634)	cx q[7], q[10]
Gate( 2635)	cx q[6], q[7]
Gate( 2636)	 h q[10]
Gate( 2637)	 h q[6]
Gate( 2638)	 t q[9]
Gate( 2639)	 t q[8]
Gate( 2640)	 t q[6]
Gate( 2641)	cx q[8], q[9]
Gate( 2642)	cx q[6], q[8]
Gate( 2643)	cx q[9], q[6]
Gate( 2644)	tdg q[8]
Gate( 2645)	cx q[9], q[8]
Gate( 2646)	tdg q[9]
Gate( 2647)	tdg q[8]
Gate( 2648)	 t q[6]
Gate( 2649)	cx q[6], q[8]
Gate( 2650)	cx q[9], q[6]
Gate( 2651)	cx q[8], q[9]
Gate( 2652)	 h q[6]
Gate( 2653)	 h q[10]
Gate( 2654)	 t q[7]
Gate( 2655)	 t q[6]
Gate( 2656)	 t q[10]
Gate( 2657)	cx q[6], q[7]
Gate( 2658)	cx q[10], q[6]
Gate( 2659)	cx q[7], q[10]
Gate( 2660)	tdg q[6]
Gate( 2661)	cx q[7], q[6]
Gate( 2662)	tdg q[7]
Gate( 2663)	tdg q[6]
Gate( 2664)	 t q[10]
Gate( 2665)	cx q[10], q[6]
Gate( 2666)	cx q[7], q[10]
Gate( 2667)	cx q[6], q[7]
Gate( 2668)	 h q[10]
Gate( 2669)	 h q[3]
Gate( 2670)	 t q[5]
Gate( 2671)	 t q[10]
Gate( 2672)	 t q[3]
Gate( 2673)	cx q[10], q[5]
Gate( 2674)	cx q[3], q[10]
Gate( 2675)	cx q[5], q[3]
Gate( 2676)	tdg q[10]
Gate( 2677)	cx q[5], q[10]
Gate( 2678)	tdg q[5]
Gate( 2679)	tdg q[10]
Gate( 2680)	 t q[3]
Gate( 2681)	cx q[3], q[10]
Gate( 2682)	cx q[5], q[3]
Gate( 2683)	cx q[10], q[5]
Gate( 2684)	 h q[3]
Gate( 2685)	 h q[10]
Gate( 2686)	 t q[8]
Gate( 2687)	 t q[7]
Gate( 2688)	 t q[10]
Gate( 2689)	cx q[7], q[8]
Gate( 2690)	cx q[10], q[7]
Gate( 2691)	cx q[8], q[10]
Gate( 2692)	tdg q[7]
Gate( 2693)	cx q[8], q[7]
Gate( 2694)	tdg q[8]
Gate( 2695)	tdg q[7]
Gate( 2696)	 t q[10]
Gate( 2697)	cx q[10], q[7]
Gate( 2698)	cx q[8], q[10]
Gate( 2699)	cx q[7], q[8]
Gate( 2700)	 h q[10]
Gate( 2701)	 h q[3]
Gate( 2702)	 t q[5]
Gate( 2703)	 t q[10]
Gate( 2704)	 t q[3]
Gate( 2705)	cx q[10], q[5]
Gate( 2706)	cx q[3], q[10]
Gate( 2707)	cx q[5], q[3]
Gate( 2708)	tdg q[10]
Gate( 2709)	cx q[5], q[10]
Gate( 2710)	tdg q[5]
Gate( 2711)	tdg q[10]
Gate( 2712)	 t q[3]
Gate( 2713)	cx q[3], q[10]
Gate( 2714)	cx q[5], q[3]
Gate( 2715)	cx q[10], q[5]
Gate( 2716)	 h q[3]
Gate( 2717)	 h q[10]
Gate( 2718)	 t q[8]
Gate( 2719)	 t q[7]
Gate( 2720)	 t q[10]
Gate( 2721)	cx q[7], q[8]
Gate( 2722)	cx q[10], q[7]
Gate( 2723)	cx q[8], q[10]
Gate( 2724)	tdg q[7]
Gate( 2725)	cx q[8], q[7]
Gate( 2726)	tdg q[8]
Gate( 2727)	tdg q[7]
Gate( 2728)	 t q[10]
Gate( 2729)	cx q[10], q[7]
Gate( 2730)	cx q[8], q[10]
Gate( 2731)	cx q[7], q[8]
Gate( 2732)	 h q[10]
Gate( 2733)	 x q[5]
Gate( 2734)	 x q[8]
Gate( 2735)	 h q[1]
Gate( 2736)	 t q[8]
Gate( 2737)	 t q[5]
Gate( 2738)	 t q[1]
Gate( 2739)	cx q[5], q[8]
Gate( 2740)	cx q[1], q[5]
Gate( 2741)	cx q[8], q[1]
Gate( 2742)	tdg q[5]
Gate( 2743)	cx q[8], q[5]
Gate( 2744)	tdg q[8]
Gate( 2745)	tdg q[5]
Gate( 2746)	 t q[1]
Gate( 2747)	cx q[1], q[5]
Gate( 2748)	cx q[8], q[1]
Gate( 2749)	cx q[5], q[8]
Gate( 2750)	 h q[1]
Gate( 2751)	 h q[3]
Gate( 2752)	 t q[5]
Gate( 2753)	 t q[10]
Gate( 2754)	 t q[3]
Gate( 2755)	cx q[10], q[5]
Gate( 2756)	cx q[3], q[10]
Gate( 2757)	cx q[5], q[3]
Gate( 2758)	tdg q[10]
Gate( 2759)	cx q[5], q[10]
Gate( 2760)	tdg q[5]
Gate( 2761)	tdg q[10]
Gate( 2762)	 t q[3]
Gate( 2763)	cx q[3], q[10]
Gate( 2764)	cx q[5], q[3]
Gate( 2765)	cx q[10], q[5]
Gate( 2766)	 h q[3]
Gate( 2767)	 h q[10]
Gate( 2768)	 t q[7]
Gate( 2769)	 t q[6]
Gate( 2770)	 t q[10]
Gate( 2771)	cx q[6], q[7]
Gate( 2772)	cx q[10], q[6]
Gate( 2773)	cx q[7], q[10]
Gate( 2774)	tdg q[6]
Gate( 2775)	cx q[7], q[6]
Gate( 2776)	tdg q[7]
Gate( 2777)	tdg q[6]
Gate( 2778)	 t q[10]
Gate( 2779)	cx q[10], q[6]
Gate( 2780)	cx q[7], q[10]
Gate( 2781)	cx q[6], q[7]
Gate( 2782)	 h q[10]
Gate( 2783)	 h q[6]
Gate( 2784)	 t q[9]
Gate( 2785)	 t q[8]
Gate( 2786)	 t q[6]
Gate( 2787)	cx q[8], q[9]
Gate( 2788)	cx q[6], q[8]
Gate( 2789)	cx q[9], q[6]
Gate( 2790)	tdg q[8]
Gate( 2791)	cx q[9], q[8]
Gate( 2792)	tdg q[9]
Gate( 2793)	tdg q[8]
Gate( 2794)	 t q[6]
Gate( 2795)	cx q[6], q[8]
Gate( 2796)	cx q[9], q[6]
Gate( 2797)	cx q[8], q[9]
Gate( 2798)	 h q[6]
Gate( 2799)	 h q[10]
Gate( 2800)	 t q[7]
Gate( 2801)	 t q[6]
Gate( 2802)	 t q[10]
Gate( 2803)	cx q[6], q[7]
Gate( 2804)	cx q[10], q[6]
Gate( 2805)	cx q[7], q[10]
Gate( 2806)	tdg q[6]
Gate( 2807)	cx q[7], q[6]
Gate( 2808)	tdg q[7]
Gate( 2809)	tdg q[6]
Gate( 2810)	 t q[10]
Gate( 2811)	cx q[10], q[6]
Gate( 2812)	cx q[7], q[10]
Gate( 2813)	cx q[6], q[7]
Gate( 2814)	 h q[10]
Gate( 2815)	 h q[3]
Gate( 2816)	 t q[5]
Gate( 2817)	 t q[10]
Gate( 2818)	 t q[3]
Gate( 2819)	cx q[10], q[5]
Gate( 2820)	cx q[3], q[10]
Gate( 2821)	cx q[5], q[3]
Gate( 2822)	tdg q[10]
Gate( 2823)	cx q[5], q[10]
Gate( 2824)	tdg q[5]
Gate( 2825)	tdg q[10]
Gate( 2826)	 t q[3]
Gate( 2827)	cx q[3], q[10]
Gate( 2828)	cx q[5], q[3]
Gate( 2829)	cx q[10], q[5]
Gate( 2830)	 h q[3]
Gate( 2831)	 h q[10]
Gate( 2832)	 t q[7]
Gate( 2833)	 t q[6]
Gate( 2834)	 t q[10]
Gate( 2835)	cx q[6], q[7]
Gate( 2836)	cx q[10], q[6]
Gate( 2837)	cx q[7], q[10]
Gate( 2838)	tdg q[6]
Gate( 2839)	cx q[7], q[6]
Gate( 2840)	tdg q[7]
Gate( 2841)	tdg q[6]
Gate( 2842)	 t q[10]
Gate( 2843)	cx q[10], q[6]
Gate( 2844)	cx q[7], q[10]
Gate( 2845)	cx q[6], q[7]
Gate( 2846)	 h q[10]
Gate( 2847)	 h q[6]
Gate( 2848)	 t q[9]
Gate( 2849)	 t q[8]
Gate( 2850)	 t q[6]
Gate( 2851)	cx q[8], q[9]
Gate( 2852)	cx q[6], q[8]
Gate( 2853)	cx q[9], q[6]
Gate( 2854)	tdg q[8]
Gate( 2855)	cx q[9], q[8]
Gate( 2856)	tdg q[9]
Gate( 2857)	tdg q[8]
Gate( 2858)	 t q[6]
Gate( 2859)	cx q[6], q[8]
Gate( 2860)	cx q[9], q[6]
Gate( 2861)	cx q[8], q[9]
Gate( 2862)	 h q[6]
Gate( 2863)	 h q[10]
Gate( 2864)	 t q[7]
Gate( 2865)	 t q[6]
Gate( 2866)	 t q[10]
Gate( 2867)	cx q[6], q[7]
Gate( 2868)	cx q[10], q[6]
Gate( 2869)	cx q[7], q[10]
Gate( 2870)	tdg q[6]
Gate( 2871)	cx q[7], q[6]
Gate( 2872)	tdg q[7]
Gate( 2873)	tdg q[6]
Gate( 2874)	 t q[10]
Gate( 2875)	cx q[10], q[6]
Gate( 2876)	cx q[7], q[10]
Gate( 2877)	cx q[6], q[7]
Gate( 2878)	 h q[10]
Gate( 2879)	 h q[3]
Gate( 2880)	 t q[5]
Gate( 2881)	 t q[10]
Gate( 2882)	 t q[3]
Gate( 2883)	cx q[10], q[5]
Gate( 2884)	cx q[3], q[10]
Gate( 2885)	cx q[5], q[3]
Gate( 2886)	tdg q[10]
Gate( 2887)	cx q[5], q[10]
Gate( 2888)	tdg q[5]
Gate( 2889)	tdg q[10]
Gate( 2890)	 t q[3]
Gate( 2891)	cx q[3], q[10]
Gate( 2892)	cx q[5], q[3]
Gate( 2893)	cx q[10], q[5]
Gate( 2894)	 h q[3]
Gate( 2895)	 h q[10]
Gate( 2896)	 t q[9]
Gate( 2897)	 t q[8]
Gate( 2898)	 t q[10]
Gate( 2899)	cx q[8], q[9]
Gate( 2900)	cx q[10], q[8]
Gate( 2901)	cx q[9], q[10]
Gate( 2902)	tdg q[8]
Gate( 2903)	cx q[9], q[8]
Gate( 2904)	tdg q[9]
Gate( 2905)	tdg q[8]
Gate( 2906)	 t q[10]
Gate( 2907)	cx q[10], q[8]
Gate( 2908)	cx q[9], q[10]
Gate( 2909)	cx q[8], q[9]
Gate( 2910)	 h q[10]
Gate( 2911)	 h q[3]
Gate( 2912)	 t q[5]
Gate( 2913)	 t q[10]
Gate( 2914)	 t q[3]
Gate( 2915)	cx q[10], q[5]
Gate( 2916)	cx q[3], q[10]
Gate( 2917)	cx q[5], q[3]
Gate( 2918)	tdg q[10]
Gate( 2919)	cx q[5], q[10]
Gate( 2920)	tdg q[5]
Gate( 2921)	tdg q[10]
Gate( 2922)	 t q[3]
Gate( 2923)	cx q[3], q[10]
Gate( 2924)	cx q[5], q[3]
Gate( 2925)	cx q[10], q[5]
Gate( 2926)	 h q[3]
Gate( 2927)	 h q[10]
Gate( 2928)	 t q[9]
Gate( 2929)	 t q[8]
Gate( 2930)	 t q[10]
Gate( 2931)	cx q[8], q[9]
Gate( 2932)	cx q[10], q[8]
Gate( 2933)	cx q[9], q[10]
Gate( 2934)	tdg q[8]
Gate( 2935)	cx q[9], q[8]
Gate( 2936)	tdg q[9]
Gate( 2937)	tdg q[8]
Gate( 2938)	 t q[10]
Gate( 2939)	cx q[10], q[8]
Gate( 2940)	cx q[9], q[10]
Gate( 2941)	cx q[8], q[9]
Gate( 2942)	 h q[10]
Gate( 2943)	 x q[5]
Gate( 2944)	 x q[6]
Gate( 2945)	 h q[3]
Gate( 2946)	 t q[5]
Gate( 2947)	 t q[10]
Gate( 2948)	 t q[3]
Gate( 2949)	cx q[10], q[5]
Gate( 2950)	cx q[3], q[10]
Gate( 2951)	cx q[5], q[3]
Gate( 2952)	tdg q[10]
Gate( 2953)	cx q[5], q[10]
Gate( 2954)	tdg q[5]
Gate( 2955)	tdg q[10]
Gate( 2956)	 t q[3]
Gate( 2957)	cx q[3], q[10]
Gate( 2958)	cx q[5], q[3]
Gate( 2959)	cx q[10], q[5]
Gate( 2960)	 h q[3]
Gate( 2961)	 h q[10]
Gate( 2962)	 t q[6]
Gate( 2963)	 t q[9]
Gate( 2964)	 t q[10]
Gate( 2965)	cx q[9], q[6]
Gate( 2966)	cx q[10], q[9]
Gate( 2967)	cx q[6], q[10]
Gate( 2968)	tdg q[9]
Gate( 2969)	cx q[6], q[9]
Gate( 2970)	tdg q[6]
Gate( 2971)	tdg q[9]
Gate( 2972)	 t q[10]
Gate( 2973)	cx q[10], q[9]
Gate( 2974)	cx q[6], q[10]
Gate( 2975)	cx q[9], q[6]
Gate( 2976)	 h q[10]
Gate( 2977)	 h q[9]
Gate( 2978)	 t q[8]
Gate( 2979)	 t q[7]
Gate( 2980)	 t q[9]
Gate( 2981)	cx q[7], q[8]
Gate( 2982)	cx q[9], q[7]
Gate( 2983)	cx q[8], q[9]
Gate( 2984)	tdg q[7]
Gate( 2985)	cx q[8], q[7]
Gate( 2986)	tdg q[8]
Gate( 2987)	tdg q[7]
Gate( 2988)	 t q[9]
Gate( 2989)	cx q[9], q[7]
Gate( 2990)	cx q[8], q[9]
Gate( 2991)	cx q[7], q[8]
Gate( 2992)	 h q[9]
Gate( 2993)	 h q[10]
Gate( 2994)	 t q[6]
Gate( 2995)	 t q[9]
Gate( 2996)	 t q[10]
Gate( 2997)	cx q[9], q[6]
Gate( 2998)	cx q[10], q[9]
Gate( 2999)	cx q[6], q[10]
Gate( 3000)	tdg q[9]
Gate( 3001)	cx q[6], q[9]
Gate( 3002)	tdg q[6]
Gate( 3003)	tdg q[9]
Gate( 3004)	 t q[10]
Gate( 3005)	cx q[10], q[9]
Gate( 3006)	cx q[6], q[10]
Gate( 3007)	cx q[9], q[6]
Gate( 3008)	 h q[10]
Gate( 3009)	 h q[3]
Gate( 3010)	 t q[5]
Gate( 3011)	 t q[10]
Gate( 3012)	 t q[3]
Gate( 3013)	cx q[10], q[5]
Gate( 3014)	cx q[3], q[10]
Gate( 3015)	cx q[5], q[3]
Gate( 3016)	tdg q[10]
Gate( 3017)	cx q[5], q[10]
Gate( 3018)	tdg q[5]
Gate( 3019)	tdg q[10]
Gate( 3020)	 t q[3]
Gate( 3021)	cx q[3], q[10]
Gate( 3022)	cx q[5], q[3]
Gate( 3023)	cx q[10], q[5]
Gate( 3024)	 h q[3]
Gate( 3025)	 h q[10]
Gate( 3026)	 t q[6]
Gate( 3027)	 t q[9]
Gate( 3028)	 t q[10]
Gate( 3029)	cx q[9], q[6]
Gate( 3030)	cx q[10], q[9]
Gate( 3031)	cx q[6], q[10]
Gate( 3032)	tdg q[9]
Gate( 3033)	cx q[6], q[9]
Gate( 3034)	tdg q[6]
Gate( 3035)	tdg q[9]
Gate( 3036)	 t q[10]
Gate( 3037)	cx q[10], q[9]
Gate( 3038)	cx q[6], q[10]
Gate( 3039)	cx q[9], q[6]
Gate( 3040)	 h q[10]
Gate( 3041)	 h q[9]
Gate( 3042)	 t q[8]
Gate( 3043)	 t q[7]
Gate( 3044)	 t q[9]
Gate( 3045)	cx q[7], q[8]
Gate( 3046)	cx q[9], q[7]
Gate( 3047)	cx q[8], q[9]
Gate( 3048)	tdg q[7]
Gate( 3049)	cx q[8], q[7]
Gate( 3050)	tdg q[8]
Gate( 3051)	tdg q[7]
Gate( 3052)	 t q[9]
Gate( 3053)	cx q[9], q[7]
Gate( 3054)	cx q[8], q[9]
Gate( 3055)	cx q[7], q[8]
Gate( 3056)	 h q[9]
Gate( 3057)	 h q[10]
Gate( 3058)	 t q[6]
Gate( 3059)	 t q[9]
Gate( 3060)	 t q[10]
Gate( 3061)	cx q[9], q[6]
Gate( 3062)	cx q[10], q[9]
Gate( 3063)	cx q[6], q[10]
Gate( 3064)	tdg q[9]
Gate( 3065)	cx q[6], q[9]
Gate( 3066)	tdg q[6]
Gate( 3067)	tdg q[9]
Gate( 3068)	 t q[10]
Gate( 3069)	cx q[10], q[9]
Gate( 3070)	cx q[6], q[10]
Gate( 3071)	cx q[9], q[6]
Gate( 3072)	 h q[10]

*** Option ***
Input file  : ../example/z4_268.qasm
Output file : ../output/z4_268.qasm

Generating Multi-QPU Architecture: 3 QPUs, each with 9 qubits

Skipping complex QPU Degree Graph (Using simple Star Topology meta-info)

=== Multi-QPU Interconnect Edges ===
initial_mapping

================ Interaction Graph ================
[Nodes]
  Node 0 (weight=1): edges -> 0 1 11 
  Node 1 (weight=1): edges -> 10 27 28 39 40 
  Node 2 (weight=1): edges -> 8 9 17 18 21 24 25 
  Node 3 (weight=1): edges -> 3 4 13 23 34 35 38 
  Node 4 (weight=1): edges -> 0 2 4 9 12 22 26 28 
  Node 5 (weight=1): edges -> 5 6 14 16 25 33 35 39 
  Node 6 (weight=1): edges -> 14 15 18 19 22 23 30 32 
  Node 7 (weight=1): edges -> 5 7 10 11 17 19 29 36 38 
  Node 8 (weight=1): edges -> 12 13 15 16 24 31 36 37 40 
  Node 9 (weight=1): edges -> 20 21 26 27 29 30 33 34 37 
  Node 10 (weight=1): edges -> 1 2 3 6 7 8 20 31 32 

[Edges]
  Edge 0 : q0 -- q4  weight=1
  Edge 1 : q0 -- q10  weight=1
  Edge 2 : q4 -- q10  weight=111
  Edge 3 : q10 -- q3  weight=229
  Edge 4 : q3 -- q4  weight=359.8
  Edge 5 : q7 -- q5  weight=483.8
  Edge 6 : q5 -- q10  weight=476
  Edge 7 : q10 -- q7  weight=569.6
  Edge 8 : q10 -- q2  weight=323.8
  Edge 9 : q2 -- q4  weight=141.2
  Edge 10 : q1 -- q7  weight=1
  Edge 11 : q0 -- q7  weight=1
  Edge 12 : q4 -- q8  weight=105
  Edge 13 : q8 -- q3  weight=67
  Edge 14 : q5 -- q6  weight=586.2
  Edge 15 : q6 -- q8  weight=418.8
  Edge 16 : q8 -- q5  weight=573.1
  Edge 17 : q7 -- q2  weight=522.6
  Edge 18 : q2 -- q6  weight=356.3
  Edge 19 : q6 -- q7  weight=739
  Edge 20 : q10 -- q9  weight=616.2
  Edge 21 : q9 -- q2  weight=301.3
  Edge 22 : q4 -- q6  weight=105
  Edge 23 : q6 -- q3  weight=103
  Edge 24 : q8 -- q2  weight=462.4
  Edge 25 : q2 -- q5  weight=344
  Edge 26 : q4 -- q9  weight=536.4
  Edge 27 : q9 -- q1  weight=67
  Edge 28 : q1 -- q4  weight=67
  Edge 29 : q7 -- q9  weight=363.8
  Edge 30 : q6 -- q9  weight=578.39
  Edge 31 : q10 -- q8  weight=275.7
  Edge 32 : q6 -- q10  weight=330.79
  Edge 33 : q5 -- q9  weight=487.9
  Edge 34 : q9 -- q3  weight=242
  Edge 35 : q3 -- q5  weight=245.2
  Edge 36 : q8 -- q7  weight=170.1
  Edge 37 : q9 -- q8  weight=342.9
  Edge 38 : q3 -- q7  weight=9.9
  Edge 39 : q5 -- q1  weight=25.11
  Edge 40 : q1 -- q8  weight=25.11
===================================================


[METIS] Partitioning complete
Total Sum of Weight: 0

===== InteractionGraph Subsets Complete =====

===== Building inter_Sub_edge (Cross-Sub Edges) =====

========== Cross-Subgraph Weighted Sums (Sorted) ==========

===== MATCHING START =====
[MATCH] Sub0 -> QPU0
[MATCH] Sub1 -> QPU1
[MATCH] Sub2 -> QPU2

===== MATCHING DONE =====

===================== initial_mapping END =====================
[START] main_mapping - 빈 칸 활용 및 고립 방지 통합 버전
[END] main_mapping 완료. 추가된 SWAP 개수: 2147483647
*** Final Circuit ***
# add_2q_num: 2147483647
# fidelity: 0

*** Time & Memory Measure ***
tasks                          Wtime      Ctime
PARSING                        0.032      0.012
GENERATE MULTI-QPU             0.036      0.015
INITIAL MAPPING                0.039      0.018
MAIN MAPPING                  16.056     16.036
END PROGRAM                   22.355     22.278

----------------------------------------
### VmPeak         FDSize:	64
### Memory Usage           : 584.191 MB
